Archive member included to satisfy reference by file (symbol)

/home/andrea/pico/pico-reaction-tester/libmicroros/libmicroros.a(librcl-publisher.c.obj)
                              CMakeFiles/reaction-tester.dir/main.c.o (rcl_publish)
/home/andrea/pico/pico-reaction-tester/libmicroros/libmicroros.a(librclc-executor.c.obj)
                              CMakeFiles/reaction-tester.dir/main.c.o (rclc_executor_init)
/home/andrea/pico/pico-reaction-tester/libmicroros/libmicroros.a(librclc-executor_handle.c.obj)
                              /home/andrea/pico/pico-reaction-tester/libmicroros/libmicroros.a(librclc-executor.c.obj) (rclc_executor_handle_counters_zero_init)
/home/andrea/pico/pico-reaction-tester/libmicroros/libmicroros.a(librclc-init.c.obj)
                              CMakeFiles/reaction-tester.dir/main.c.o (rclc_support_init)
/home/andrea/pico/pico-reaction-tester/libmicroros/libmicroros.a(librclc-node.c.obj)
                              CMakeFiles/reaction-tester.dir/main.c.o (rclc_node_init_default)
/home/andrea/pico/pico-reaction-tester/libmicroros/libmicroros.a(librclc-publisher.c.obj)
                              CMakeFiles/reaction-tester.dir/main.c.o (rclc_publisher_init_default)
/home/andrea/pico/pico-reaction-tester/libmicroros/libmicroros.a(librclc-sleep.c.obj)
                              /home/andrea/pico/pico-reaction-tester/libmicroros/libmicroros.a(librclc-executor.c.obj) (rclc_sleep_ms)
/home/andrea/pico/pico-reaction-tester/libmicroros/libmicroros.a(librclc-subscription.c.obj)
                              CMakeFiles/reaction-tester.dir/main.c.o (rclc_subscription_init_default)
/home/andrea/pico/pico-reaction-tester/libmicroros/libmicroros.a(librcutils-allocator.c.obj)
                              CMakeFiles/reaction-tester.dir/main.c.o (rcutils_get_default_allocator)
/home/andrea/pico/pico-reaction-tester/libmicroros/libmicroros.a(librcutils-error_handling.c.obj)
                              /home/andrea/pico/pico-reaction-tester/libmicroros/libmicroros.a(librcl-publisher.c.obj) (rcutils_reset_error)
/home/andrea/pico/pico-reaction-tester/libmicroros/libmicroros.a(librcutils-time_unix.c.obj)
                              /home/andrea/pico/pico-reaction-tester/libmicroros/libmicroros.a(librclc-executor.c.obj) (rcutils_system_time_now)
/home/andrea/pico/pico-reaction-tester/libmicroros/libmicroros.a(librmw-publisher_options.c.obj)
                              /home/andrea/pico/pico-reaction-tester/libmicroros/libmicroros.a(librcl-publisher.c.obj) (rmw_get_default_publisher_options)
/home/andrea/pico/pico-reaction-tester/libmicroros/libmicroros.a(librmw_microxrcedds-rmw_publish.c.obj)
                              /home/andrea/pico/pico-reaction-tester/libmicroros/libmicroros.a(librcl-publisher.c.obj) (rmw_publish)
/home/andrea/pico/pico-reaction-tester/libmicroros/libmicroros.a(librmw_microxrcedds-rmw_publisher.c.obj)
                              /home/andrea/pico/pico-reaction-tester/libmicroros/libmicroros.a(librcl-publisher.c.obj) (rmw_create_publisher)
/home/andrea/pico/pico-reaction-tester/libmicroros/libmicroros.a(librmw_microxrcedds-types.c.obj)
                              /home/andrea/pico/pico-reaction-tester/libmicroros/libmicroros.a(librmw_microxrcedds-rmw_publisher.c.obj) (rmw_uxrce_fini_publisher_memory)
/home/andrea/pico/pico-reaction-tester/libmicroros/libmicroros.a(librmw_microxrcedds-utils.c.obj)
                              /home/andrea/pico/pico-reaction-tester/libmicroros/libmicroros.a(librmw_microxrcedds-rmw_publisher.c.obj) (run_xrce_session)
/home/andrea/pico/pico-reaction-tester/libmicroros/libmicroros.a(librosidl_runtime_c-message_type_support.c.obj)
                              /home/andrea/pico/pico-reaction-tester/libmicroros/libmicroros.a(librmw_microxrcedds-rmw_publisher.c.obj) (get_message_typesupport_handle)
/home/andrea/pico/pico-reaction-tester/libmicroros/libmicroros.a(libstd_msgs__rosidl_typesupport_c-int32__type_support.cpp.obj)
                              CMakeFiles/reaction-tester.dir/main.c.o (rosidl_typesupport_c__get_message_type_support_handle__std_msgs__msg__Int32)
/home/andrea/pico/pico-reaction-tester/libmicroros/libmicroros.a(libstd_msgs__rosidl_typesupport_introspection_c-int32__type_support.c.obj)
                              /home/andrea/pico/pico-reaction-tester/libmicroros/libmicroros.a(libstd_msgs__rosidl_typesupport_c-int32__type_support.cpp.obj) (rosidl_typesupport_introspection_c__get_message_type_support_handle__std_msgs__msg__Int32)
/home/andrea/pico/pico-reaction-tester/libmicroros/libmicroros.a(libstd_msgs__rosidl_typesupport_microxrcedds_c-int32__type_support_c.c.obj)
                              /home/andrea/pico/pico-reaction-tester/libmicroros/libmicroros.a(libstd_msgs__rosidl_typesupport_c-int32__type_support.cpp.obj) (rosidl_typesupport_microxrcedds_c__get_message_type_support_handle__std_msgs__msg__Int32)
/home/andrea/pico/pico-reaction-tester/libmicroros/libmicroros.a(libmicrocdr-basic.c.obj)
[...]
Memory Configuration

Name             Origin             Length             Attributes
FLASH            0x10000000         0x00200000         xr
RAM              0x20000000         0x00040000         xrw
SCRATCH_X        0x20040000         0x00001000         xrw
SCRATCH_Y        0x20041000         0x00001000         xrw
*default*        0x00000000         0xffffffff

Linker script and memory map

LOAD /usr/lib/gcc/arm-none-eabi/13.2.1/thumb/v6-m/nofp/crti.o
LOAD /usr/lib/gcc/arm-none-eabi/13.2.1/thumb/v6-m/nofp/crtbegin.o
LOAD /usr/lib/gcc/arm-none-eabi/13.2.1/../../../arm-none-eabi/lib/thumb/v6-m/nofp/crt0.o

.flash_begin    0x10000000        0x0
                0x10000000                        __flash_binary_start = .

.boot2          0x10000000      0x100
                0x10000000                        __boot2_start__ = .
 *(.boot2)
 .boot2         0x10000000      0x100 ../../pico-sdk/src/rp2040/boot_stage2/CMakeFiles/bs2_default_library.dir/bs2_default_padded_checksummed.S.o
                0x10000100                        __boot2_end__ = .
                0x00000001                        ASSERT (((__boot2_end__ - __boot2_start__) == 0x100), ERROR: Pico second stage bootloader must be 256 bytes in size)

.text           0x10000100    0x1a050
                0x10000100                        __logical_binary_start = .
 *(.vectors)
 .vectors       0x10000100       0xd4 CMakeFiles/reaction-tester.dir/home/andrea/pico/pico-sdk/src/rp2_common/pico_crt0/crt0.S.o
                0x10000100                __vectors
                0x10000100                __VECTOR_TABLE
                0x100001c0                isr_invalid
                0x100001c0                __default_isrs_start
                0x100001c2                isr_nmi
                0x100001c4                isr_hardfault
                0x100001c6                isr_svcall
                0x100001c8                isr_pendsv
                0x100001ca                isr_systick
                0x100001cc                isr_irq30
                0x100001cc                __unhandled_user_irq
                0x100001cc                isr_irq13
                0x100001cc                isr_irq27
                0x100001cc                isr_irq31
                0x100001cc                isr_irq5
                0x100001cc                isr_irq11
                0x100001cc                isr_irq23
                0x100001cc                isr_irq18
                0x100001cc                isr_irq28
                0x100001cc                isr_irq19
                0x100001cc                isr_irq0
                0x100001cc                isr_irq6
                0x100001cc                isr_irq22
                0x100001cc                isr_irq17
                0x100001cc                isr_irq14
                0x100001cc                isr_irq2
                0x100001cc                isr_irq10
                0x100001cc                isr_irq8
                0x100001cc                isr_irq24
                0x100001cc                isr_irq1
                0x100001cc                isr_irq7
                0x100001cc                isr_irq21
                0x100001cc                isr_irq20
                0x100001cc                isr_irq15
                0x100001cc                isr_irq25
                0x100001cc                isr_irq4
                0x100001cc                isr_irq16
                0x100001cc                isr_irq29
                0x100001cc                isr_irq26
                0x100001cc                __default_isrs_end
                0x100001cc                isr_irq3
                0x100001cc                isr_irq12
                0x100001cc                isr_irq9
                0x100001d2                unhandled_user_irq_num_in_r0
 *(.binary_info_header)
 .binary_info_header
                0x100001d4       0x14 CMakeFiles/reaction-tester.dir/home/andrea/pico/pico-sdk/src/rp2_common/pico_crt0/crt0.S.o
                0x100001e8                        __binary_info_header_end = .
 *(.embedded_block)
                0x100001e8                        __embedded_block_end = .
 *(.reset)
 .reset         0x100001e8       0x9c CMakeFiles/reaction-tester.dir/home/andrea/pico/pico-sdk/src/rp2_common/pico_crt0/crt0.S.o
                0x100001e8                _entry_point
 *(.init)
 .init          0x10000284        0x4 /usr/lib/gcc/arm-none-eabi/13.2.1/thumb/v6-m/nofp/crti.o
                0x10000284                _init
 *(EXCLUDE_FILE(*libm.a: *libc.a:*lib_a-mem*.o *libgcc.a:) .text*)
 .text          0x10000288       0x98 /usr/lib/gcc/arm-none-eabi/13.2.1/thumb/v6-m/nofp/crtbegin.o
 .text.subscription_callback
                0x10000320        0xc CMakeFiles/reaction-tester.dir/main.c.o
                0x10000320                subscription_callback
 .text.led_task
                0x1000032c       0x88 CMakeFiles/reaction-tester.dir/main.c.o
                0x1000032c                led_task
 .text.buzzer_task
                0x100003b4       0x54 CMakeFiles/reaction-tester.dir/main.c.o
                0x100003b4                buzzer_task
 .text.ros_publisher_task
                0x10000408       0x94 CMakeFiles/reaction-tester.dir/main.c.o
                0x10000408                ros_publisher_task
 .text.micro_ros_task
                0x1000049c       0xd8 CMakeFiles/reaction-tester.dir/main.c.o
                0x1000049c                micro_ros_task
 .text.button_callback
                0x10000574       0x38 CMakeFiles/reaction-tester.dir/main.c.o
                0x10000574                button_callback
 .text.startup.main
                0x100005ac       0xf8 CMakeFiles/reaction-tester.dir/main.c.o
                0x100005ac                main
 .text.gpio_default_irq_handler
                0x100006a4      0x274 CMakeFiles/reaction-tester.dir/home/andrea/pico/pico-sdk/src/rp2_common/hardware_gpio/gpio.c.o
 .text.gpio_set_pulls
                0x10000918       0x28 CMakeFiles/reaction-tester.dir/home/andrea/pico/pico-sdk/src/rp2_common/hardware_gpio/gpio.c.o
                0x10000918                gpio_set_pulls
 .text.gpio_set_irq_enabled
                0x10000940       0x58 CMakeFiles/reaction-tester.dir/home/andrea/pico/pico-sdk/src/rp2_common/hardware_gpio/gpio.c.o
                0x10000940                gpio_set_irq_enabled
 .text.gpio_set_irq_enabled_with_callback
                0x10000998       0xd0 CMakeFiles/reaction-tester.dir/home/andrea/pico/pico-sdk/src/rp2_common/hardware_gpio/gpio.c.o
                0x10000998                gpio_set_irq_enabled_with_callback
 .text.gpio_init
                0x10000a68       0x40 CMakeFiles/reaction-tester.dir/home/andrea/pico/pico-sdk/src/rp2_common/hardware_gpio/gpio.c.o
                0x10000a68                gpio_init
 .text.rp2040_chip_version
                0x10000aa8        0xc CMakeFiles/reaction-tester.dir/home/andrea/pico/pico-sdk/src/rp2040/pico_platform/platform.c.o
                0x10000aa8                rp2040_chip_version
 .text.panic    0x10000ab4       0x30 CMakeFiles/reaction-tester.dir/home/andrea/pico/pico-sdk/src/rp2_common/pico_platform_panic/panic.c.o
                0x10000ab4                panic
 .text.panic_unsupported
                0x10000ae4        0xc CMakeFiles/reaction-tester.dir/home/andrea/pico/pico-sdk/src/rp2_common/pico_platform_panic/panic.c.o
                0x10000ae4                panic_unsupported
 .text.hw_claim_or_assert
                0x10000af0       0x44 CMakeFiles/reaction-tester.dir/home/andrea/pico/pico-sdk/src/common/hardware_claim/claim.c.o
                0x10000af0                hw_claim_or_assert
 .text.hw_claim_unused_from_range
                0x10000b34       0x9c CMakeFiles/reaction-tester.dir/home/andrea/pico/pico-sdk/src/common/hardware_claim/claim.c.o
                0x10000b34                hw_claim_unused_from_range
 .text.next_striped_spin_lock_num
                0x10000bd0       0x18 CMakeFiles/reaction-tester.dir/home/andrea/pico/pico-sdk/src/rp2_common/hardware_sync/sync.c.o
                0x10000bd0                next_striped_spin_lock_num
 .text.spin_lock_claim
                0x10000be8       0x18 CMakeFiles/reaction-tester.dir/home/andrea/pico/pico-sdk/src/rp2_common/hardware_sync/sync.c.o
                0x10000be8                spin_lock_claim
 .text.spin_lock_claim_unused
                0x10000c00       0x24 CMakeFiles/reaction-tester.dir/home/andrea/pico/pico-sdk/src/rp2_common/hardware_sync/sync.c.o
                0x10000c00                spin_lock_claim_unused
 .text.spin_locks_reset
                0x10000c24       0x1c CMakeFiles/reaction-tester.dir/home/andrea/pico/pico-sdk/src/rp2_common/hardware_sync_spin_lock/sync_spin_lock.c.o
                0x10000c24                spin_locks_reset
 .text.runtime_init_per_core_irq_priorities
                0x10000c40       0x24 CMakeFiles/reaction-tester.dir/home/andrea/pico/pico-sdk/src/rp2_common/hardware_irq/irq.c.o
                0x10000c40                runtime_init_per_core_irq_priorities
 .text.irq_set_enabled
                0x10000c64       0x24 CMakeFiles/reaction-tester.dir/home/andrea/pico/pico-sdk/src/rp2_common/hardware_irq/irq.c.o
                0x10000c64                irq_set_enabled
 .text.irq_is_enabled
                0x10000c88       0x18 CMakeFiles/reaction-tester.dir/home/andrea/pico/pico-sdk/src/rp2_common/hardware_irq/irq.c.o
                0x10000c88                irq_is_enabled
 .text.irq_set_pending
                0x10000ca0       0x10 CMakeFiles/reaction-tester.dir/home/andrea/pico/pico-sdk/src/rp2_common/hardware_irq/irq.c.o
                0x10000ca0                irq_set_pending
 .text.irq_has_shared_handler
                0x10000cb0       0x24 CMakeFiles/reaction-tester.dir/home/andrea/pico/pico-sdk/src/rp2_common/hardware_irq/irq.c.o
                0x10000cb0                irq_has_shared_handler
 .text.irq_set_exclusive_handler
                0x10000cd4       0x54 CMakeFiles/reaction-tester.dir/home/andrea/pico/pico-sdk/src/rp2_common/hardware_irq/irq.c.o
                0x10000cd4                irq_set_exclusive_handler
 .text.irq_add_shared_handler
                0x10000d28      0x1f4 CMakeFiles/reaction-tester.dir/home/andrea/pico/pico-sdk/src/rp2_common/hardware_irq/irq.c.o
                0x10000d28                irq_add_shared_handler
 .text.irq_remove_handler
                0x10000f1c      0x1d4 CMakeFiles/reaction-tester.dir/home/andrea/pico/pico-sdk/src/rp2_common/hardware_irq/irq.c.o
                0x10000f1c                irq_remove_handler
 .text.irq_set_priority
                0x100010f0       0x28 CMakeFiles/reaction-tester.dir/home/andrea/pico/pico-sdk/src/rp2_common/hardware_irq/irq.c.o
                0x100010f0                irq_set_priority
 .text.irq_add_tail_to_free_list
                0x10001118       0xb4 CMakeFiles/reaction-tester.dir/home/andrea/pico/pico-sdk/src/rp2_common/hardware_irq/irq.c.o
                0x10001118                irq_add_tail_to_free_list
 .text.user_irq_claim_unused
                0x100011cc       0x2c CMakeFiles/reaction-tester.dir/home/andrea/pico/pico-sdk/src/rp2_common/hardware_irq/irq.c.o
                0x100011cc                user_irq_claim_unused
 .text.lock_init
                0x100011f8       0x10 CMakeFiles/reaction-tester.dir/home/andrea/pico/pico-sdk/src/common/pico_sync/lock_core.c.o
                0x100011f8                lock_init
 .text.runtime_init_mutex
                0x10001208       0x54 CMakeFiles/reaction-tester.dir/home/andrea/pico/pico-sdk/src/common/pico_sync/mutex.c.o
                0x10001208                runtime_init_mutex
 .text.mutex_init
                0x1000125c       0x1c CMakeFiles/reaction-tester.dir/home/andrea/pico/pico-sdk/src/common/pico_sync/mutex.c.o
                0x1000125c                mutex_init
 .text.critical_section_init
                0x10001278       0x1c CMakeFiles/reaction-tester.dir/home/andrea/pico/pico-sdk/src/common/pico_sync/critical_section.c.o
                0x10001278                critical_section_init
 .text.critical_section_init_with_lock_num
                0x10001294       0x14 CMakeFiles/reaction-tester.dir/home/andrea/pico/pico-sdk/src/common/pico_sync/critical_section.c.o
                0x10001294                critical_section_init_with_lock_num
 .text.alarm_pool_irq_handler
                0x100012a8      0x2fc CMakeFiles/reaction-tester.dir/home/andrea/pico/pico-sdk/src/common/pico_time/time.c.o
 .text.sleep_until_callback
                0x100015a4       0x24 CMakeFiles/reaction-tester.dir/home/andrea/pico/pico-sdk/src/common/pico_time/time.c.o
 .text.runtime_init_default_alarm_pool
                0x100015c8       0xdc CMakeFiles/reaction-tester.dir/home/andrea/pico/pico-sdk/src/common/pico_time/time.c.o
                0x100015c8                runtime_init_default_alarm_pool
 .text.alarm_pool_get_default
                0x100016a4        0x8 CMakeFiles/reaction-tester.dir/home/andrea/pico/pico-sdk/src/common/pico_time/time.c.o
                0x100016a4                alarm_pool_get_default
 .text.alarm_pool_add_alarm_at
                0x100016ac       0xd4 CMakeFiles/reaction-tester.dir/home/andrea/pico/pico-sdk/src/common/pico_time/time.c.o
                0x100016ac                alarm_pool_add_alarm_at
 .text.alarm_pool_add_alarm_at_force_in_context
                0x10001780       0xb0 CMakeFiles/reaction-tester.dir/home/andrea/pico/pico-sdk/src/common/pico_time/time.c.o
                0x10001780                alarm_pool_add_alarm_at_force_in_context
 .text.alarm_pool_cancel_alarm
                0x10001830       0x74 CMakeFiles/reaction-tester.dir/home/andrea/pico/pico-sdk/src/common/pico_time/time.c.o
                0x10001830                alarm_pool_cancel_alarm
 .text.alarm_pool_core_num
                0x100018a4        0x4 CMakeFiles/reaction-tester.dir/home/andrea/pico/pico-sdk/src/common/pico_time/time.c.o
                0x100018a4                alarm_pool_core_num
 .text.sleep_until
                0x100018a8       0xcc CMakeFiles/reaction-tester.dir/home/andrea/pico/pico-sdk/src/common/pico_time/time.c.o
                0x100018a8                sleep_until
 .text.sleep_ms
                0x10001974       0x38 CMakeFiles/reaction-tester.dir/home/andrea/pico/pico-sdk/src/common/pico_time/time.c.o
                0x10001974                sleep_ms
 .text.best_effort_wfe_or_timeout
                0x100019ac       0xf8 CMakeFiles/reaction-tester.dir/home/andrea/pico/pico-sdk/src/common/pico_time/time.c.o
                0x100019ac                best_effort_wfe_or_timeout
 .text.timer_hardware_alarm_claim
                0x10001aa4       0x14 CMakeFiles/reaction-tester.dir/home/andrea/pico/pico-sdk/src/rp2_common/hardware_timer/timer.c.o
                0x10001aa4                timer_hardware_alarm_claim
 .text.timer_time_us_64
                0x10001ab8       0x10 CMakeFiles/reaction-tester.dir/home/andrea/pico/pico-sdk/src/rp2_common/hardware_timer/timer.c.o
                0x10001ab8                timer_time_us_64
 .text.time_us_64
                0x10001ac8       0x14 CMakeFiles/reaction-tester.dir/home/andrea/pico/pico-sdk/src/rp2_common/hardware_timer/timer.c.o
                0x10001ac8                time_us_64
 .text.busy_wait_until
                0x10001adc       0x20 CMakeFiles/reaction-tester.dir/home/andrea/pico/pico-sdk/src/rp2_common/hardware_timer/timer.c.o
                0x10001adc                busy_wait_until
 .text.clock_configure_int_divider
                0x10001afc       0xf4 CMakeFiles/reaction-tester.dir/home/andrea/pico/pico-sdk/src/rp2_common/hardware_clocks/clocks.c.o
                0x10001afc                clock_configure_int_divider
 .text.clock_configure_undivided
                0x10001bf0       0xe8 CMakeFiles/reaction-tester.dir/home/andrea/pico/pico-sdk/src/rp2_common/hardware_clocks/clocks.c.o
                0x10001bf0                clock_configure_undivided
 .text.clock_get_hz
                0x10001cd8        0xc CMakeFiles/reaction-tester.dir/home/andrea/pico/pico-sdk/src/rp2_common/hardware_clocks/clocks.c.o
                0x10001cd8                clock_get_hz
 .text.pll_init
                0x10001ce4       0xa4 CMakeFiles/reaction-tester.dir/home/andrea/pico/pico-sdk/src/rp2_common/hardware_pll/pll.c.o
                0x10001ce4                pll_init
 .text.watchdog_reboot
                0x10001d88       0x9c CMakeFiles/reaction-tester.dir/home/andrea/pico/pico-sdk/src/rp2_common/hardware_watchdog/watchdog.c.o
                0x10001d88                watchdog_reboot
 .text.tick_start
                0x10001e24       0x10 CMakeFiles/reaction-tester.dir/home/andrea/pico/pico-sdk/src/rp2_common/hardware_ticks/ticks.c.o
                0x10001e24                tick_start
 .text.rom_func_lookup
                0x10001e34       0x10 CMakeFiles/reaction-tester.dir/home/andrea/pico/pico-sdk/src/rp2_common/pico_bootrom/bootrom.c.o
                0x10001e34                rom_func_lookup
 .text.rom_data_lookup
                0x10001e44       0x10 CMakeFiles/reaction-tester.dir/home/andrea/pico/pico-sdk/src/rp2_common/pico_bootrom/bootrom.c.o
                0x10001e44                rom_data_lookup
 .text.rom_funcs_lookup
                0x10001e54       0x44 CMakeFiles/reaction-tester.dir/home/andrea/pico/pico-sdk/src/rp2_common/pico_bootrom/bootrom.c.o
                0x10001e54                rom_funcs_lookup
 .text.rom_reset_usb_boot_extra
                0x10001e98       0x28 CMakeFiles/reaction-tester.dir/home/andrea/pico/pico-sdk/src/rp2_common/pico_bootrom/bootrom.c.o
                0x10001e98                rom_reset_usb_boot_extra
 .text.xosc_init
                0x10001ec0       0x28 CMakeFiles/reaction-tester.dir/home/andrea/pico/pico-sdk/src/rp2_common/hardware_xosc/xosc.c.o
                0x10001ec0                xosc_init
 .text.first_per_core_initializer
                0x10001ee8        0x4 CMakeFiles/reaction-tester.dir/home/andrea/pico/pico-sdk/src/rp2_common/pico_runtime/runtime.c.o
 .text.hard_assertion_failure
                0x10001eec        0xc CMakeFiles/reaction-tester.dir/home/andrea/pico/pico-sdk/src/rp2_common/pico_runtime/runtime.c.o
                0x10001eec                hard_assertion_failure
 .text.runtime_run_initializers
                0x10001ef8       0x28 CMakeFiles/reaction-tester.dir/home/andrea/pico/pico-sdk/src/rp2_common/pico_runtime/runtime.c.o
                0x10001ef8                runtime_run_initializers
 .text.runtime_run_per_core_initializers
                0x10001f20       0x28 CMakeFiles/reaction-tester.dir/home/andrea/pico/pico-sdk/src/rp2_common/pico_runtime/runtime.c.o
                0x10001f20                runtime_run_per_core_initializers
 .text.runtime_init_early_resets
                0x10001f48       0x2c CMakeFiles/reaction-tester.dir/home/andrea/pico/pico-sdk/src/rp2_common/pico_runtime_init/runtime_init.c.o
                0x10001f48                runtime_init_early_resets
 .text.runtime_init_usb_power_down
                0x10001f74       0x1c CMakeFiles/reaction-tester.dir/home/andrea/pico/pico-sdk/src/rp2_common/pico_runtime_init/runtime_init.c.o
                0x10001f74                runtime_init_usb_power_down
 .text.runtime_init_post_clock_resets
                0x10001f90       0x20 CMakeFiles/reaction-tester.dir/home/andrea/pico/pico-sdk/src/rp2_common/pico_runtime_init/runtime_init.c.o
                0x10001f90                runtime_init_post_clock_resets
 .text.runtime_init_rp2040_gpio_ie_disable
                0x10001fb0       0x14 CMakeFiles/reaction-tester.dir/home/andrea/pico/pico-sdk/src/rp2_common/pico_runtime_init/runtime_init.c.o
                0x10001fb0                runtime_init_rp2040_gpio_ie_disable
 .text.runtime_init_spin_locks_reset
                0x10001fc4        0x8 CMakeFiles/reaction-tester.dir/home/andrea/pico/pico-sdk/src/rp2_common/pico_runtime_init/runtime_init.c.o
                0x10001fc4                runtime_init_spin_locks_reset
 .text.runtime_init_install_ram_vector_table
                0x10001fcc       0x1c CMakeFiles/reaction-tester.dir/home/andrea/pico/pico-sdk/src/rp2_common/pico_runtime_init/runtime_init.c.o
                0x10001fcc                runtime_init_install_ram_vector_table
 .text.runtime_init_clocks
                0x10001fe8       0xd8 CMakeFiles/reaction-tester.dir/home/andrea/pico/pico-sdk/src/rp2_common/pico_runtime_init/runtime_init_clocks.c.o
                0x10001fe8                runtime_init_clocks
 .text          0x100020c0       0x10 CMakeFiles/reaction-tester.dir/home/andrea/pico/pico-sdk/src/rp2_common/pico_bit_ops/bit_ops_aeabi.S.o
 .text.__wrap___aeabi_idiv
                0x100020d0       0x50 CMakeFiles/reaction-tester.dir/home/andrea/pico/pico-sdk/src/rp2_common/pico_divider/divider_hardware.S.o
                0x100020d0                __wrap___aeabi_idivmod
                0x100020d0                divmod_s32s32
                0x100020d0                div_s32s32
                0x100020d0                __wrap___aeabi_idiv
                0x100020d8                divmod_s32s32_unsafe
                0x10002104                divmod_s32s32_savestate
 .text.__wrap___aeabi_uidiv
                0x10002120       0x4c CMakeFiles/reaction-tester.dir/home/andrea/pico/pico-sdk/src/rp2_common/pico_divider/divider_hardware.S.o
                0x10002120                __wrap___aeabi_uidiv
                0x10002120                __wrap___aeabi_uidivmod
                0x10002120                div_u32u32
                0x10002120                divmod_u32u32
                0x10002128                divmod_u32u32_unsafe
                0x10002150                divmod_u32u32_savestate
 .text.__wrap___aeabi_ldiv
                0x1000216c      0x424 CMakeFiles/reaction-tester.dir/home/andrea/pico/pico-sdk/src/rp2_common/pico_divider/divider_hardware.S.o
                0x1000216c                div_s64s64
                0x1000216c                divmod_s64s64
                0x1000216c                __wrap___aeabi_ldivmod
                0x1000219c                div_u64u64
                0x1000219c                divmod_u64u64
                0x1000219c                __wrap___aeabi_uldivmod
                0x100021ac                divmod_u64u64_savestate
                0x100021cc                divmod_s64s64_unsafe
                0x10002254                divmod_u64u64_unsafe
 .text.__wrap___aeabi_darithmetic
                0x10002590       0x80 CMakeFiles/reaction-tester.dir/home/andrea/pico/pico-sdk/src/rp2_common/pico_double/double_aeabi_rp2040.S.o
                0x10002590                __wrap___aeabi_drsub
                0x10002596                __wrap___aeabi_dsub
                0x100025a8                __wrap___aeabi_dadd
                0x100025ba                __wrap___aeabi_ddiv
                0x100025f6                __wrap___aeabi_dmul
 .text.__wrap___aeabi_cdcmple
                0x10002610       0x6c CMakeFiles/reaction-tester.dir/home/andrea/pico/pico-sdk/src/rp2_common/pico_double/double_aeabi_rp2040.S.o
                0x10002610                __wrap___aeabi_cdrcmple
                0x10002620                __wrap___aeabi_cdcmple
                0x10002620                __wrap___aeabi_cdcmpeq
 .text.__wrap___aeabi_dcmplt
                0x1000267c        0xc CMakeFiles/reaction-tester.dir/home/andrea/pico/pico-sdk/src/rp2_common/pico_double/double_aeabi_rp2040.S.o
                0x1000267c                __wrap___aeabi_dcmplt
 .text.__wrap___aeabi_dcmpge
                0x10002688       0x10 CMakeFiles/reaction-tester.dir/home/andrea/pico/pico-sdk/src/rp2_common/pico_double/double_aeabi_rp2040.S.o
                0x10002688                __wrap___aeabi_dcmpge
 .text.__wrap___aeabi_dcmpgt
                0x10002698        0xa CMakeFiles/reaction-tester.dir/home/andrea/pico/pico-sdk/src/rp2_common/pico_double/double_aeabi_rp2040.S.o
                0x10002698                __wrap___aeabi_dcmpgt
 .text.__wrap___aeabi_dcmpun
                0x100026a2       0x18 CMakeFiles/reaction-tester.dir/home/andrea/pico/pico-sdk/src/rp2_common/pico_double/double_aeabi_rp2040.S.o
                0x100026a2                __wrap___aeabi_dcmpun
 *fill*         0x100026ba        0x2 
 .text.__wrap___aeabi_i2d
                0x100026bc       0x38 CMakeFiles/reaction-tester.dir/home/andrea/pico/pico-sdk/src/rp2_common/pico_double/double_aeabi_rp2040.S.o
                0x100026bc                __wrap___aeabi_ui2d
                0x100026bc                uint2double
                0x100026c4                __wrap___aeabi_i2d
                0x100026c4                int2double
 .text.__wrap___aeabi_d2iz
                0x100026f4       0x48 CMakeFiles/reaction-tester.dir/home/andrea/pico/pico-sdk/src/rp2_common/pico_double/double_aeabi_rp2040.S.o
                0x100026f4                __wrap___aeabi_d2iz
                0x100026f4                double2int_z
 .text.__wrap___aeabi_d2uiz
                0x1000273c       0x18 CMakeFiles/reaction-tester.dir/home/andrea/pico/pico-sdk/src/rp2_common/pico_double/double_aeabi_rp2040.S.o
                0x1000273c                double2uint_z
                0x1000273c                double2uint
                0x1000273c                __wrap___aeabi_d2uiz
 .text.__aeabi_double_init
                0x10002754       0xa4 CMakeFiles/reaction-tester.dir/home/andrea/pico/pico-sdk/src/rp2_common/pico_double/double_init_rom_rp2040.c.o
                0x10002754                __aeabi_double_init
 .text.double_table_shim_on_use_helper
                0x100027f8       0x2c CMakeFiles/reaction-tester.dir/home/andrea/pico/pico-sdk/src/rp2_common/pico_double/double_v1_rom_shim_rp2040.S.o
                0x100027f8                double_table_shim_on_use_helper
 .text.__wrap___aeabi_dsub
                0x10002824       0x10 CMakeFiles/reaction-tester.dir/home/andrea/pico/pico-sdk/src/rp2_common/pico_double/double_v1_rom_shim_rp2040.S.o
                0x10002824                drsub_shim
                0x1000282a                dsub_shim
 .text.dadd_shim
                0x10002834      0x15c CMakeFiles/reaction-tester.dir/home/andrea/pico/pico-sdk/src/rp2_common/pico_double/double_v1_rom_shim_rp2040.S.o
                0x10002834                dadd_shim
 .text.dmul_shim
                0x10002990      0x15c CMakeFiles/reaction-tester.dir/home/andrea/pico/pico-sdk/src/rp2_common/pico_double/double_v1_rom_shim_rp2040.S.o
                0x10002990                dmul_shim
 .text.ddiv_shim
                0x10002aec      0x1b0 CMakeFiles/reaction-tester.dir/home/andrea/pico/pico-sdk/src/rp2_common/pico_double/double_v1_rom_shim_rp2040.S.o
                0x10002aec                ddiv_shim
 .text.double2uint_shim
                0x10002c9c        0xe CMakeFiles/reaction-tester.dir/home/andrea/pico/pico-sdk/src/rp2_common/pico_double/double_v1_rom_shim_rp2040.S.o
                0x10002c9c                double2uint_shim
                0x10002c9e                double2ufix_shim
 *fill*         0x10002caa        0x2 
 .text.double2uint64_shim
                0x10002cac       0x70 CMakeFiles/reaction-tester.dir/home/andrea/pico/pico-sdk/src/rp2_common/pico_double/double_v1_rom_shim_rp2040.S.o
                0x10002cac                double2uint64_shim
                0x10002cae                double2ufix64_shim
                0x10002cce                d2fix_a
 .text.dunpacks
                0x10002d1c       0x3c CMakeFiles/reaction-tester.dir/home/andrea/pico/pico-sdk/src/rp2_common/pico_double/double_v1_rom_shim_rp2040.S.o
                0x10002d1c                dunpacks
 .text.__aeabi_lmul
                0x10002d58       0x32 CMakeFiles/reaction-tester.dir/home/andrea/pico/pico-sdk/src/rp2_common/pico_int64_ops/pico_int64_ops_aeabi.S.o
                0x10002d58                __wrap___aeabi_lmul
 *fill*         0x10002d8a        0x2 
 .text.__wrap___aeabi_farithmetic
                0x10002d8c       0x48 CMakeFiles/reaction-tester.dir/home/andrea/pico/pico-sdk/src/rp2_common/pico_float/float_aeabi_rp2040.S.o
                0x10002d8c                __wrap___aeabi_frsub
                0x10002d92                __wrap___aeabi_fsub
                0x10002d98                __wrap___aeabi_fadd
                0x10002d9e                __wrap___aeabi_fdiv
                0x10002dc6                __wrap___aeabi_fmul
 .text.__wrap___aeabi_ui2f
                0x10002dd4        0xa CMakeFiles/reaction-tester.dir/home/andrea/pico/pico-sdk/src/rp2_common/pico_float/float_aeabi_rp2040.S.o
                0x10002dd4                uint2float
                0x10002dd4                __wrap___aeabi_ui2f
 *fill*         0x10002dde        0x2 
 .text.__wrap___aeabi_i2f
                0x10002de0       0x44 CMakeFiles/reaction-tester.dir/home/andrea/pico/pico-sdk/src/rp2_common/pico_float/float_aeabi_rp2040.S.o
                0x10002de0                int2float
                0x10002de0                __wrap___aeabi_i2f
 .text.__wrap___aeabi_f2iz
                0x10002e24       0x4e CMakeFiles/reaction-tester.dir/home/andrea/pico/pico-sdk/src/rp2_common/pico_float/float_aeabi_rp2040.S.o
                0x10002e24                __wrap___aeabi_f2iz
                0x10002e24                float2int_z
 *fill*         0x10002e72        0x2 
 .text.float2int
                0x10002e74       0x14 CMakeFiles/reaction-tester.dir/home/andrea/pico/pico-sdk/src/rp2_common/pico_float/float_aeabi_rp2040.S.o
                0x10002e74                float2int
 .text.__wrap___aeabi_f2uiz
                0x10002e88        0xc CMakeFiles/reaction-tester.dir/home/andrea/pico/pico-sdk/src/rp2_common/pico_float/float_aeabi_rp2040.S.o
                0x10002e88                float2uint
                0x10002e88                float2uint_z
                0x10002e88                __wrap___aeabi_f2uiz
 .text.__aeabi_float_init
                0x10002e94       0x64 CMakeFiles/reaction-tester.dir/home/andrea/pico/pico-sdk/src/rp2_common/pico_float/float_init_rom_rp2040.c.o
                0x10002e94                __aeabi_float_init
 .text.float_table_shim_on_use_helper
                0x10002ef8       0x2c CMakeFiles/reaction-tester.dir/home/andrea/pico/pico-sdk/src/rp2_common/pico_float/float_v1_rom_shim_rp2040.S.o
                0x10002ef8                float_table_shim_on_use_helper
 .text.float232_shims
                0x10002f24       0x18 CMakeFiles/reaction-tester.dir/home/andrea/pico/pico-sdk/src/rp2_common/pico_float/float_v1_rom_shim_rp2040.S.o
                0x10002f24                float2int_shim
                0x10002f26                float2fix_shim
 .text.__wrap_malloc
                0x10002f3c       0x3c CMakeFiles/reaction-tester.dir/home/andrea/pico/pico-sdk/src/rp2_common/pico_malloc/malloc.c.o
                0x10002f3c                __wrap_malloc
 .text.__wrap_calloc
                0x10002f78       0x44 CMakeFiles/reaction-tester.dir/home/andrea/pico/pico-sdk/src/rp2_common/pico_malloc/malloc.c.o
                0x10002f78                __wrap_calloc
 .text.__wrap_realloc
                0x10002fbc       0x40 CMakeFiles/reaction-tester.dir/home/andrea/pico/pico-sdk/src/rp2_common/pico_malloc/malloc.c.o
                0x10002fbc                __wrap_realloc
 .text.__wrap_free
                0x10002ffc       0x20 CMakeFiles/reaction-tester.dir/home/andrea/pico/pico-sdk/src/rp2_common/pico_malloc/malloc.c.o
                0x10002ffc                __wrap_free
 .text          0x1000301c       0x10 CMakeFiles/reaction-tester.dir/home/andrea/pico/pico-sdk/src/rp2_common/pico_mem_ops/mem_ops_aeabi.S.o
                0x1000301c                __aeabi_mem_init
 .text.memset   0x1000302c        0xc CMakeFiles/reaction-tester.dir/home/andrea/pico/pico-sdk/src/rp2_common/pico_mem_ops/mem_ops_aeabi.S.o
                0x1000302c                __wrap_memset
 .text.memcpy   0x10003038        0xc CMakeFiles/reaction-tester.dir/home/andrea/pico/pico-sdk/src/rp2_common/pico_mem_ops/mem_ops_aeabi.S.o
                0x10003038                __wrap___aeabi_memcpy
                0x10003038                __wrap_memcpy
 .text.__atomic_load_8
                0x10003044       0x28 CMakeFiles/reaction-tester.dir/home/andrea/pico/pico-sdk/src/rp2_common/pico_atomic/atomic.c.o
                0x10003044                __atomic_load_8
 .text.__atomic_store_8
                0x1000306c       0x30 CMakeFiles/reaction-tester.dir/home/andrea/pico/pico-sdk/src/rp2_common/pico_atomic/atomic.c.o
                0x1000306c                __atomic_store_8
 .text.__atomic_exchange_8
                0x1000309c       0x38 CMakeFiles/reaction-tester.dir/home/andrea/pico/pico-sdk/src/rp2_common/pico_atomic/atomic.c.o
                0x1000309c                __atomic_exchange_8
 .text._out_buffer
                0x100030d4        0x8 CMakeFiles/reaction-tester.dir/home/andrea/pico/pico-sdk/src/rp2_common/pico_printf/printf.c.o
 .text._out_null
                0x100030dc        0x4 CMakeFiles/reaction-tester.dir/home/andrea/pico/pico-sdk/src/rp2_common/pico_printf/printf.c.o
 .text._out_rev
                0x100030e0       0xac CMakeFiles/reaction-tester.dir/home/andrea/pico/pico-sdk/src/rp2_common/pico_printf/printf.c.o
 .text._ntoa_format
                0x1000318c      0x250 CMakeFiles/reaction-tester.dir/home/andrea/pico/pico-sdk/src/rp2_common/pico_printf/printf.c.o
 .text._out_char
                0x100033dc       0x10 CMakeFiles/reaction-tester.dir/home/andrea/pico/pico-sdk/src/rp2_common/pico_printf/printf.c.o
 .text._etoa    0x100033ec      0x464 CMakeFiles/reaction-tester.dir/home/andrea/pico/pico-sdk/src/rp2_common/pico_printf/printf.c.o
 .text._ftoa    0x10003850      0x3c0 CMakeFiles/reaction-tester.dir/home/andrea/pico/pico-sdk/src/rp2_common/pico_printf/printf.c.o
 .text._vsnprintf
                0x10003c10      0xbc8 CMakeFiles/reaction-tester.dir/home/andrea/pico/pico-sdk/src/rp2_common/pico_printf/printf.c.o
 .text.__wrap_snprintf
                0x100047d8       0x28 CMakeFiles/reaction-tester.dir/home/andrea/pico/pico-sdk/src/rp2_common/pico_printf/printf.c.o
                0x100047d8                __wrap_snprintf
 .text.__wrap_vsnprintf
                0x10004800       0x1c CMakeFiles/reaction-tester.dir/home/andrea/pico/pico-sdk/src/rp2_common/pico_printf/printf.c.o
                0x10004800                __wrap_vsnprintf
 .text.weak_raw_vprintf
                0x1000481c       0x30 CMakeFiles/reaction-tester.dir/home/andrea/pico/pico-sdk/src/rp2_common/pico_printf/printf.c.o
                0x1000481c                weak_raw_vprintf
 .text._exit    0x1000484c        0x4 CMakeFiles/reaction-tester.dir/home/andrea/pico/pico-sdk/src/rp2_common/pico_clib_interface/newlib_interface.c.o
                0x1000484c                _exit
 .text._sbrk    0x10004850       0x34 CMakeFiles/reaction-tester.dir/home/andrea/pico/pico-sdk/src/rp2_common/pico_clib_interface/newlib_interface.c.o
                0x10004850                _sbrk
 .text.exit     0x10004884        0x8 CMakeFiles/reaction-tester.dir/home/andrea/pico/pico-sdk/src/rp2_common/pico_clib_interface/newlib_interface.c.o
                0x10004884                exit
 .text.runtime_init
                0x1000488c       0x2c CMakeFiles/reaction-tester.dir/home/andrea/pico/pico-sdk/src/rp2_common/pico_clib_interface/newlib_interface.c.o
                0x1000488c                runtime_init
 .text.stdio_out_chars_no_crlf
                0x100048b8       0x10 CMakeFiles/reaction-tester.dir/home/andrea/pico/pico-sdk/src/rp2_common/pico_stdio/stdio.c.o
 .text.stdio_out_chars_crlf
                0x100048c8       0x94 CMakeFiles/reaction-tester.dir/home/andrea/pico/pico-sdk/src/rp2_common/pico_stdio/stdio.c.o
 .text.stdio_put_string
                0x1000495c      0x100 CMakeFiles/reaction-tester.dir/home/andrea/pico/pico-sdk/src/rp2_common/pico_stdio/stdio.c.o
                0x1000495c                stdio_put_string
 .text.stdio_set_driver_enabled
                0x10004a5c       0x30 CMakeFiles/reaction-tester.dir/home/andrea/pico/pico-sdk/src/rp2_common/pico_stdio/stdio.c.o
                0x10004a5c                stdio_set_driver_enabled
 .text.stdio_init_all
                0x10004a8c        0x8 CMakeFiles/reaction-tester.dir/home/andrea/pico/pico-sdk/src/rp2_common/pico_stdio/stdio.c.o
                0x10004a8c                stdio_init_all
 .text.__wrap_putchar
                0x10004a94       0x98 CMakeFiles/reaction-tester.dir/home/andrea/pico/pico-sdk/src/rp2_common/pico_stdio/stdio.c.o
                0x10004a94                stdio_putchar
                0x10004a94                __wrap_putchar
 .text.__wrap_puts
                0x10004b2c       0x3c CMakeFiles/reaction-tester.dir/home/andrea/pico/pico-sdk/src/rp2_common/pico_stdio/stdio.c.o
                0x10004b2c                __wrap_puts
                0x10004b2c                stdio_puts
 .text.resetd_init
                0x10004b68        0x4 CMakeFiles/reaction-tester.dir/home/andrea/pico/pico-sdk/src/rp2_common/pico_stdio_usb/reset_interface.c.o
 .text.resetd_reset
                0x10004b6c        0xc CMakeFiles/reaction-tester.dir/home/andrea/pico/pico-sdk/src/rp2_common/pico_stdio_usb/reset_interface.c.o
 .text.resetd_open
                0x10004b78       0x28 CMakeFiles/reaction-tester.dir/home/andrea/pico/pico-sdk/src/rp2_common/pico_stdio_usb/reset_interface.c.o
 .text.resetd_xfer_cb
                0x10004ba0        0x4 CMakeFiles/reaction-tester.dir/home/andrea/pico/pico-sdk/src/rp2_common/pico_stdio_usb/reset_interface.c.o
 .text.resetd_control_xfer_cb
                0x10004ba4       0x5c CMakeFiles/reaction-tester.dir/home/andrea/pico/pico-sdk/src/rp2_common/pico_stdio_usb/reset_interface.c.o
 .text.tud_descriptor_bos_cb
                0x10004c00        0x8 CMakeFiles/reaction-tester.dir/home/andrea/pico/pico-sdk/src/rp2_common/pico_stdio_usb/reset_interface.c.o
                0x10004c00                tud_descriptor_bos_cb
 .text.tud_vendor_control_xfer_cb
                0x10004c08       0x34 CMakeFiles/reaction-tester.dir/home/andrea/pico/pico-sdk/src/rp2_common/pico_stdio_usb/reset_interface.c.o
                0x10004c08                tud_vendor_control_xfer_cb
 .text.usbd_app_driver_get_cb
                0x10004c3c        0xc CMakeFiles/reaction-tester.dir/home/andrea/pico/pico-sdk/src/rp2_common/pico_stdio_usb/reset_interface.c.o
                0x10004c3c                usbd_app_driver_get_cb
 .text.tud_cdc_line_coding_cb
                0x10004c48       0x2c CMakeFiles/reaction-tester.dir/home/andrea/pico/pico-sdk/src/rp2_common/pico_stdio_usb/reset_interface.c.o
                0x10004c48                tud_cdc_line_coding_cb
 .text.stdio_usb_set_chars_available_callback
                0x10004c74       0x14 CMakeFiles/reaction-tester.dir/home/andrea/pico/pico-sdk/src/rp2_common/pico_stdio_usb/stdio_usb.c.o
                0x10004c74                stdio_usb_set_chars_available_callback
 .text.usb_irq  0x10004c88       0x10 CMakeFiles/reaction-tester.dir/home/andrea/pico/pico-sdk/src/rp2_common/pico_stdio_usb/stdio_usb.c.o
 .text.timer_task
                0x10004c98       0x64 CMakeFiles/reaction-tester.dir/home/andrea/pico/pico-sdk/src/rp2_common/pico_stdio_usb/stdio_usb.c.o
 .text.stdio_usb_in_chars
                0x10004cfc       0x90 CMakeFiles/reaction-tester.dir/home/andrea/pico/pico-sdk/src/rp2_common/pico_stdio_usb/stdio_usb.c.o
                0x10004cfc                stdio_usb_in_chars
 .text.stdio_usb_out_flush
                0x10004d8c       0x50 CMakeFiles/reaction-tester.dir/home/andrea/pico/pico-sdk/src/rp2_common/pico_stdio_usb/stdio_usb.c.o
 .text.stdio_usb_out_chars
                0x10004ddc      0x104 CMakeFiles/reaction-tester.dir/home/andrea/pico/pico-sdk/src/rp2_common/pico_stdio_usb/stdio_usb.c.o
 .text.low_priority_worker_irq
                0x10004ee0       0xcc CMakeFiles/reaction-tester.dir/home/andrea/pico/pico-sdk/src/rp2_common/pico_stdio_usb/stdio_usb.c.o
 .text.stdio_usb_init
                0x10004fac      0x140 CMakeFiles/reaction-tester.dir/home/andrea/pico/pico-sdk/src/rp2_common/pico_stdio_usb/stdio_usb.c.o
                0x10004fac                stdio_usb_init
 .text.tud_descriptor_device_cb
                0x100050ec        0x8 CMakeFiles/reaction-tester.dir/home/andrea/pico/pico-sdk/src/rp2_common/pico_stdio_usb/stdio_usb_descriptors.c.o
                0x100050ec                tud_descriptor_device_cb
 .text.tud_descriptor_configuration_cb
                0x100050f4        0x8 CMakeFiles/reaction-tester.dir/home/andrea/pico/pico-sdk/src/rp2_common/pico_stdio_usb/stdio_usb_descriptors.c.o
                0x100050f4                tud_descriptor_configuration_cb
 .text.tud_descriptor_string_cb
                0x100050fc       0x78 CMakeFiles/reaction-tester.dir/home/andrea/pico/pico-sdk/src/rp2_common/pico_stdio_usb/stdio_usb_descriptors.c.o
                0x100050fc                tud_descriptor_string_cb
 .text.startup._retrieve_unique_id_on_boot
                0x10005174       0x10 CMakeFiles/reaction-tester.dir/home/andrea/pico/pico-sdk/src/rp2_common/pico_unique_id/unique_id.c.o
 .text.pico_get_unique_board_id_string
                0x10005184      0x1a8 CMakeFiles/reaction-tester.dir/home/andrea/pico/pico-sdk/src/rp2_common/pico_unique_id/unique_id.c.o
                0x10005184                pico_get_unique_board_id_string
 .text.flash_get_unique_id
                0x1000532c       0x3c CMakeFiles/reaction-tester.dir/home/andrea/pico/pico-sdk/src/rp2_common/hardware_flash/flash.c.o
                0x1000532c                flash_get_unique_id
 .text.dcd_init
                0x10005368       0x90 CMakeFiles/reaction-tester.dir/home/andrea/pico/pico-sdk/lib/tinyusb/src/portable/raspberrypi/rp2040/dcd_rp2040.c.o
                0x10005368                dcd_init
 .text.dcd_int_enable
                0x100053f8        0xc CMakeFiles/reaction-tester.dir/home/andrea/pico/pico-sdk/lib/tinyusb/src/portable/raspberrypi/rp2040/dcd_rp2040.c.o
                0x100053f8                dcd_int_enable
 .text.dcd_set_address
                0x10005404       0x14 CMakeFiles/reaction-tester.dir/home/andrea/pico/pico-sdk/lib/tinyusb/src/portable/raspberrypi/rp2040/dcd_rp2040.c.o
                0x10005404                dcd_set_address
 .text.dcd_sof_enable
                0x10005418       0x1c CMakeFiles/reaction-tester.dir/home/andrea/pico/pico-sdk/lib/tinyusb/src/portable/raspberrypi/rp2040/dcd_rp2040.c.o
                0x10005418                dcd_sof_enable
 .text.dcd_edpt0_status_complete
                0x10005434       0x1c CMakeFiles/reaction-tester.dir/home/andrea/pico/pico-sdk/lib/tinyusb/src/portable/raspberrypi/rp2040/dcd_rp2040.c.o
                0x10005434                dcd_edpt0_status_complete
 .text.dcd_edpt_open
                0x10005450      0x114 CMakeFiles/reaction-tester.dir/home/andrea/pico/pico-sdk/lib/tinyusb/src/portable/raspberrypi/rp2040/dcd_rp2040.c.o
                0x10005450                dcd_edpt_open
 .text.dcd_edpt_close_all
                0x10005564        0x8 CMakeFiles/reaction-tester.dir/home/andrea/pico/pico-sdk/lib/tinyusb/src/portable/raspberrypi/rp2040/dcd_rp2040.c.o
                0x10005564                dcd_edpt_close_all
 .text.dcd_edpt_xfer
                0x1000556c       0x24 CMakeFiles/reaction-tester.dir/home/andrea/pico/pico-sdk/lib/tinyusb/src/portable/raspberrypi/rp2040/dcd_rp2040.c.o
                0x1000556c                dcd_edpt_xfer
 .text.dcd_edpt_stall
                0x10005590       0x34 CMakeFiles/reaction-tester.dir/home/andrea/pico/pico-sdk/lib/tinyusb/src/portable/raspberrypi/rp2040/dcd_rp2040.c.o
                0x10005590                dcd_edpt_stall
 .text.dcd_edpt_clear_stall
                0x100055c4       0x30 CMakeFiles/reaction-tester.dir/home/andrea/pico/pico-sdk/lib/tinyusb/src/portable/raspberrypi/rp2040/dcd_rp2040.c.o
                0x100055c4                dcd_edpt_clear_stall
 .text.rp2040_usb_init
                0x100055f4       0x40 CMakeFiles/reaction-tester.dir/home/andrea/pico/pico-sdk/lib/tinyusb/src/portable/raspberrypi/rp2040/rp2040_usb.c.o
                0x100055f4                rp2040_usb_init
 .text.hw_endpoint_xfer_start
                0x10005634       0x40 CMakeFiles/reaction-tester.dir/home/andrea/pico/pico-sdk/lib/tinyusb/src/portable/raspberrypi/rp2040/rp2040_usb.c.o
                0x10005634                hw_endpoint_xfer_start
 .text.tud_event_hook_cb
                0x10005674        0x4 CMakeFiles/reaction-tester.dir/home/andrea/pico/pico-sdk/lib/tinyusb/src/device/usbd.c.o
                0x10005674                tud_event_hook_cb
 .text.tud_sof_cb
                0x10005678        0x4 CMakeFiles/reaction-tester.dir/home/andrea/pico/pico-sdk/lib/tinyusb/src/device/usbd.c.o
                0x10005678                tud_sof_cb
 .text.tud_descriptor_device_qualifier_cb
                0x1000567c        0x4 CMakeFiles/reaction-tester.dir/home/andrea/pico/pico-sdk/lib/tinyusb/src/device/usbd.c.o
                0x1000567c                tud_descriptor_device_qualifier_cb
 .text.tud_descriptor_other_speed_configuration_cb
                0x10005680        0x4 CMakeFiles/reaction-tester.dir/home/andrea/pico/pico-sdk/lib/tinyusb/src/device/usbd.c.o
                0x10005680                tud_descriptor_other_speed_configuration_cb
 .text.tud_mount_cb
                0x10005684        0x4 CMakeFiles/reaction-tester.dir/home/andrea/pico/pico-sdk/lib/tinyusb/src/device/usbd.c.o
                0x10005684                tud_mount_cb
 .text.tud_umount_cb
                0x10005688        0x4 CMakeFiles/reaction-tester.dir/home/andrea/pico/pico-sdk/lib/tinyusb/src/device/usbd.c.o
                0x10005688                tud_umount_cb
 .text.tud_suspend_cb
                0x1000568c        0x4 CMakeFiles/reaction-tester.dir/home/andrea/pico/pico-sdk/lib/tinyusb/src/device/usbd.c.o
                0x1000568c                tud_suspend_cb
 .text.tud_resume_cb
                0x10005690        0x4 CMakeFiles/reaction-tester.dir/home/andrea/pico/pico-sdk/lib/tinyusb/src/device/usbd.c.o
                0x10005690                tud_resume_cb
 .text.tud_mounted
                0x10005694       0x10 CMakeFiles/reaction-tester.dir/home/andrea/pico/pico-sdk/lib/tinyusb/src/device/usbd.c.o
                0x10005694                tud_mounted
 .text.tud_suspended
                0x100056a4       0x10 CMakeFiles/reaction-tester.dir/home/andrea/pico/pico-sdk/lib/tinyusb/src/device/usbd.c.o
                0x100056a4                tud_suspended
 .text.tud_rhport_init
                0x100056b4       0xfc CMakeFiles/reaction-tester.dir/home/andrea/pico/pico-sdk/lib/tinyusb/src/device/usbd.c.o
                0x100056b4                tud_rhport_init
 .text.tud_task_ext
                0x100057b0      0x800 CMakeFiles/reaction-tester.dir/home/andrea/pico/pico-sdk/lib/tinyusb/src/device/usbd.c.o
                0x100057b0                tud_task_ext
 .text.usbd_open_edpt_pair
                0x10005fb0       0x9c CMakeFiles/reaction-tester.dir/home/andrea/pico/pico-sdk/lib/tinyusb/src/device/usbd.c.o
                0x10005fb0                usbd_open_edpt_pair
 .text.usbd_edpt_open
                0x1000604c       0x34 CMakeFiles/reaction-tester.dir/home/andrea/pico/pico-sdk/lib/tinyusb/src/device/usbd.c.o
                0x1000604c                usbd_edpt_open
 .text.usbd_edpt_claim
                0x10006080       0x28 CMakeFiles/reaction-tester.dir/home/andrea/pico/pico-sdk/lib/tinyusb/src/device/usbd.c.o
                0x10006080                usbd_edpt_claim
 .text.usbd_edpt_release
                0x100060a8       0x28 CMakeFiles/reaction-tester.dir/home/andrea/pico/pico-sdk/lib/tinyusb/src/device/usbd.c.o
                0x100060a8                usbd_edpt_release
 .text.usbd_edpt_xfer
                0x100060d0       0x4c CMakeFiles/reaction-tester.dir/home/andrea/pico/pico-sdk/lib/tinyusb/src/device/usbd.c.o
                0x100060d0                usbd_edpt_xfer
 .text.tud_control_status
                0x1000611c       0x2c CMakeFiles/reaction-tester.dir/home/andrea/pico/pico-sdk/lib/tinyusb/src/device/usbd_control.c.o
                0x1000611c                tud_control_status
 .text.tud_control_xfer
                0x10006148       0xac CMakeFiles/reaction-tester.dir/home/andrea/pico/pico-sdk/lib/tinyusb/src/device/usbd_control.c.o
                0x10006148                tud_control_xfer
 .text.usbd_control_reset
                0x100061f4       0x14 CMakeFiles/reaction-tester.dir/home/andrea/pico/pico-sdk/lib/tinyusb/src/device/usbd_control.c.o
                0x100061f4                usbd_control_reset
 .text.usbd_control_set_complete_callback
                0x10006208        0xc CMakeFiles/reaction-tester.dir/home/andrea/pico/pico-sdk/lib/tinyusb/src/device/usbd_control.c.o
                0x10006208                usbd_control_set_complete_callback
 .text.usbd_control_set_request
                0x10006214       0x1c CMakeFiles/reaction-tester.dir/home/andrea/pico/pico-sdk/lib/tinyusb/src/device/usbd_control.c.o
                0x10006214                usbd_control_set_request
 .text.usbd_control_xfer_cb
                0x10006230       0xec CMakeFiles/reaction-tester.dir/home/andrea/pico/pico-sdk/lib/tinyusb/src/device/usbd_control.c.o
                0x10006230                usbd_control_xfer_cb
 .text._prep_out_transaction.isra.0
                0x1000631c       0x6c CMakeFiles/reaction-tester.dir/home/andrea/pico/pico-sdk/lib/tinyusb/src/class/cdc/cdc_device.c.o
 .text.tud_cdc_n_connected
                0x10006388       0x2c CMakeFiles/reaction-tester.dir/home/andrea/pico/pico-sdk/lib/tinyusb/src/class/cdc/cdc_device.c.o
                0x10006388                tud_cdc_n_connected
 .text.tud_cdc_n_available
                0x100063b4       0x14 CMakeFiles/reaction-tester.dir/home/andrea/pico/pico-sdk/lib/tinyusb/src/class/cdc/cdc_device.c.o
                0x100063b4                tud_cdc_n_available
 .text.tud_cdc_n_read
                0x100063c8       0x94 CMakeFiles/reaction-tester.dir/home/andrea/pico/pico-sdk/lib/tinyusb/src/class/cdc/cdc_device.c.o
                0x100063c8                tud_cdc_n_read
 .text.tud_cdc_n_write_flush
                0x1000645c       0x74 CMakeFiles/reaction-tester.dir/home/andrea/pico/pico-sdk/lib/tinyusb/src/class/cdc/cdc_device.c.o
                0x1000645c                tud_cdc_n_write_flush
 .text.tud_cdc_n_write
                0x100064d0       0x40 CMakeFiles/reaction-tester.dir/home/andrea/pico/pico-sdk/lib/tinyusb/src/class/cdc/cdc_device.c.o
                0x100064d0                tud_cdc_n_write
 .text.tud_cdc_n_write_available
                0x10006510       0x14 CMakeFiles/reaction-tester.dir/home/andrea/pico/pico-sdk/lib/tinyusb/src/class/cdc/cdc_device.c.o
                0x10006510                tud_cdc_n_write_available
 .text.cdcd_init
                0x10006524       0x70 CMakeFiles/reaction-tester.dir/home/andrea/pico/pico-sdk/lib/tinyusb/src/class/cdc/cdc_device.c.o
                0x10006524                cdcd_init
 .text.cdcd_deinit
                0x10006594       0x34 CMakeFiles/reaction-tester.dir/home/andrea/pico/pico-sdk/lib/tinyusb/src/class/cdc/cdc_device.c.o
                0x10006594                cdcd_deinit
 .text.cdcd_reset
                0x100065c8       0x4c CMakeFiles/reaction-tester.dir/home/andrea/pico/pico-sdk/lib/tinyusb/src/class/cdc/cdc_device.c.o
                0x100065c8                cdcd_reset
 .text.cdcd_open
                0x10006614       0xa8 CMakeFiles/reaction-tester.dir/home/andrea/pico/pico-sdk/lib/tinyusb/src/class/cdc/cdc_device.c.o
                0x10006614                cdcd_open
 .text.cdcd_control_xfer_cb
                0x100066bc       0xe8 CMakeFiles/reaction-tester.dir/home/andrea/pico/pico-sdk/lib/tinyusb/src/class/cdc/cdc_device.c.o
                0x100066bc                cdcd_control_xfer_cb
 .text.cdcd_xfer_cb
                0x100067a4      0x100 CMakeFiles/reaction-tester.dir/home/andrea/pico/pico-sdk/lib/tinyusb/src/class/cdc/cdc_device.c.o
                0x100067a4                cdcd_xfer_cb
 .text.vendord_init
                0x100068a4       0x5c CMakeFiles/reaction-tester.dir/home/andrea/pico/pico-sdk/lib/tinyusb/src/class/vendor/vendor_device.c.o
                0x100068a4                vendord_init
 .text.vendord_deinit
                0x10006900       0x1c CMakeFiles/reaction-tester.dir/home/andrea/pico/pico-sdk/lib/tinyusb/src/class/vendor/vendor_device.c.o
                0x10006900                vendord_deinit
 .text.vendord_reset
                0x1000691c       0x28 CMakeFiles/reaction-tester.dir/home/andrea/pico/pico-sdk/lib/tinyusb/src/class/vendor/vendor_device.c.o
                0x1000691c                vendord_reset
 .text.vendord_open
                0x10006944      0x128 CMakeFiles/reaction-tester.dir/home/andrea/pico/pico-sdk/lib/tinyusb/src/class/vendor/vendor_device.c.o
                0x10006944                vendord_open
 .text.vendord_xfer_cb
                0x10006a6c       0x9c CMakeFiles/reaction-tester.dir/home/andrea/pico/pico-sdk/lib/tinyusb/src/class/vendor/vendor_device.c.o
                0x10006a6c                vendord_xfer_cb
 .text.tusb_rhport_init
                0x10006b08       0x48 CMakeFiles/reaction-tester.dir/home/andrea/pico/pico-sdk/lib/tinyusb/src/tusb.c.o
                0x10006b08                tusb_rhport_init
 .text.tu_edpt_claim
                0x10006b50       0x50 CMakeFiles/reaction-tester.dir/home/andrea/pico/pico-sdk/lib/tinyusb/src/tusb.c.o
                0x10006b50                tu_edpt_claim
 .text.tu_edpt_release
                0x10006ba0       0x38 CMakeFiles/reaction-tester.dir/home/andrea/pico/pico-sdk/lib/tinyusb/src/tusb.c.o
                0x10006ba0                tu_edpt_release
 .text.tu_edpt_validate
                0x10006bd8       0x7c CMakeFiles/reaction-tester.dir/home/andrea/pico/pico-sdk/lib/tinyusb/src/tusb.c.o
                0x10006bd8                tu_edpt_validate
 .text.tu_edpt_bind_driver
                0x10006c54       0x34 CMakeFiles/reaction-tester.dir/home/andrea/pico/pico-sdk/lib/tinyusb/src/tusb.c.o
                0x10006c54                tu_edpt_bind_driver
 .text.tu_edpt_stream_init
                0x10006c88       0x6c CMakeFiles/reaction-tester.dir/home/andrea/pico/pico-sdk/lib/tinyusb/src/tusb.c.o
                0x10006c88                tu_edpt_stream_init
 .text.tu_edpt_stream_deinit
                0x10006cf4        0x4 CMakeFiles/reaction-tester.dir/home/andrea/pico/pico-sdk/lib/tinyusb/src/tusb.c.o
                0x10006cf4                tu_edpt_stream_deinit
 .text.tu_edpt_stream_write_zlp_if_needed
                0x10006cf8       0x68 CMakeFiles/reaction-tester.dir/home/andrea/pico/pico-sdk/lib/tinyusb/src/tusb.c.o
                0x10006cf8                tu_edpt_stream_write_zlp_if_needed
 .text.tu_edpt_stream_write_xfer
                0x10006d60       0x64 CMakeFiles/reaction-tester.dir/home/andrea/pico/pico-sdk/lib/tinyusb/src/tusb.c.o
                0x10006d60                tu_edpt_stream_write_xfer
 .text.tu_edpt_stream_read_xfer
                0x10006dc4       0xdc CMakeFiles/reaction-tester.dir/home/andrea/pico/pico-sdk/lib/tinyusb/src/tusb.c.o
                0x10006dc4                tu_edpt_stream_read_xfer
 .text.tu_fifo_config
                0x10006ea0       0x6c CMakeFiles/reaction-tester.dir/home/andrea/pico/pico-sdk/lib/tinyusb/src/common/tusb_fifo.c.o
                0x10006ea0                tu_fifo_config
 .text.tu_fifo_count
                0x10006f0c       0x2c CMakeFiles/reaction-tester.dir/home/andrea/pico/pico-sdk/lib/tinyusb/src/common/tusb_fifo.c.o
                0x10006f0c                tu_fifo_count
 .text.tu_fifo_empty
                0x10006f38       0x10 CMakeFiles/reaction-tester.dir/home/andrea/pico/pico-sdk/lib/tinyusb/src/common/tusb_fifo.c.o
                0x10006f38                tu_fifo_empty
 .text.tu_fifo_remaining
                0x10006f48       0x2c CMakeFiles/reaction-tester.dir/home/andrea/pico/pico-sdk/lib/tinyusb/src/common/tusb_fifo.c.o
                0x10006f48                tu_fifo_remaining
 .text.tu_fifo_read
                0x10006f74       0x9c CMakeFiles/reaction-tester.dir/home/andrea/pico/pico-sdk/lib/tinyusb/src/common/tusb_fifo.c.o
                0x10006f74                tu_fifo_read
 .text.tu_fifo_read_n
                0x10007010       0xe8 CMakeFiles/reaction-tester.dir/home/andrea/pico/pico-sdk/lib/tinyusb/src/common/tusb_fifo.c.o
                0x10007010                tu_fifo_read_n
 .text.tu_fifo_write
                0x100070f8       0xa8 CMakeFiles/reaction-tester.dir/home/andrea/pico/pico-sdk/lib/tinyusb/src/common/tusb_fifo.c.o
                0x100070f8                tu_fifo_write
 .text.tu_fifo_write_n
                0x100071a0      0x178 CMakeFiles/reaction-tester.dir/home/andrea/pico/pico-sdk/lib/tinyusb/src/common/tusb_fifo.c.o
                0x100071a0                tu_fifo_write_n
 .text.tu_fifo_clear
                0x10007318       0x40 CMakeFiles/reaction-tester.dir/home/andrea/pico/pico-sdk/lib/tinyusb/src/common/tusb_fifo.c.o
                0x10007318                tu_fifo_clear
 .text.tu_fifo_set_overwritable
                0x10007358       0x48 CMakeFiles/reaction-tester.dir/home/andrea/pico/pico-sdk/lib/tinyusb/src/common/tusb_fifo.c.o
                0x10007358                tu_fifo_set_overwritable
 .text.vPortStartFirstTask
                0x100073a0       0x38 CMakeFiles/reaction-tester.dir/__/__/FreeRTOS-Kernel/portable/ThirdParty/GCC/RP2040/port.c.o
 .text.prvFIFOInterruptHandler
                0x100073d8       0x2c CMakeFiles/reaction-tester.dir/__/__/FreeRTOS-Kernel/portable/ThirdParty/GCC/RP2040/port.c.o
 *fill*         0x10007404        0xc 
 .text.xPortPendSVHandler
                0x10007410       0x78 CMakeFiles/reaction-tester.dir/__/__/FreeRTOS-Kernel/portable/ThirdParty/GCC/RP2040/port.c.o
                0x10007410                xPortPendSVHandler
 .text.prvTaskExitError
                0x10007488        0x8 CMakeFiles/reaction-tester.dir/__/__/FreeRTOS-Kernel/portable/ThirdParty/GCC/RP2040/port.c.o
 .text.xPortSysTickHandler
                0x10007490       0x24 CMakeFiles/reaction-tester.dir/__/__/FreeRTOS-Kernel/portable/ThirdParty/GCC/RP2040/port.c.o
                0x10007490                xPortSysTickHandler
 .text.vPortSVCHandler
                0x100074b4        0x4 CMakeFiles/reaction-tester.dir/__/__/FreeRTOS-Kernel/portable/ThirdParty/GCC/RP2040/port.c.o
                0x100074b4                vPortSVCHandler
 .text.pxPortInitialiseStack
                0x100074b8       0x20 CMakeFiles/reaction-tester.dir/__/__/FreeRTOS-Kernel/portable/ThirdParty/GCC/RP2040/port.c.o
                0x100074b8                pxPortInitialiseStack
 .text.vPortYield
                0x100074d8       0x18 CMakeFiles/reaction-tester.dir/__/__/FreeRTOS-Kernel/portable/ThirdParty/GCC/RP2040/port.c.o
                0x100074d8                vPortYield
 .text.ulSetInterruptMaskFromISR
                0x100074f0        0x8 CMakeFiles/reaction-tester.dir/__/__/FreeRTOS-Kernel/portable/ThirdParty/GCC/RP2040/port.c.o
                0x100074f0                ulSetInterruptMaskFromISR
 .text.vClearInterruptMaskFromISR
                0x100074f8        0x8 CMakeFiles/reaction-tester.dir/__/__/FreeRTOS-Kernel/portable/ThirdParty/GCC/RP2040/port.c.o
                0x100074f8                vClearInterruptMaskFromISR
 .text.vYieldCore
                0x10007500        0xc CMakeFiles/reaction-tester.dir/__/__/FreeRTOS-Kernel/portable/ThirdParty/GCC/RP2040/port.c.o
                0x10007500                vYieldCore
 .text.vPortSetupTimerInterrupt
                0x1000750c       0x34 CMakeFiles/reaction-tester.dir/__/__/FreeRTOS-Kernel/portable/ThirdParty/GCC/RP2040/port.c.o
                0x1000750c                vPortSetupTimerInterrupt
 .text.xPortStartSchedulerOnCore.isra.0
                0x10007540       0xa4 CMakeFiles/reaction-tester.dir/__/__/FreeRTOS-Kernel/portable/ThirdParty/GCC/RP2040/port.c.o
 .text.prvDisableInterruptsAndPortStartSchedulerOnCore
                0x100075e4        0x8 CMakeFiles/reaction-tester.dir/__/__/FreeRTOS-Kernel/portable/ThirdParty/GCC/RP2040/port.c.o
 .text.xPortStartScheduler
                0x100075ec       0x2c CMakeFiles/reaction-tester.dir/__/__/FreeRTOS-Kernel/portable/ThirdParty/GCC/RP2040/port.c.o
                0x100075ec                xPortStartScheduler
 .text.ulPortLockGetCurrentOwnerId
                0x10007618       0x30 CMakeFiles/reaction-tester.dir/__/__/FreeRTOS-Kernel/portable/ThirdParty/GCC/RP2040/port.c.o
                0x10007618                ulPortLockGetCurrentOwnerId
 .text.vPortLockInternalSpinUnlockWithWait
                0x10007648       0x64 CMakeFiles/reaction-tester.dir/__/__/FreeRTOS-Kernel/portable/ThirdParty/GCC/RP2040/port.c.o
                0x10007648                vPortLockInternalSpinUnlockWithWait
 .text.vPortLockInternalSpinUnlockWithNotify
                0x100076ac       0x88 CMakeFiles/reaction-tester.dir/__/__/FreeRTOS-Kernel/portable/ThirdParty/GCC/RP2040/port.c.o
                0x100076ac                vPortLockInternalSpinUnlockWithNotify
 .text.xPortLockInternalSpinUnlockWithBestEffortWaitOrTimeout
                0x10007734       0xe4 CMakeFiles/reaction-tester.dir/__/__/FreeRTOS-Kernel/portable/ThirdParty/GCC/RP2040/port.c.o
                0x10007734                xPortLockInternalSpinUnlockWithBestEffortWaitOrTimeout
 .text.startup.prvRuntimeInitializer
                0x10007818       0x18 CMakeFiles/reaction-tester.dir/__/__/FreeRTOS-Kernel/portable/ThirdParty/GCC/RP2040/port.c.o
 .text.vEventGroupSetBitsCallback
                0x10007830       0x90 CMakeFiles/reaction-tester.dir/__/__/FreeRTOS-Kernel/event_groups.c.o
                0x10007830                vEventGroupSetBitsCallback
 .text.xEventGroupCreateStatic
                0x100078c0       0x20 CMakeFiles/reaction-tester.dir/__/__/FreeRTOS-Kernel/event_groups.c.o
                0x100078c0                xEventGroupCreateStatic
 .text.xEventGroupWaitBits
                0x100078e0       0xb8 CMakeFiles/reaction-tester.dir/__/__/FreeRTOS-Kernel/event_groups.c.o
                0x100078e0                xEventGroupWaitBits
 .text.xEventGroupSetBits
                0x10007998       0x9c CMakeFiles/reaction-tester.dir/__/__/FreeRTOS-Kernel/event_groups.c.o
                0x10007998                xEventGroupSetBits
 .text.xEventGroupSetBitsFromISR
                0x10007a34       0x18 CMakeFiles/reaction-tester.dir/__/__/FreeRTOS-Kernel/event_groups.c.o
                0x10007a34                xEventGroupSetBitsFromISR
 .text.vListInitialise
                0x10007a4c       0x18 CMakeFiles/reaction-tester.dir/__/__/FreeRTOS-Kernel/list.c.o
                0x10007a4c                vListInitialise
 .text.vListInitialiseItem
                0x10007a64        0x8 CMakeFiles/reaction-tester.dir/__/__/FreeRTOS-Kernel/list.c.o
                0x10007a64                vListInitialiseItem
 .text.vListInsertEnd
                0x10007a6c       0x18 CMakeFiles/reaction-tester.dir/__/__/FreeRTOS-Kernel/list.c.o
                0x10007a6c                vListInsertEnd
 .text.vListInsert
                0x10007a84       0x30 CMakeFiles/reaction-tester.dir/__/__/FreeRTOS-Kernel/list.c.o
                0x10007a84                vListInsert
 .text.uxListRemove
                0x10007ab4       0x20 CMakeFiles/reaction-tester.dir/__/__/FreeRTOS-Kernel/list.c.o
                0x10007ab4                uxListRemove
 .text.prvUnlockQueue
                0x10007ad4      0x180 CMakeFiles/reaction-tester.dir/__/__/FreeRTOS-Kernel/queue.c.o
 .text.prvNotifyQueueSetContainer
                0x10007c54       0x90 CMakeFiles/reaction-tester.dir/__/__/FreeRTOS-Kernel/queue.c.o
 .text.xQueueGenericCreateStatic
                0x10007ce4       0xb4 CMakeFiles/reaction-tester.dir/__/__/FreeRTOS-Kernel/queue.c.o
                0x10007ce4                xQueueGenericCreateStatic
 .text.xQueueGenericCreate
                0x10007d98       0xa8 CMakeFiles/reaction-tester.dir/__/__/FreeRTOS-Kernel/queue.c.o
                0x10007d98                xQueueGenericCreate
 .text.xQueueGenericSend
                0x10007e40      0x1d8 CMakeFiles/reaction-tester.dir/__/__/FreeRTOS-Kernel/queue.c.o
                0x10007e40                xQueueGenericSend
 .text.xQueueCreateMutexStatic
                0x10008018       0x78 CMakeFiles/reaction-tester.dir/__/__/FreeRTOS-Kernel/queue.c.o
                0x10008018                xQueueCreateMutexStatic
 .text.xQueueGiveMutexRecursive
                0x10008090       0x34 CMakeFiles/reaction-tester.dir/__/__/FreeRTOS-Kernel/queue.c.o
                0x10008090                xQueueGiveMutexRecursive
 .text.xQueueGenericSendFromISR
                0x100080c4      0x134 CMakeFiles/reaction-tester.dir/__/__/FreeRTOS-Kernel/queue.c.o
                0x100080c4                xQueueGenericSendFromISR
 .text.xQueueReceive
                0x100081f8      0x11c CMakeFiles/reaction-tester.dir/__/__/FreeRTOS-Kernel/queue.c.o
                0x100081f8                xQueueReceive
 .text.xQueueSemaphoreTake
                0x10008314      0x14c CMakeFiles/reaction-tester.dir/__/__/FreeRTOS-Kernel/queue.c.o
                0x10008314                xQueueSemaphoreTake
 .text.xQueueTakeMutexRecursive
                0x10008460       0x30 CMakeFiles/reaction-tester.dir/__/__/FreeRTOS-Kernel/queue.c.o
                0x10008460                xQueueTakeMutexRecursive
 .text.vQueueAddToRegistry
                0x10008490      0x118 CMakeFiles/reaction-tester.dir/__/__/FreeRTOS-Kernel/queue.c.o
                0x10008490                vQueueAddToRegistry
 .text.vQueueWaitForMessageRestricted
                0x100085a8       0x48 CMakeFiles/reaction-tester.dir/__/__/FreeRTOS-Kernel/queue.c.o
                0x100085a8                vQueueWaitForMessageRestricted
 .text.prvPassiveIdleTask
                0x100085f0       0x20 CMakeFiles/reaction-tester.dir/__/__/FreeRTOS-Kernel/tasks.c.o
 .text.prvYieldForTask
                0x10008610       0xc0 CMakeFiles/reaction-tester.dir/__/__/FreeRTOS-Kernel/tasks.c.o
 .text.prvAddCurrentTaskToDelayedList
                0x100086d0      0x144 CMakeFiles/reaction-tester.dir/__/__/FreeRTOS-Kernel/tasks.c.o
 .text.prvInitialiseNewTask.constprop.0
                0x10008814      0x124 CMakeFiles/reaction-tester.dir/__/__/FreeRTOS-Kernel/tasks.c.o
 .text.prvCheckForRunStateChange
                0x10008938      0x15c CMakeFiles/reaction-tester.dir/__/__/FreeRTOS-Kernel/tasks.c.o
 .text.xTaskIncrementTick.part.0
                0x10008a94      0x1f0 CMakeFiles/reaction-tester.dir/__/__/FreeRTOS-Kernel/tasks.c.o
 .text.vTaskSuspendAll.part.0
                0x10008c84       0xb8 CMakeFiles/reaction-tester.dir/__/__/FreeRTOS-Kernel/tasks.c.o
 .text.vTaskSuspendAll
                0x10008d3c       0xc4 CMakeFiles/reaction-tester.dir/__/__/FreeRTOS-Kernel/tasks.c.o
                0x10008d3c                vTaskSuspendAll
 .text.xTaskGetTickCount
                0x10008e00        0xc CMakeFiles/reaction-tester.dir/__/__/FreeRTOS-Kernel/tasks.c.o
                0x10008e00                xTaskGetTickCount
 .text.uxTaskGetNumberOfTasks
                0x10008e0c        0xc CMakeFiles/reaction-tester.dir/__/__/FreeRTOS-Kernel/tasks.c.o
                0x10008e0c                uxTaskGetNumberOfTasks
 .text.xTaskIncrementTick
                0x10008e18       0x24 CMakeFiles/reaction-tester.dir/__/__/FreeRTOS-Kernel/tasks.c.o
                0x10008e18                xTaskIncrementTick
 .text.vTaskSwitchContext
                0x10008e3c      0x2fc CMakeFiles/reaction-tester.dir/__/__/FreeRTOS-Kernel/tasks.c.o
                0x10008e3c                vTaskSwitchContext
 .text.vTaskPlaceOnEventList
                0x10009138      0x148 CMakeFiles/reaction-tester.dir/__/__/FreeRTOS-Kernel/tasks.c.o
                0x10009138                vTaskPlaceOnEventList
 .text.vTaskPlaceOnUnorderedEventList
                0x10009280       0x9c CMakeFiles/reaction-tester.dir/__/__/FreeRTOS-Kernel/tasks.c.o
                0x10009280                vTaskPlaceOnUnorderedEventList
 .text.vTaskPlaceOnEventListRestricted
                0x1000931c       0x8c CMakeFiles/reaction-tester.dir/__/__/FreeRTOS-Kernel/tasks.c.o
                0x1000931c                vTaskPlaceOnEventListRestricted
 .text.xTaskRemoveFromEventList
                0x100093a8       0xcc CMakeFiles/reaction-tester.dir/__/__/FreeRTOS-Kernel/tasks.c.o
                0x100093a8                xTaskRemoveFromEventList
 .text.vTaskInternalSetTimeOutState
                0x10009474       0x18 CMakeFiles/reaction-tester.dir/__/__/FreeRTOS-Kernel/tasks.c.o
                0x10009474                vTaskInternalSetTimeOutState
 .text.xTaskCheckForTimeOut
                0x1000948c      0x204 CMakeFiles/reaction-tester.dir/__/__/FreeRTOS-Kernel/tasks.c.o
                0x1000948c                xTaskCheckForTimeOut
 .text.vTaskMissedYield
                0x10009690       0x14 CMakeFiles/reaction-tester.dir/__/__/FreeRTOS-Kernel/tasks.c.o
                0x10009690                vTaskMissedYield
 .text.xTaskGetCurrentTaskHandle
                0x100096a4       0x1c CMakeFiles/reaction-tester.dir/__/__/FreeRTOS-Kernel/tasks.c.o
                0x100096a4                xTaskGetCurrentTaskHandle
 .text.xTaskPriorityInherit
                0x100096c0       0xfc CMakeFiles/reaction-tester.dir/__/__/FreeRTOS-Kernel/tasks.c.o
                0x100096c0                xTaskPriorityInherit
 .text.xTaskPriorityDisinherit
                0x100097bc       0xb8 CMakeFiles/reaction-tester.dir/__/__/FreeRTOS-Kernel/tasks.c.o
                0x100097bc                xTaskPriorityDisinherit
 .text.vTaskPriorityDisinheritAfterTimeout
                0x10009874       0xcc CMakeFiles/reaction-tester.dir/__/__/FreeRTOS-Kernel/tasks.c.o
                0x10009874                vTaskPriorityDisinheritAfterTimeout
 .text.vTaskYieldWithinAPI
                0x10009940       0x34 CMakeFiles/reaction-tester.dir/__/__/FreeRTOS-Kernel/tasks.c.o
                0x10009940                vTaskYieldWithinAPI
 .text.vTaskEnterCritical
                0x10009974       0xbc CMakeFiles/reaction-tester.dir/__/__/FreeRTOS-Kernel/tasks.c.o
                0x10009974                vTaskEnterCritical
 .text.vTaskEnterCriticalFromISR
                0x10009a30       0x70 CMakeFiles/reaction-tester.dir/__/__/FreeRTOS-Kernel/tasks.c.o
                0x10009a30                vTaskEnterCriticalFromISR
 .text.vTaskExitCritical
                0x10009aa0       0x88 CMakeFiles/reaction-tester.dir/__/__/FreeRTOS-Kernel/tasks.c.o
                0x10009aa0                vTaskExitCritical
 .text.prvAddNewTaskToReadyList
                0x10009b28       0xec CMakeFiles/reaction-tester.dir/__/__/FreeRTOS-Kernel/tasks.c.o
 .text.xTaskCreateStaticAffinitySet
                0x10009c14      0x15c CMakeFiles/reaction-tester.dir/__/__/FreeRTOS-Kernel/tasks.c.o
                0x10009c14                xTaskCreateStaticAffinitySet
 .text.xTaskCreate
                0x10009d70       0x6c CMakeFiles/reaction-tester.dir/__/__/FreeRTOS-Kernel/tasks.c.o
                0x10009d70                xTaskCreate
 .text.vTaskStartScheduler
                0x10009ddc      0x144 CMakeFiles/reaction-tester.dir/__/__/FreeRTOS-Kernel/tasks.c.o
                0x10009ddc                vTaskStartScheduler
 .text.xTaskResumeAll.part.0
                0x10009f20      0x1ac CMakeFiles/reaction-tester.dir/__/__/FreeRTOS-Kernel/tasks.c.o
 .text.xTaskResumeAll
                0x1000a0cc       0x18 CMakeFiles/reaction-tester.dir/__/__/FreeRTOS-Kernel/tasks.c.o
                0x1000a0cc                xTaskResumeAll
 .text.vTaskDelay
                0x1000a0e4       0x70 CMakeFiles/reaction-tester.dir/__/__/FreeRTOS-Kernel/tasks.c.o
                0x1000a0e4                vTaskDelay
 .text.vTaskRemoveFromUnorderedEventList
                0x1000a154       0x8c CMakeFiles/reaction-tester.dir/__/__/FreeRTOS-Kernel/tasks.c.o
                0x1000a154                vTaskRemoveFromUnorderedEventList
 .text.prvIdleTask
                0x1000a1e0      0x228 CMakeFiles/reaction-tester.dir/__/__/FreeRTOS-Kernel/tasks.c.o
 .text.vTaskExitCriticalFromISR
                0x1000a408       0x58 CMakeFiles/reaction-tester.dir/__/__/FreeRTOS-Kernel/tasks.c.o
                0x1000a408                vTaskExitCriticalFromISR
 .text.uxTaskResetEventItemValue
                0x1000a460       0x48 CMakeFiles/reaction-tester.dir/__/__/FreeRTOS-Kernel/tasks.c.o
                0x1000a460                uxTaskResetEventItemValue
 .text.pvTaskIncrementMutexHeldCount
                0x1000a4a8       0x28 CMakeFiles/reaction-tester.dir/__/__/FreeRTOS-Kernel/tasks.c.o
                0x1000a4a8                pvTaskIncrementMutexHeldCount
 .text.vApplicationGetTimerTaskMemory
                0x1000a4d0       0x18 CMakeFiles/reaction-tester.dir/__/__/FreeRTOS-Kernel/tasks.c.o
                0x1000a4d0                vApplicationGetTimerTaskMemory
 .text.prvTimerTask
                0x1000a4e8      0x3b4 CMakeFiles/reaction-tester.dir/__/__/FreeRTOS-Kernel/timers.c.o
 .text.xTimerCreateTimerTask
                0x1000a89c       0xb4 CMakeFiles/reaction-tester.dir/__/__/FreeRTOS-Kernel/timers.c.o
                0x1000a89c                xTimerCreateTimerTask
 .text.xTimerPendFunctionCallFromISR
                0x1000a950       0x28 CMakeFiles/reaction-tester.dir/__/__/FreeRTOS-Kernel/timers.c.o
                0x1000a950                xTimerPendFunctionCallFromISR
 .text.exception_set_exclusive_handler
                0x1000a978       0x48 CMakeFiles/reaction-tester.dir/home/andrea/pico/pico-sdk/src/rp2_common/hardware_exception/exception.c.o
                0x1000a978                exception_set_exclusive_handler
 .text.core1_trampoline
                0x1000a9c0        0x4 CMakeFiles/reaction-tester.dir/home/andrea/pico/pico-sdk/src/rp2_common/pico_multicore/multicore.c.o
 .text.core1_wrapper
                0x1000a9c4        0xc CMakeFiles/reaction-tester.dir/home/andrea/pico/pico-sdk/src/rp2_common/pico_multicore/multicore.c.o
                0x1000a9c4                core1_wrapper
 .text.multicore_reset_core1
                0x1000a9d0       0x60 CMakeFiles/reaction-tester.dir/home/andrea/pico/pico-sdk/src/rp2_common/pico_multicore/multicore.c.o
                0x1000a9d0                multicore_reset_core1
 .text.multicore_launch_core1_raw
                0x1000aa30       0x84 CMakeFiles/reaction-tester.dir/home/andrea/pico/pico-sdk/src/rp2_common/pico_multicore/multicore.c.o
                0x1000aa30                multicore_launch_core1_raw
 .text.multicore_launch_core1
                0x1000aab4       0x58 CMakeFiles/reaction-tester.dir/home/andrea/pico/pico-sdk/src/rp2_common/pico_multicore/multicore.c.o
                0x1000aab4                multicore_launch_core1
 .text.pvPortMalloc
                0x1000ab0c      0x124 CMakeFiles/reaction-tester.dir/__/__/FreeRTOS-Kernel/portable/MemMang/heap_4.c.o
                0x1000ab0c                pvPortMalloc
 .text.vPortFree
                0x1000ac30       0x98 CMakeFiles/reaction-tester.dir/__/__/FreeRTOS-Kernel/portable/MemMang/heap_4.c.o
                0x1000ac30                vPortFree
 .text.rcl_get_zero_initialized_publisher
                0x1000acc8        0xc /home/andrea/pico/pico-reaction-tester/libmicroros/libmicroros.a(librcl-publisher.c.obj)
                0x1000acc8                rcl_get_zero_initialized_publisher
 .text.rcl_publisher_init
                0x1000acd4      0x13c /home/andrea/pico/pico-reaction-tester/libmicroros/libmicroros.a(librcl-publisher.c.obj)
                0x1000acd4                rcl_publisher_init
 .text.rcl_publisher_get_default_options
                0x1000ae10       0x74 /home/andrea/pico/pico-reaction-tester/libmicroros/libmicroros.a(librcl-publisher.c.obj)
                0x1000ae10                rcl_publisher_get_default_options
 .text.rcl_publish
                0x1000ae84       0x4c /home/andrea/pico/pico-reaction-tester/libmicroros/libmicroros.a(librcl-publisher.c.obj)
                0x1000ae84                rcl_publish
 .text.rcl_publisher_is_valid
                0x1000aed0       0x30 /home/andrea/pico/pico-reaction-tester/libmicroros/libmicroros.a(librcl-publisher.c.obj)
                0x1000aed0                rcl_publisher_is_valid
 .text.rcl_publisher_is_valid_except_context
                0x1000af00       0x1c /home/andrea/pico/pico-reaction-tester/libmicroros/libmicroros.a(librcl-publisher.c.obj)
                0x1000af00                rcl_publisher_is_valid_except_context
 .text._rclc_check_for_new_data
                0x1000af1c       0x94 /home/andrea/pico/pico-reaction-tester/libmicroros/libmicroros.a(librclc-executor.c.obj)
 .text._rclc_take_new_data
                0x1000afb0      0x2dc /home/andrea/pico/pico-reaction-tester/libmicroros/libmicroros.a(librclc-executor.c.obj)
 .text.rclc_executor_trigger_any
                0x1000b28c       0x6c /home/andrea/pico/pico-reaction-tester/libmicroros/libmicroros.a(librclc-executor.c.obj)
                0x1000b28c                rclc_executor_trigger_any
 .text._rclc_execute
                0x1000b2f8      0x300 /home/andrea/pico/pico-reaction-tester/libmicroros/libmicroros.a(librclc-executor.c.obj)
 .text.rclc_executor_init
                0x1000b5f8       0xc0 /home/andrea/pico/pico-reaction-tester/libmicroros/libmicroros.a(librclc-executor.c.obj)
                0x1000b5f8                rclc_executor_init
 .text.rclc_executor_add_subscription
                0x1000b6b8       0x74 /home/andrea/pico/pico-reaction-tester/libmicroros/libmicroros.a(librclc-executor.c.obj)
                0x1000b6b8                rclc_executor_add_subscription
 .text.rclc_executor_prepare
                0x1000b72c       0x8c /home/andrea/pico/pico-reaction-tester/libmicroros/libmicroros.a(librclc-executor.c.obj)
                0x1000b72c                rclc_executor_prepare
 .text.rclc_executor_spin_some
                0x1000b7b8      0x2d0 /home/andrea/pico/pico-reaction-tester/libmicroros/libmicroros.a(librclc-executor.c.obj)
                0x1000b7b8                rclc_executor_spin_some
 .text.rclc_executor_handle_counters_zero_init
                0x1000ba88       0x18 /home/andrea/pico/pico-reaction-tester/libmicroros/libmicroros.a(librclc-executor_handle.c.obj)
                0x1000ba88                rclc_executor_handle_counters_zero_init
 .text.rclc_executor_handle_init
                0x1000baa0       0x20 /home/andrea/pico/pico-reaction-tester/libmicroros/libmicroros.a(librclc-executor_handle.c.obj)
                0x1000baa0                rclc_executor_handle_init
 .text.rclc_support_init
                0x1000bac0       0x94 /home/andrea/pico/pico-reaction-tester/libmicroros/libmicroros.a(librclc-init.c.obj)
                0x1000bac0                rclc_support_init
 .text.rclc_node_init_default
                0x1000bb54       0x74 /home/andrea/pico/pico-reaction-tester/libmicroros/libmicroros.a(librclc-node.c.obj)
                0x1000bb54                rclc_node_init_default
 .text.rclc_publisher_init_default
                0x1000bbc8       0x68 /home/andrea/pico/pico-reaction-tester/libmicroros/libmicroros.a(librclc-publisher.c.obj)
                0x1000bbc8                rclc_publisher_init_default
 .text.rclc_subscription_init_default
                0x1000bc30       0x68 /home/andrea/pico/pico-reaction-tester/libmicroros/libmicroros.a(librclc-subscription.c.obj)
                0x1000bc30                rclc_subscription_init_default
 .text.__default_zero_allocate
                0x1000bc98        0x8 /home/andrea/pico/pico-reaction-tester/libmicroros/libmicroros.a(librcutils-allocator.c.obj)
 .text.__default_reallocate
                0x1000bca0        0x8 /home/andrea/pico/pico-reaction-tester/libmicroros/libmicroros.a(librcutils-allocator.c.obj)
 .text.__default_deallocate
                0x1000bca8        0x8 /home/andrea/pico/pico-reaction-tester/libmicroros/libmicroros.a(librcutils-allocator.c.obj)
 .text.__default_allocate
                0x1000bcb0        0x8 /home/andrea/pico/pico-reaction-tester/libmicroros/libmicroros.a(librcutils-allocator.c.obj)
 .text.rcutils_get_zero_initialized_allocator
                0x1000bcb8       0x14 /home/andrea/pico/pico-reaction-tester/libmicroros/libmicroros.a(librcutils-allocator.c.obj)
                0x1000bcb8                rcutils_get_zero_initialized_allocator
 .text.rcutils_get_default_allocator
                0x1000bccc       0x14 /home/andrea/pico/pico-reaction-tester/libmicroros/libmicroros.a(librcutils-allocator.c.obj)
                0x1000bccc                rcutils_get_default_allocator
 .text.rcutils_allocator_is_valid
                0x1000bce0       0x24 /home/andrea/pico/pico-reaction-tester/libmicroros/libmicroros.a(librcutils-allocator.c.obj)
                0x1000bce0                rcutils_allocator_is_valid
 .text.rcutils_get_error_string
                0x1000bd04       0x34 /home/andrea/pico/pico-reaction-tester/libmicroros/libmicroros.a(librcutils-error_handling.c.obj)
                0x1000bd04                rcutils_get_error_string
 .text.rcutils_reset_error
                0x1000bd38       0x38 /home/andrea/pico/pico-reaction-tester/libmicroros/libmicroros.a(librcutils-error_handling.c.obj)
                0x1000bd38                rcutils_reset_error
 .text.rcutils_system_time_now
                0x1000bd70       0x58 /home/andrea/pico/pico-reaction-tester/libmicroros/libmicroros.a(librcutils-time_unix.c.obj)
                0x1000bd70                rcutils_system_time_now
 .text.rcutils_steady_time_now
                0x1000bdc8       0x58 /home/andrea/pico/pico-reaction-tester/libmicroros/libmicroros.a(librcutils-time_unix.c.obj)
                0x1000bdc8                rcutils_steady_time_now
 .text.rmw_get_default_publisher_options
                0x1000be20        0x8 /home/andrea/pico/pico-reaction-tester/libmicroros/libmicroros.a(librmw-publisher_options.c.obj)
                0x1000be20                rmw_get_default_publisher_options
 .text.flush_session
                0x1000be28        0xc /home/andrea/pico/pico-reaction-tester/libmicroros/libmicroros.a(librmw_microxrcedds-rmw_publish.c.obj)
                0x1000be28                flush_session
 .text.rmw_publish
                0x1000be34       0xec /home/andrea/pico/pico-reaction-tester/libmicroros/libmicroros.a(librmw_microxrcedds-rmw_publish.c.obj)
                0x1000be34                rmw_publish
 .text.rmw_create_publisher
                0x1000bf20      0x204 /home/andrea/pico/pico-reaction-tester/libmicroros/libmicroros.a(librmw_microxrcedds-rmw_publisher.c.obj)
                0x1000bf20                rmw_create_publisher
 .text.rmw_publisher_get_actual_qos
                0x1000c124       0x20 /home/andrea/pico/pico-reaction-tester/libmicroros/libmicroros.a(librmw_microxrcedds-rmw_publisher.c.obj)
                0x1000c124                rmw_publisher_get_actual_qos
 .text.rmw_destroy_publisher
                0x1000c144       0xe4 /home/andrea/pico/pico-reaction-tester/libmicroros/libmicroros.a(librmw_microxrcedds-rmw_publisher.c.obj)
                0x1000c144                rmw_destroy_publisher
 .text.rmw_uxrce_init_service_memory
                0x1000c228       0x4c /home/andrea/pico/pico-reaction-tester/libmicroros/libmicroros.a(librmw_microxrcedds-types.c.obj)
                0x1000c228                rmw_uxrce_init_service_memory
 .text.rmw_uxrce_init_client_memory
                0x1000c274       0x4c /home/andrea/pico/pico-reaction-tester/libmicroros/libmicroros.a(librmw_microxrcedds-types.c.obj)
                0x1000c274                rmw_uxrce_init_client_memory
 .text.rmw_uxrce_init_publisher_memory
                0x1000c2c0       0x4c /home/andrea/pico/pico-reaction-tester/libmicroros/libmicroros.a(librmw_microxrcedds-types.c.obj)
                0x1000c2c0                rmw_uxrce_init_publisher_memory
 .text.rmw_uxrce_init_subscription_memory
                0x1000c30c       0x4c /home/andrea/pico/pico-reaction-tester/libmicroros/libmicroros.a(librmw_microxrcedds-types.c.obj)
                0x1000c30c                rmw_uxrce_init_subscription_memory
 .text.rmw_uxrce_init_node_memory
                0x1000c358       0x4c /home/andrea/pico/pico-reaction-tester/libmicroros/libmicroros.a(librmw_microxrcedds-types.c.obj)
                0x1000c358                rmw_uxrce_init_node_memory
 .text.rmw_uxrce_init_session_memory
                0x1000c3a4       0x54 /home/andrea/pico/pico-reaction-tester/libmicroros/libmicroros.a(librmw_microxrcedds-types.c.obj)
                0x1000c3a4                rmw_uxrce_init_session_memory
 .text.rmw_uxrce_init_topic_memory
                0x1000c3f8       0x4c /home/andrea/pico/pico-reaction-tester/libmicroros/libmicroros.a(librmw_microxrcedds-types.c.obj)
                0x1000c3f8                rmw_uxrce_init_topic_memory
 .text.rmw_uxrce_init_static_input_buffer_memory
                0x1000c444       0x54 /home/andrea/pico/pico-reaction-tester/libmicroros/libmicroros.a(librmw_microxrcedds-types.c.obj)
                0x1000c444                rmw_uxrce_init_static_input_buffer_memory
 .text.rmw_uxrce_init_init_options_impl_memory
                0x1000c498       0x4c /home/andrea/pico/pico-reaction-tester/libmicroros/libmicroros.a(librmw_microxrcedds-types.c.obj)
                0x1000c498                rmw_uxrce_init_init_options_impl_memory
 .text.rmw_uxrce_init_wait_set_memory
                0x1000c4e4       0x4c /home/andrea/pico/pico-reaction-tester/libmicroros/libmicroros.a(librmw_microxrcedds-types.c.obj)
                0x1000c4e4                rmw_uxrce_init_wait_set_memory
 .text.rmw_uxrce_init_guard_condition_memory
                0x1000c530       0x4c /home/andrea/pico/pico-reaction-tester/libmicroros/libmicroros.a(librmw_microxrcedds-types.c.obj)
                0x1000c530                rmw_uxrce_init_guard_condition_memory
 .text.rmw_uxrce_fini_session_memory
                0x1000c57c       0x14 /home/andrea/pico/pico-reaction-tester/libmicroros/libmicroros.a(librmw_microxrcedds-types.c.obj)
                0x1000c57c                rmw_uxrce_fini_session_memory
 .text.rmw_uxrce_fini_node_memory
                0x1000c590       0x34 /home/andrea/pico/pico-reaction-tester/libmicroros/libmicroros.a(librmw_microxrcedds-types.c.obj)
                0x1000c590                rmw_uxrce_fini_node_memory
 .text.rmw_uxrce_fini_publisher_memory
                0x1000c5c4       0x34 /home/andrea/pico/pico-reaction-tester/libmicroros/libmicroros.a(librmw_microxrcedds-types.c.obj)
                0x1000c5c4                rmw_uxrce_fini_publisher_memory
 .text.rmw_uxrce_fini_subscription_memory
                0x1000c5f8       0x34 /home/andrea/pico/pico-reaction-tester/libmicroros/libmicroros.a(librmw_microxrcedds-types.c.obj)
                0x1000c5f8                rmw_uxrce_fini_subscription_memory
 .text.rmw_uxrce_fini_service_memory
                0x1000c62c       0x34 /home/andrea/pico/pico-reaction-tester/libmicroros/libmicroros.a(librmw_microxrcedds-types.c.obj)
                0x1000c62c                rmw_uxrce_fini_service_memory
 .text.rmw_uxrce_fini_client_memory
                0x1000c660       0x34 /home/andrea/pico/pico-reaction-tester/libmicroros/libmicroros.a(librmw_microxrcedds-types.c.obj)
                0x1000c660                rmw_uxrce_fini_client_memory
 .text.rmw_uxrce_fini_topic_memory
                0x1000c694       0x18 /home/andrea/pico/pico-reaction-tester/libmicroros/libmicroros.a(librmw_microxrcedds-types.c.obj)
                0x1000c694                rmw_uxrce_fini_topic_memory
 .text.rmw_uxrce_get_static_input_buffer_for_entity
                0x1000c6ac       0xf0 /home/andrea/pico/pico-reaction-tester/libmicroros/libmicroros.a(librmw_microxrcedds-types.c.obj)
                0x1000c6ac                rmw_uxrce_get_static_input_buffer_for_entity
 .text.rmw_uxrce_find_static_input_buffer_by_owner
                0x1000c79c       0x78 /home/andrea/pico/pico-reaction-tester/libmicroros/libmicroros.a(librmw_microxrcedds-types.c.obj)
                0x1000c79c                rmw_uxrce_find_static_input_buffer_by_owner
 .text.rmw_uxrce_clean_expired_static_input_buffer
                0x1000c814      0x120 /home/andrea/pico/pico-reaction-tester/libmicroros/libmicroros.a(librmw_microxrcedds-types.c.obj)
                0x1000c814                rmw_uxrce_clean_expired_static_input_buffer
 .text.run_xrce_session
                0x1000c934       0x44 /home/andrea/pico/pico-reaction-tester/libmicroros/libmicroros.a(librmw_microxrcedds-utils.c.obj)
                0x1000c934                run_xrce_session
 .text.convert_qos_profile
                0x1000c978       0x28 /home/andrea/pico/pico-reaction-tester/libmicroros/libmicroros.a(librmw_microxrcedds-utils.c.obj)
                0x1000c978                convert_qos_profile
 .text.generate_type_name
                0x1000c9a0       0x68 /home/andrea/pico/pico-reaction-tester/libmicroros/libmicroros.a(librmw_microxrcedds-utils.c.obj)
                0x1000c9a0                generate_type_name
 .text.generate_topic_name
                0x1000ca08       0x38 /home/andrea/pico/pico-reaction-tester/libmicroros/libmicroros.a(librmw_microxrcedds-utils.c.obj)
                0x1000ca08                generate_topic_name
 .text.is_uxrce_rmw_identifier_valid
                0x1000ca40       0x20 /home/andrea/pico/pico-reaction-tester/libmicroros/libmicroros.a(librmw_microxrcedds-utils.c.obj)
                0x1000ca40                is_uxrce_rmw_identifier_valid
 .text.get_message_typesupport_handle
                0x1000ca60        0x8 /home/andrea/pico/pico-reaction-tester/libmicroros/libmicroros.a(librosidl_runtime_c-message_type_support.c.obj)
                0x1000ca60                get_message_typesupport_handle
 .text.get_message_typesupport_handle_function
                0x1000ca68       0x18 /home/andrea/pico/pico-reaction-tester/libmicroros/libmicroros.a(librosidl_runtime_c-message_type_support.c.obj)
                0x1000ca68                get_message_typesupport_handle_function
 .text.rosidl_typesupport_c__get_message_type_support_handle__std_msgs__msg__Int32
                0x1000ca80       0x1c /home/andrea/pico/pico-reaction-tester/libmicroros/libmicroros.a(libstd_msgs__rosidl_typesupport_c-int32__type_support.cpp.obj)
                0x1000ca80                rosidl_typesupport_c__get_message_type_support_handle__std_msgs__msg__Int32
 .text.startup._GLOBAL__sub_I_rosidl_typesupport_c__get_message_type_support_handle__std_msgs__msg__Int32
                0x1000ca9c       0x14 /home/andrea/pico/pico-reaction-tester/libmicroros/libmicroros.a(libstd_msgs__rosidl_typesupport_c-int32__type_support.cpp.obj)
 .text.std_msgs__msg__Int32__rosidl_typesupport_introspection_c__Int32_init_function
                0x1000cab0        0x8 /home/andrea/pico/pico-reaction-tester/libmicroros/libmicroros.a(libstd_msgs__rosidl_typesupport_introspection_c-int32__type_support.c.obj)
                0x1000cab0                std_msgs__msg__Int32__rosidl_typesupport_introspection_c__Int32_init_function
 .text.std_msgs__msg__Int32__rosidl_typesupport_introspection_c__Int32_fini_function
                0x1000cab8        0x8 /home/andrea/pico/pico-reaction-tester/libmicroros/libmicroros.a(libstd_msgs__rosidl_typesupport_introspection_c-int32__type_support.c.obj)
                0x1000cab8                std_msgs__msg__Int32__rosidl_typesupport_introspection_c__Int32_fini_function
 .text.rosidl_typesupport_introspection_c__get_message_type_support_handle__std_msgs__msg__Int32
                0x1000cac0       0x1c /home/andrea/pico/pico-reaction-tester/libmicroros/libmicroros.a(libstd_msgs__rosidl_typesupport_introspection_c-int32__type_support.c.obj)
                0x1000cac0                rosidl_typesupport_introspection_c__get_message_type_support_handle__std_msgs__msg__Int32
 .text._Int32__max_serialized_size
                0x1000cadc       0x10 /home/andrea/pico/pico-reaction-tester/libmicroros/libmicroros.a(libstd_msgs__rosidl_typesupport_microxrcedds_c-int32__type_support_c.c.obj)
 .text._Int32__cdr_deserialize
                0x1000caec       0x10 /home/andrea/pico/pico-reaction-tester/libmicroros/libmicroros.a(libstd_msgs__rosidl_typesupport_microxrcedds_c-int32__type_support_c.c.obj)
 .text.get_serialized_size_std_msgs__msg__Int32
                0x1000cafc       0x18 /home/andrea/pico/pico-reaction-tester/libmicroros/libmicroros.a(libstd_msgs__rosidl_typesupport_microxrcedds_c-int32__type_support_c.c.obj)
                0x1000cafc                get_serialized_size_std_msgs__msg__Int32
 .text._Int32__cdr_serialize
                0x1000cb14       0x18 /home/andrea/pico/pico-reaction-tester/libmicroros/libmicroros.a(libstd_msgs__rosidl_typesupport_microxrcedds_c-int32__type_support_c.c.obj)
 .text._Int32__get_serialized_size
                0x1000cb2c       0x18 /home/andrea/pico/pico-reaction-tester/libmicroros/libmicroros.a(libstd_msgs__rosidl_typesupport_microxrcedds_c-int32__type_support_c.c.obj)
 .text.rosidl_typesupport_microxrcedds_c__get_message_type_support_handle__std_msgs__msg__Int32
                0x1000cb44        0x8 /home/andrea/pico/pico-reaction-tester/libmicroros/libmicroros.a(libstd_msgs__rosidl_typesupport_microxrcedds_c-int32__type_support_c.c.obj)
                0x1000cb44                rosidl_typesupport_microxrcedds_c__get_message_type_support_handle__std_msgs__msg__Int32
 .text.ucdr_serialize_bool
                0x1000cb4c       0x2c /home/andrea/pico/pico-reaction-tester/libmicroros/libmicroros.a(libmicrocdr-basic.c.obj)
                0x1000cb4c                ucdr_serialize_bool
 .text.ucdr_deserialize_bool
                0x1000cb78       0x30 /home/andrea/pico/pico-reaction-tester/libmicroros/libmicroros.a(libmicrocdr-basic.c.obj)
                0x1000cb78                ucdr_deserialize_bool
 .text.ucdr_serialize_uint8_t
                0x1000cba8       0x2c /home/andrea/pico/pico-reaction-tester/libmicroros/libmicroros.a(libmicrocdr-basic.c.obj)
                0x1000cba8                ucdr_serialize_uint8_t
 .text.ucdr_deserialize_uint8_t