Archive member included to satisfy reference by file (symbol)

/home/andrea/pico/pico-reaction-tester/libmicroros/libmicroros.a(librcl-publisher.c.obj)
                              CMakeFiles/reaction-tester.dir/main.c.o (rcl_publish)
/home/andrea/pico/pico-reaction-tester/libmicroros/libmicroros.a(librclc-executor.c.obj)
                              CMakeFiles/reaction-tester.dir/main.c.o (rclc_executor_init)
/home/andrea/pico/pico-reaction-tester/libmicroros/libmicroros.a(librclc-executor_handle.c.obj)
                              /home/andrea/pico/pico-reaction-tester/libmicroros/libmicroros.a(librclc-executor.c.obj) (rclc_executor_handle_counters_zero_init)
/home/andrea/pico/pico-reaction-tester/libmicroros/libmicroros.a(librclc-init.c.obj)
                              CMakeFiles/reaction-tester.dir/main.c.o (rclc_support_init)
/home/andrea/pico/pico-reaction-tester/libmicroros/libmicroros.a(librclc-node.c.obj)
                              CMakeFiles/reaction-tester.dir/main.c.o (rclc_node_init_default)
/home/andrea/pico/pico-reaction-tester/libmicroros/libmicroros.a(librclc-publisher.c.obj)
                              CMakeFiles/reaction-tester.dir/main.c.o (rclc_publisher_init_default)
/home/andrea/pico/pico-reaction-tester/libmicroros/libmicroros.a(librclc-sleep.c.obj)
                              /home/andrea/pico/pico-reaction-tester/libmicroros/libmicroros.a(librclc-executor.c.obj) (rclc_sleep_ms)
/home/andrea/pico/pico-reaction-tester/libmicroros/libmicroros.a(librclc-subscription.c.obj)
                              CMakeFiles/reaction-tester.dir/main.c.o (rclc_subscription_init_default)
/home/andrea/pico/pico-reaction-tester/libmicroros/libmicroros.a(librcutils-allocator.c.obj)
                              CMakeFiles/reaction-tester.dir/main.c.o (rcutils_get_default_allocator)
/home/andrea/pico/pico-reaction-tester/libmicroros/libmicroros.a(librcutils-error_handling.c.obj)
                              /home/andrea/pico/pico-reaction-tester/libmicroros/libmicroros.a(librcl-publisher.c.obj) (rcutils_reset_error)
/home/andrea/pico/pico-reaction-tester/libmicroros/libmicroros.a(librcutils-time_unix.c.obj)
                              /home/andrea/pico/pico-reaction-tester/libmicroros/libmicroros.a(librclc-executor.c.obj) (rcutils_system_time_now)
/home/andrea/pico/pico-reaction-tester/libmicroros/libmicroros.a(librmw-publisher_options.c.obj)
                              /home/andrea/pico/pico-reaction-tester/libmicroros/libmicroros.a(librcl-publisher.c.obj) (rmw_get_default_publisher_options)
/home/andrea/pico/pico-reaction-tester/libmicroros/libmicroros.a(librmw_microxrcedds-custom_transport.c.obj)
                              CMakeFiles/reaction-tester.dir/main.c.o (rmw_uros_set_custom_transport)
/home/andrea/pico/pico-reaction-tester/libmicroros/libmicroros.a(librmw_microxrcedds-rmw_publish.c.obj)
                              /home/andrea/pico/pico-reaction-tester/libmicroros/libmicroros.a(librcl-publisher.c.obj) (rmw_publish)
/home/andrea/pico/pico-reaction-tester/libmicroros/libmicroros.a(librmw_microxrcedds-rmw_publisher.c.obj)
                              /home/andrea/pico/pico-reaction-tester/libmicroros/libmicroros.a(librcl-publisher.c.obj) (rmw_create_publisher)
/home/andrea/pico/pico-reaction-tester/libmicroros/libmicroros.a(librmw_microxrcedds-types.c.obj)
                              /home/andrea/pico/pico-reaction-tester/libmicroros/libmicroros.a(librmw_microxrcedds-rmw_publisher.c.obj) (rmw_uxrce_fini_publisher_memory)
/home/andrea/pico/pico-reaction-tester/libmicroros/libmicroros.a(librmw_microxrcedds-utils.c.obj)
                              /home/andrea/pico/pico-reaction-tester/libmicroros/libmicroros.a(librmw_microxrcedds-rmw_publisher.c.obj) (run_xrce_session)
/home/andrea/pico/pico-reaction-tester/libmicroros/libmicroros.a(librosidl_runtime_c-message_type_support.c.obj)
                              /home/andrea/pico/pico-reaction-tester/libmicroros/libmicroros.a(librmw_microxrcedds-rmw_publisher.c.obj) (get_message_typesupport_handle)
/home/andrea/pico/pico-reaction-tester/libmicroros/libmicroros.a(libstd_msgs__rosidl_typesupport_c-int32__type_support.cpp.obj)
                              CMakeFiles/reaction-tester.dir/main.c.o (rosidl_typesupport_c__get_message_type_support_handle__std_msgs__msg__Int32)
/home/andrea/pico/pico-reaction-tester/libmicroros/libmicroros.a(libstd_msgs__rosidl_typesupport_introspection_c-int32__type_support.c.obj)
                              /home/andrea/pico/pico-reaction-tester/libmicroros/libmicroros.a(libstd_msgs__rosidl_typesupport_c-int32__type_support.cpp.obj) (rosidl_typesupport_introspection_c__get_message_type_support_handle__std_msgs__msg__Int32)
/home/andrea/pico/pico-reaction-tester/libmicroros/libmicroros.a(libstd_msgs__rosidl_typesupport_microxrcedds_c-int32__type_support_c.c.obj)
[...]
Memory Configuration

Name             Origin             Length             Attributes
FLASH            0x10000000         0x00200000         xr
RAM              0x20000000         0x00040000         xrw
SCRATCH_X        0x20040000         0x00001000         xrw
SCRATCH_Y        0x20041000         0x00001000         xrw
*default*        0x00000000         0xffffffff

Linker script and memory map

LOAD /usr/lib/gcc/arm-none-eabi/13.2.1/thumb/v6-m/nofp/crti.o
LOAD /usr/lib/gcc/arm-none-eabi/13.2.1/thumb/v6-m/nofp/crtbegin.o
LOAD /usr/lib/gcc/arm-none-eabi/13.2.1/../../../arm-none-eabi/lib/thumb/v6-m/nofp/crt0.o

.flash_begin    0x10000000        0x0
                0x10000000                        __flash_binary_start = .

.boot2          0x10000000      0x100
                0x10000000                        __boot2_start__ = .
 *(.boot2)
 .boot2         0x10000000      0x100 ../../pico-sdk/src/rp2040/boot_stage2/CMakeFiles/bs2_default_library.dir/bs2_default_padded_checksummed.S.o
                0x10000100                        __boot2_end__ = .
                0x00000001                        ASSERT (((__boot2_end__ - __boot2_start__) == 0x100), ERROR: Pico second stage bootloader must be 256 bytes in size)

.text           0x10000100    0x1a6e0
                0x10000100                        __logical_binary_start = .
 *(.vectors)
 .vectors       0x10000100       0xd4 CMakeFiles/reaction-tester.dir/home/andrea/pico/pico-sdk/src/rp2_common/pico_crt0/crt0.S.o
                0x10000100                __vectors
                0x10000100                __VECTOR_TABLE
                0x100001c0                isr_invalid
                0x100001c0                __default_isrs_start
                0x100001c2                isr_nmi
                0x100001c4                isr_hardfault
                0x100001c6                isr_svcall
                0x100001c8                isr_pendsv
                0x100001ca                isr_systick
                0x100001cc                isr_irq30
                0x100001cc                __unhandled_user_irq
                0x100001cc                isr_irq13
                0x100001cc                isr_irq27
                0x100001cc                isr_irq31
                0x100001cc                isr_irq5
                0x100001cc                isr_irq11
                0x100001cc                isr_irq23
                0x100001cc                isr_irq18
                0x100001cc                isr_irq28
                0x100001cc                isr_irq19
                0x100001cc                isr_irq0
                0x100001cc                isr_irq6
                0x100001cc                isr_irq22
                0x100001cc                isr_irq17
                0x100001cc                isr_irq14
                0x100001cc                isr_irq2
                0x100001cc                isr_irq10
                0x100001cc                isr_irq8
                0x100001cc                isr_irq24
                0x100001cc                isr_irq1
                0x100001cc                isr_irq7
                0x100001cc                isr_irq21
                0x100001cc                isr_irq20
                0x100001cc                isr_irq15
                0x100001cc                isr_irq25
                0x100001cc                isr_irq4
                0x100001cc                isr_irq16
                0x100001cc                isr_irq29
                0x100001cc                isr_irq26
                0x100001cc                __default_isrs_end
                0x100001cc                isr_irq3
                0x100001cc                isr_irq12
                0x100001cc                isr_irq9
                0x100001d2                unhandled_user_irq_num_in_r0
 *(.binary_info_header)
 .binary_info_header
                0x100001d4       0x14 CMakeFiles/reaction-tester.dir/home/andrea/pico/pico-sdk/src/rp2_common/pico_crt0/crt0.S.o
                0x100001e8                        __binary_info_header_end = .
 *(.embedded_block)
                0x100001e8                        __embedded_block_end = .
 *(.reset)
 .reset         0x100001e8       0x9c CMakeFiles/reaction-tester.dir/home/andrea/pico/pico-sdk/src/rp2_common/pico_crt0/crt0.S.o
                0x100001e8                _entry_point
 *(.init)
 .init          0x10000284        0x4 /usr/lib/gcc/arm-none-eabi/13.2.1/thumb/v6-m/nofp/crti.o
                0x10000284                _init
 *(EXCLUDE_FILE(*libm.a: *libc.a:*lib_a-mem*.o *libgcc.a:) .text*)
 .text          0x10000288       0x98 /usr/lib/gcc/arm-none-eabi/13.2.1/thumb/v6-m/nofp/crtbegin.o
 .text.subscription_callback
                0x10000320        0xc CMakeFiles/reaction-tester.dir/main.c.o
                0x10000320                subscription_callback
 .text.ros_publisher_task
                0x1000032c       0xfc CMakeFiles/reaction-tester.dir/main.c.o
                0x1000032c                ros_publisher_task
 .text.micro_ros_task
                0x10000428      0x17c CMakeFiles/reaction-tester.dir/main.c.o
                0x10000428                micro_ros_task
 .text.buzzer_task
                0x100005a4       0xd4 CMakeFiles/reaction-tester.dir/main.c.o
                0x100005a4                buzzer_task
 .text.led_task
                0x10000678       0x70 CMakeFiles/reaction-tester.dir/main.c.o
                0x10000678                led_task
 .text.button_callback
                0x100006e8       0xb4 CMakeFiles/reaction-tester.dir/main.c.o
                0x100006e8                button_callback
 .text.pwm_buzzer_init
                0x1000079c       0x2c CMakeFiles/reaction-tester.dir/main.c.o
                0x1000079c                pwm_buzzer_init
 .text.startup.main
                0x100007c8      0x12c CMakeFiles/reaction-tester.dir/main.c.o
                0x100007c8                main
 .text.clock_gettime
                0x100008f4       0x28 CMakeFiles/reaction-tester.dir/__/__/pico_uart_transport.c.o
                0x100008f4                clock_gettime
 .text.pico_serial_transport_open
                0x1000091c       0x1c CMakeFiles/reaction-tester.dir/__/__/pico_uart_transport.c.o
                0x1000091c                pico_serial_transport_open
 .text.pico_serial_transport_close
                0x10000938        0x4 CMakeFiles/reaction-tester.dir/__/__/pico_uart_transport.c.o
                0x10000938                pico_serial_transport_close
 .text.pico_serial_transport_write
                0x1000093c       0x38 CMakeFiles/reaction-tester.dir/__/__/pico_uart_transport.c.o
                0x1000093c                pico_serial_transport_write
 .text.pico_serial_transport_read
                0x10000974       0x64 CMakeFiles/reaction-tester.dir/__/__/pico_uart_transport.c.o
                0x10000974                pico_serial_transport_read
 .text.gpio_default_irq_handler
                0x100009d8      0x274 CMakeFiles/reaction-tester.dir/home/andrea/pico/pico-sdk/src/rp2_common/hardware_gpio/gpio.c.o
 .text.gpio_set_function
                0x10000c4c       0x34 CMakeFiles/reaction-tester.dir/home/andrea/pico/pico-sdk/src/rp2_common/hardware_gpio/gpio.c.o
                0x10000c4c                gpio_set_function
 .text.gpio_set_pulls
                0x10000c80       0x28 CMakeFiles/reaction-tester.dir/home/andrea/pico/pico-sdk/src/rp2_common/hardware_gpio/gpio.c.o
                0x10000c80                gpio_set_pulls
 .text.gpio_set_irq_enabled
                0x10000ca8       0x58 CMakeFiles/reaction-tester.dir/home/andrea/pico/pico-sdk/src/rp2_common/hardware_gpio/gpio.c.o
                0x10000ca8                gpio_set_irq_enabled
 .text.gpio_set_irq_enabled_with_callback
                0x10000d00       0xd0 CMakeFiles/reaction-tester.dir/home/andrea/pico/pico-sdk/src/rp2_common/hardware_gpio/gpio.c.o
                0x10000d00                gpio_set_irq_enabled_with_callback
 .text.gpio_init
                0x10000dd0       0x40 CMakeFiles/reaction-tester.dir/home/andrea/pico/pico-sdk/src/rp2_common/hardware_gpio/gpio.c.o
                0x10000dd0                gpio_init
 .text.rp2040_chip_version
                0x10000e10        0xc CMakeFiles/reaction-tester.dir/home/andrea/pico/pico-sdk/src/rp2040/pico_platform/platform.c.o
                0x10000e10                rp2040_chip_version
 .text.panic    0x10000e1c       0x30 CMakeFiles/reaction-tester.dir/home/andrea/pico/pico-sdk/src/rp2_common/pico_platform_panic/panic.c.o
                0x10000e1c                panic
 .text.panic_unsupported
                0x10000e4c        0xc CMakeFiles/reaction-tester.dir/home/andrea/pico/pico-sdk/src/rp2_common/pico_platform_panic/panic.c.o
                0x10000e4c                panic_unsupported
 .text.hw_claim_or_assert
                0x10000e58       0x44 CMakeFiles/reaction-tester.dir/home/andrea/pico/pico-sdk/src/common/hardware_claim/claim.c.o
                0x10000e58                hw_claim_or_assert
 .text.hw_claim_unused_from_range
                0x10000e9c       0x9c CMakeFiles/reaction-tester.dir/home/andrea/pico/pico-sdk/src/common/hardware_claim/claim.c.o
                0x10000e9c                hw_claim_unused_from_range
 .text.next_striped_spin_lock_num
                0x10000f38       0x18 CMakeFiles/reaction-tester.dir/home/andrea/pico/pico-sdk/src/rp2_common/hardware_sync/sync.c.o
                0x10000f38                next_striped_spin_lock_num
 .text.spin_lock_claim
                0x10000f50       0x18 CMakeFiles/reaction-tester.dir/home/andrea/pico/pico-sdk/src/rp2_common/hardware_sync/sync.c.o
                0x10000f50                spin_lock_claim
 .text.spin_lock_claim_unused
                0x10000f68       0x24 CMakeFiles/reaction-tester.dir/home/andrea/pico/pico-sdk/src/rp2_common/hardware_sync/sync.c.o
                0x10000f68                spin_lock_claim_unused
 .text.spin_locks_reset
                0x10000f8c       0x1c CMakeFiles/reaction-tester.dir/home/andrea/pico/pico-sdk/src/rp2_common/hardware_sync_spin_lock/sync_spin_lock.c.o
                0x10000f8c                spin_locks_reset
 .text.runtime_init_per_core_irq_priorities
                0x10000fa8       0x24 CMakeFiles/reaction-tester.dir/home/andrea/pico/pico-sdk/src/rp2_common/hardware_irq/irq.c.o
                0x10000fa8                runtime_init_per_core_irq_priorities
 .text.irq_set_enabled
                0x10000fcc       0x24 CMakeFiles/reaction-tester.dir/home/andrea/pico/pico-sdk/src/rp2_common/hardware_irq/irq.c.o
                0x10000fcc                irq_set_enabled
 .text.irq_is_enabled
                0x10000ff0       0x18 CMakeFiles/reaction-tester.dir/home/andrea/pico/pico-sdk/src/rp2_common/hardware_irq/irq.c.o
                0x10000ff0                irq_is_enabled
 .text.irq_set_pending
                0x10001008       0x10 CMakeFiles/reaction-tester.dir/home/andrea/pico/pico-sdk/src/rp2_common/hardware_irq/irq.c.o
                0x10001008                irq_set_pending
 .text.irq_has_shared_handler
                0x10001018       0x24 CMakeFiles/reaction-tester.dir/home/andrea/pico/pico-sdk/src/rp2_common/hardware_irq/irq.c.o
                0x10001018                irq_has_shared_handler
 .text.irq_set_exclusive_handler
                0x1000103c       0x54 CMakeFiles/reaction-tester.dir/home/andrea/pico/pico-sdk/src/rp2_common/hardware_irq/irq.c.o
                0x1000103c                irq_set_exclusive_handler
 .text.irq_add_shared_handler
                0x10001090      0x1f4 CMakeFiles/reaction-tester.dir/home/andrea/pico/pico-sdk/src/rp2_common/hardware_irq/irq.c.o
                0x10001090                irq_add_shared_handler
 .text.irq_remove_handler
                0x10001284      0x1d4 CMakeFiles/reaction-tester.dir/home/andrea/pico/pico-sdk/src/rp2_common/hardware_irq/irq.c.o
                0x10001284                irq_remove_handler
 .text.irq_set_priority
                0x10001458       0x28 CMakeFiles/reaction-tester.dir/home/andrea/pico/pico-sdk/src/rp2_common/hardware_irq/irq.c.o
                0x10001458                irq_set_priority
 .text.irq_add_tail_to_free_list
                0x10001480       0xb4 CMakeFiles/reaction-tester.dir/home/andrea/pico/pico-sdk/src/rp2_common/hardware_irq/irq.c.o
                0x10001480                irq_add_tail_to_free_list
 .text.user_irq_claim_unused
                0x10001534       0x2c CMakeFiles/reaction-tester.dir/home/andrea/pico/pico-sdk/src/rp2_common/hardware_irq/irq.c.o
                0x10001534                user_irq_claim_unused
 .text.lock_init
                0x10001560       0x10 CMakeFiles/reaction-tester.dir/home/andrea/pico/pico-sdk/src/common/pico_sync/lock_core.c.o
                0x10001560                lock_init
 .text.runtime_init_mutex
                0x10001570       0x54 CMakeFiles/reaction-tester.dir/home/andrea/pico/pico-sdk/src/common/pico_sync/mutex.c.o
                0x10001570                runtime_init_mutex
 .text.mutex_init
                0x100015c4       0x1c CMakeFiles/reaction-tester.dir/home/andrea/pico/pico-sdk/src/common/pico_sync/mutex.c.o
                0x100015c4                mutex_init
 .text.critical_section_init
                0x100015e0       0x1c CMakeFiles/reaction-tester.dir/home/andrea/pico/pico-sdk/src/common/pico_sync/critical_section.c.o
                0x100015e0                critical_section_init
 .text.critical_section_init_with_lock_num
                0x100015fc       0x14 CMakeFiles/reaction-tester.dir/home/andrea/pico/pico-sdk/src/common/pico_sync/critical_section.c.o
                0x100015fc                critical_section_init_with_lock_num
 .text.alarm_pool_irq_handler
                0x10001610      0x2fc CMakeFiles/reaction-tester.dir/home/andrea/pico/pico-sdk/src/common/pico_time/time.c.o
 .text.sleep_until_callback
                0x1000190c       0x24 CMakeFiles/reaction-tester.dir/home/andrea/pico/pico-sdk/src/common/pico_time/time.c.o
 .text.runtime_init_default_alarm_pool
                0x10001930       0xdc CMakeFiles/reaction-tester.dir/home/andrea/pico/pico-sdk/src/common/pico_time/time.c.o
                0x10001930                runtime_init_default_alarm_pool
 .text.alarm_pool_get_default
                0x10001a0c        0x8 CMakeFiles/reaction-tester.dir/home/andrea/pico/pico-sdk/src/common/pico_time/time.c.o
                0x10001a0c                alarm_pool_get_default
 .text.alarm_pool_add_alarm_at
                0x10001a14       0xd4 CMakeFiles/reaction-tester.dir/home/andrea/pico/pico-sdk/src/common/pico_time/time.c.o
                0x10001a14                alarm_pool_add_alarm_at
 .text.alarm_pool_add_alarm_at_force_in_context
                0x10001ae8       0xb0 CMakeFiles/reaction-tester.dir/home/andrea/pico/pico-sdk/src/common/pico_time/time.c.o
                0x10001ae8                alarm_pool_add_alarm_at_force_in_context
 .text.alarm_pool_cancel_alarm
                0x10001b98       0x74 CMakeFiles/reaction-tester.dir/home/andrea/pico/pico-sdk/src/common/pico_time/time.c.o
                0x10001b98                alarm_pool_cancel_alarm
 .text.alarm_pool_core_num
                0x10001c0c        0x4 CMakeFiles/reaction-tester.dir/home/andrea/pico/pico-sdk/src/common/pico_time/time.c.o
                0x10001c0c                alarm_pool_core_num
 .text.sleep_until
                0x10001c10       0xcc CMakeFiles/reaction-tester.dir/home/andrea/pico/pico-sdk/src/common/pico_time/time.c.o
                0x10001c10                sleep_until
 .text.sleep_ms
                0x10001cdc       0x38 CMakeFiles/reaction-tester.dir/home/andrea/pico/pico-sdk/src/common/pico_time/time.c.o
                0x10001cdc                sleep_ms
 .text.best_effort_wfe_or_timeout
                0x10001d14       0xf8 CMakeFiles/reaction-tester.dir/home/andrea/pico/pico-sdk/src/common/pico_time/time.c.o
                0x10001d14                best_effort_wfe_or_timeout
 .text.timer_hardware_alarm_claim
                0x10001e0c       0x14 CMakeFiles/reaction-tester.dir/home/andrea/pico/pico-sdk/src/rp2_common/hardware_timer/timer.c.o
                0x10001e0c                timer_hardware_alarm_claim
 .text.timer_time_us_64
                0x10001e20       0x10 CMakeFiles/reaction-tester.dir/home/andrea/pico/pico-sdk/src/rp2_common/hardware_timer/timer.c.o
                0x10001e20                timer_time_us_64
 .text.time_us_64
                0x10001e30       0x14 CMakeFiles/reaction-tester.dir/home/andrea/pico/pico-sdk/src/rp2_common/hardware_timer/timer.c.o
                0x10001e30                time_us_64
 .text.busy_wait_us
                0x10001e44       0x68 CMakeFiles/reaction-tester.dir/home/andrea/pico/pico-sdk/src/rp2_common/hardware_timer/timer.c.o
                0x10001e44                busy_wait_us
 .text.busy_wait_until
                0x10001eac       0x20 CMakeFiles/reaction-tester.dir/home/andrea/pico/pico-sdk/src/rp2_common/hardware_timer/timer.c.o
                0x10001eac                busy_wait_until
 .text.clock_configure_int_divider
                0x10001ecc       0xf4 CMakeFiles/reaction-tester.dir/home/andrea/pico/pico-sdk/src/rp2_common/hardware_clocks/clocks.c.o
                0x10001ecc                clock_configure_int_divider
 .text.clock_configure_undivided
                0x10001fc0       0xe8 CMakeFiles/reaction-tester.dir/home/andrea/pico/pico-sdk/src/rp2_common/hardware_clocks/clocks.c.o
                0x10001fc0                clock_configure_undivided
 .text.clock_get_hz
                0x100020a8        0xc CMakeFiles/reaction-tester.dir/home/andrea/pico/pico-sdk/src/rp2_common/hardware_clocks/clocks.c.o
                0x100020a8                clock_get_hz
 .text.pll_init
                0x100020b4       0xa4 CMakeFiles/reaction-tester.dir/home/andrea/pico/pico-sdk/src/rp2_common/hardware_pll/pll.c.o
                0x100020b4                pll_init
 .text.watchdog_reboot
                0x10002158       0x9c CMakeFiles/reaction-tester.dir/home/andrea/pico/pico-sdk/src/rp2_common/hardware_watchdog/watchdog.c.o
                0x10002158                watchdog_reboot
 .text.tick_start
                0x100021f4       0x10 CMakeFiles/reaction-tester.dir/home/andrea/pico/pico-sdk/src/rp2_common/hardware_ticks/ticks.c.o
                0x100021f4                tick_start
 .text.rom_func_lookup
                0x10002204       0x10 CMakeFiles/reaction-tester.dir/home/andrea/pico/pico-sdk/src/rp2_common/pico_bootrom/bootrom.c.o
                0x10002204                rom_func_lookup
 .text.rom_data_lookup
                0x10002214       0x10 CMakeFiles/reaction-tester.dir/home/andrea/pico/pico-sdk/src/rp2_common/pico_bootrom/bootrom.c.o
                0x10002214                rom_data_lookup
 .text.rom_funcs_lookup
                0x10002224       0x44 CMakeFiles/reaction-tester.dir/home/andrea/pico/pico-sdk/src/rp2_common/pico_bootrom/bootrom.c.o
                0x10002224                rom_funcs_lookup
 .text.rom_reset_usb_boot_extra
                0x10002268       0x28 CMakeFiles/reaction-tester.dir/home/andrea/pico/pico-sdk/src/rp2_common/pico_bootrom/bootrom.c.o
                0x10002268                rom_reset_usb_boot_extra
 .text.xosc_init
                0x10002290       0x28 CMakeFiles/reaction-tester.dir/home/andrea/pico/pico-sdk/src/rp2_common/hardware_xosc/xosc.c.o
                0x10002290                xosc_init
 .text.first_per_core_initializer
                0x100022b8        0x4 CMakeFiles/reaction-tester.dir/home/andrea/pico/pico-sdk/src/rp2_common/pico_runtime/runtime.c.o
 .text.hard_assertion_failure
                0x100022bc        0xc CMakeFiles/reaction-tester.dir/home/andrea/pico/pico-sdk/src/rp2_common/pico_runtime/runtime.c.o
                0x100022bc                hard_assertion_failure
 .text.runtime_run_initializers
                0x100022c8       0x28 CMakeFiles/reaction-tester.dir/home/andrea/pico/pico-sdk/src/rp2_common/pico_runtime/runtime.c.o
                0x100022c8                runtime_run_initializers
 .text.runtime_run_per_core_initializers
                0x100022f0       0x28 CMakeFiles/reaction-tester.dir/home/andrea/pico/pico-sdk/src/rp2_common/pico_runtime/runtime.c.o
                0x100022f0                runtime_run_per_core_initializers
 .text.runtime_init_early_resets
                0x10002318       0x2c CMakeFiles/reaction-tester.dir/home/andrea/pico/pico-sdk/src/rp2_common/pico_runtime_init/runtime_init.c.o
                0x10002318                runtime_init_early_resets
 .text.runtime_init_usb_power_down
                0x10002344       0x1c CMakeFiles/reaction-tester.dir/home/andrea/pico/pico-sdk/src/rp2_common/pico_runtime_init/runtime_init.c.o
                0x10002344                runtime_init_usb_power_down
 .text.runtime_init_post_clock_resets
                0x10002360       0x20 CMakeFiles/reaction-tester.dir/home/andrea/pico/pico-sdk/src/rp2_common/pico_runtime_init/runtime_init.c.o
                0x10002360                runtime_init_post_clock_resets
 .text.runtime_init_rp2040_gpio_ie_disable
                0x10002380       0x14 CMakeFiles/reaction-tester.dir/home/andrea/pico/pico-sdk/src/rp2_common/pico_runtime_init/runtime_init.c.o
                0x10002380                runtime_init_rp2040_gpio_ie_disable
 .text.runtime_init_spin_locks_reset
                0x10002394        0x8 CMakeFiles/reaction-tester.dir/home/andrea/pico/pico-sdk/src/rp2_common/pico_runtime_init/runtime_init.c.o
                0x10002394                runtime_init_spin_locks_reset
 .text.runtime_init_install_ram_vector_table
                0x1000239c       0x1c CMakeFiles/reaction-tester.dir/home/andrea/pico/pico-sdk/src/rp2_common/pico_runtime_init/runtime_init.c.o
                0x1000239c                runtime_init_install_ram_vector_table
 .text.runtime_init_clocks
                0x100023b8       0xd8 CMakeFiles/reaction-tester.dir/home/andrea/pico/pico-sdk/src/rp2_common/pico_runtime_init/runtime_init_clocks.c.o
                0x100023b8                runtime_init_clocks
 .text          0x10002490       0x10 CMakeFiles/reaction-tester.dir/home/andrea/pico/pico-sdk/src/rp2_common/pico_bit_ops/bit_ops_aeabi.S.o
 .text.__wrap___aeabi_idiv
                0x100024a0       0x50 CMakeFiles/reaction-tester.dir/home/andrea/pico/pico-sdk/src/rp2_common/pico_divider/divider_hardware.S.o
                0x100024a0                __wrap___aeabi_idivmod
                0x100024a0                divmod_s32s32
                0x100024a0                div_s32s32
                0x100024a0                __wrap___aeabi_idiv
                0x100024a8                divmod_s32s32_unsafe
                0x100024d4                divmod_s32s32_savestate
 .text.__wrap___aeabi_uidiv
                0x100024f0       0x4c CMakeFiles/reaction-tester.dir/home/andrea/pico/pico-sdk/src/rp2_common/pico_divider/divider_hardware.S.o
                0x100024f0                __wrap___aeabi_uidiv
                0x100024f0                __wrap___aeabi_uidivmod
                0x100024f0                div_u32u32
                0x100024f0                divmod_u32u32
                0x100024f8                divmod_u32u32_unsafe
                0x10002520                divmod_u32u32_savestate
 .text.__wrap___aeabi_ldiv
                0x1000253c      0x424 CMakeFiles/reaction-tester.dir/home/andrea/pico/pico-sdk/src/rp2_common/pico_divider/divider_hardware.S.o
                0x1000253c                div_s64s64
                0x1000253c                divmod_s64s64
                0x1000253c                __wrap___aeabi_ldivmod
                0x1000256c                div_u64u64
                0x1000256c                divmod_u64u64
                0x1000256c                __wrap___aeabi_uldivmod
                0x1000257c                divmod_u64u64_savestate
                0x1000259c                divmod_s64s64_unsafe
                0x10002624                divmod_u64u64_unsafe
 .text.__wrap___aeabi_darithmetic
                0x10002960       0x80 CMakeFiles/reaction-tester.dir/home/andrea/pico/pico-sdk/src/rp2_common/pico_double/double_aeabi_rp2040.S.o
                0x10002960                __wrap___aeabi_drsub
                0x10002966                __wrap___aeabi_dsub
                0x10002978                __wrap___aeabi_dadd
                0x1000298a                __wrap___aeabi_ddiv
                0x100029c6                __wrap___aeabi_dmul
 .text.__wrap___aeabi_cdcmple
                0x100029e0       0x6c CMakeFiles/reaction-tester.dir/home/andrea/pico/pico-sdk/src/rp2_common/pico_double/double_aeabi_rp2040.S.o
                0x100029e0                __wrap___aeabi_cdrcmple
                0x100029f0                __wrap___aeabi_cdcmple
                0x100029f0                __wrap___aeabi_cdcmpeq
 .text.__wrap___aeabi_dcmplt
                0x10002a4c        0xc CMakeFiles/reaction-tester.dir/home/andrea/pico/pico-sdk/src/rp2_common/pico_double/double_aeabi_rp2040.S.o
                0x10002a4c                __wrap___aeabi_dcmplt
 .text.__wrap___aeabi_dcmpge
                0x10002a58       0x10 CMakeFiles/reaction-tester.dir/home/andrea/pico/pico-sdk/src/rp2_common/pico_double/double_aeabi_rp2040.S.o
                0x10002a58                __wrap___aeabi_dcmpge
 .text.__wrap___aeabi_dcmpgt
                0x10002a68        0xa CMakeFiles/reaction-tester.dir/home/andrea/pico/pico-sdk/src/rp2_common/pico_double/double_aeabi_rp2040.S.o
                0x10002a68                __wrap___aeabi_dcmpgt
 .text.__wrap___aeabi_dcmpun
                0x10002a72       0x18 CMakeFiles/reaction-tester.dir/home/andrea/pico/pico-sdk/src/rp2_common/pico_double/double_aeabi_rp2040.S.o
                0x10002a72                __wrap___aeabi_dcmpun
 *fill*         0x10002a8a        0x2 
 .text.__wrap___aeabi_i2d
                0x10002a8c       0x38 CMakeFiles/reaction-tester.dir/home/andrea/pico/pico-sdk/src/rp2_common/pico_double/double_aeabi_rp2040.S.o
                0x10002a8c                __wrap___aeabi_ui2d
                0x10002a8c                uint2double
                0x10002a94                __wrap___aeabi_i2d
                0x10002a94                int2double
 .text.__wrap___aeabi_d2iz
                0x10002ac4       0x48 CMakeFiles/reaction-tester.dir/home/andrea/pico/pico-sdk/src/rp2_common/pico_double/double_aeabi_rp2040.S.o
                0x10002ac4                __wrap___aeabi_d2iz
                0x10002ac4                double2int_z
 .text.__wrap___aeabi_d2uiz
                0x10002b0c       0x18 CMakeFiles/reaction-tester.dir/home/andrea/pico/pico-sdk/src/rp2_common/pico_double/double_aeabi_rp2040.S.o
                0x10002b0c                double2uint_z
                0x10002b0c                double2uint
                0x10002b0c                __wrap___aeabi_d2uiz
 .text.__aeabi_double_init
                0x10002b24       0xa4 CMakeFiles/reaction-tester.dir/home/andrea/pico/pico-sdk/src/rp2_common/pico_double/double_init_rom_rp2040.c.o
                0x10002b24                __aeabi_double_init
 .text.double_table_shim_on_use_helper
                0x10002bc8       0x2c CMakeFiles/reaction-tester.dir/home/andrea/pico/pico-sdk/src/rp2_common/pico_double/double_v1_rom_shim_rp2040.S.o
                0x10002bc8                double_table_shim_on_use_helper
 .text.__wrap___aeabi_dsub
                0x10002bf4       0x10 CMakeFiles/reaction-tester.dir/home/andrea/pico/pico-sdk/src/rp2_common/pico_double/double_v1_rom_shim_rp2040.S.o
                0x10002bf4                drsub_shim
                0x10002bfa                dsub_shim
 .text.dadd_shim
                0x10002c04      0x15c CMakeFiles/reaction-tester.dir/home/andrea/pico/pico-sdk/src/rp2_common/pico_double/double_v1_rom_shim_rp2040.S.o
                0x10002c04                dadd_shim
 .text.dmul_shim
                0x10002d60      0x15c CMakeFiles/reaction-tester.dir/home/andrea/pico/pico-sdk/src/rp2_common/pico_double/double_v1_rom_shim_rp2040.S.o
                0x10002d60                dmul_shim
 .text.ddiv_shim
                0x10002ebc      0x1b0 CMakeFiles/reaction-tester.dir/home/andrea/pico/pico-sdk/src/rp2_common/pico_double/double_v1_rom_shim_rp2040.S.o
                0x10002ebc                ddiv_shim
 .text.double2uint_shim
                0x1000306c        0xe CMakeFiles/reaction-tester.dir/home/andrea/pico/pico-sdk/src/rp2_common/pico_double/double_v1_rom_shim_rp2040.S.o
                0x1000306c                double2uint_shim
                0x1000306e                double2ufix_shim
 *fill*         0x1000307a        0x2 
 .text.double2uint64_shim
                0x1000307c       0x70 CMakeFiles/reaction-tester.dir/home/andrea/pico/pico-sdk/src/rp2_common/pico_double/double_v1_rom_shim_rp2040.S.o
                0x1000307c                double2uint64_shim
                0x1000307e                double2ufix64_shim
                0x1000309e                d2fix_a
 .text.dunpacks
                0x100030ec       0x3c CMakeFiles/reaction-tester.dir/home/andrea/pico/pico-sdk/src/rp2_common/pico_double/double_v1_rom_shim_rp2040.S.o
                0x100030ec                dunpacks
 .text.__aeabi_lmul
                0x10003128       0x32 CMakeFiles/reaction-tester.dir/home/andrea/pico/pico-sdk/src/rp2_common/pico_int64_ops/pico_int64_ops_aeabi.S.o
                0x10003128                __wrap___aeabi_lmul
 *fill*         0x1000315a        0x2 
 .text.__wrap___aeabi_farithmetic
                0x1000315c       0x48 CMakeFiles/reaction-tester.dir/home/andrea/pico/pico-sdk/src/rp2_common/pico_float/float_aeabi_rp2040.S.o
                0x1000315c                __wrap___aeabi_frsub
                0x10003162                __wrap___aeabi_fsub
                0x10003168                __wrap___aeabi_fadd
                0x1000316e                __wrap___aeabi_fdiv
                0x10003196                __wrap___aeabi_fmul
 .text.__wrap___aeabi_ui2f
                0x100031a4        0xa CMakeFiles/reaction-tester.dir/home/andrea/pico/pico-sdk/src/rp2_common/pico_float/float_aeabi_rp2040.S.o
                0x100031a4                uint2float
                0x100031a4                __wrap___aeabi_ui2f
 *fill*         0x100031ae        0x2 
 .text.__wrap___aeabi_i2f
                0x100031b0       0x44 CMakeFiles/reaction-tester.dir/home/andrea/pico/pico-sdk/src/rp2_common/pico_float/float_aeabi_rp2040.S.o
                0x100031b0                int2float
                0x100031b0                __wrap___aeabi_i2f
 .text.__wrap___aeabi_f2iz
                0x100031f4       0x4e CMakeFiles/reaction-tester.dir/home/andrea/pico/pico-sdk/src/rp2_common/pico_float/float_aeabi_rp2040.S.o
                0x100031f4                __wrap___aeabi_f2iz
                0x100031f4                float2int_z
 *fill*         0x10003242        0x2 
 .text.float2int
                0x10003244       0x14 CMakeFiles/reaction-tester.dir/home/andrea/pico/pico-sdk/src/rp2_common/pico_float/float_aeabi_rp2040.S.o
                0x10003244                float2int
 .text.__wrap___aeabi_f2uiz
                0x10003258        0xc CMakeFiles/reaction-tester.dir/home/andrea/pico/pico-sdk/src/rp2_common/pico_float/float_aeabi_rp2040.S.o
                0x10003258                float2uint
                0x10003258                float2uint_z
                0x10003258                __wrap___aeabi_f2uiz
 .text.__aeabi_float_init
                0x10003264       0x64 CMakeFiles/reaction-tester.dir/home/andrea/pico/pico-sdk/src/rp2_common/pico_float/float_init_rom_rp2040.c.o
                0x10003264                __aeabi_float_init
 .text.float_table_shim_on_use_helper
                0x100032c8       0x2c CMakeFiles/reaction-tester.dir/home/andrea/pico/pico-sdk/src/rp2_common/pico_float/float_v1_rom_shim_rp2040.S.o
                0x100032c8                float_table_shim_on_use_helper
 .text.float232_shims
                0x100032f4       0x18 CMakeFiles/reaction-tester.dir/home/andrea/pico/pico-sdk/src/rp2_common/pico_float/float_v1_rom_shim_rp2040.S.o
                0x100032f4                float2int_shim
                0x100032f6                float2fix_shim
 .text.__wrap_malloc
                0x1000330c       0x3c CMakeFiles/reaction-tester.dir/home/andrea/pico/pico-sdk/src/rp2_common/pico_malloc/malloc.c.o
                0x1000330c                __wrap_malloc
 .text.__wrap_calloc
                0x10003348       0x44 CMakeFiles/reaction-tester.dir/home/andrea/pico/pico-sdk/src/rp2_common/pico_malloc/malloc.c.o
                0x10003348                __wrap_calloc
 .text.__wrap_realloc
                0x1000338c       0x40 CMakeFiles/reaction-tester.dir/home/andrea/pico/pico-sdk/src/rp2_common/pico_malloc/malloc.c.o
                0x1000338c                __wrap_realloc
 .text.__wrap_free
                0x100033cc       0x20 CMakeFiles/reaction-tester.dir/home/andrea/pico/pico-sdk/src/rp2_common/pico_malloc/malloc.c.o
                0x100033cc                __wrap_free
 .text          0x100033ec       0x10 CMakeFiles/reaction-tester.dir/home/andrea/pico/pico-sdk/src/rp2_common/pico_mem_ops/mem_ops_aeabi.S.o
                0x100033ec                __aeabi_mem_init
 .text.memset   0x100033fc        0xc CMakeFiles/reaction-tester.dir/home/andrea/pico/pico-sdk/src/rp2_common/pico_mem_ops/mem_ops_aeabi.S.o
                0x100033fc                __wrap_memset
 .text.memcpy   0x10003408        0xc CMakeFiles/reaction-tester.dir/home/andrea/pico/pico-sdk/src/rp2_common/pico_mem_ops/mem_ops_aeabi.S.o
                0x10003408                __wrap___aeabi_memcpy
                0x10003408                __wrap_memcpy
 .text.__atomic_load_8
                0x10003414       0x28 CMakeFiles/reaction-tester.dir/home/andrea/pico/pico-sdk/src/rp2_common/pico_atomic/atomic.c.o
                0x10003414                __atomic_load_8
 .text.__atomic_store_8
                0x1000343c       0x30 CMakeFiles/reaction-tester.dir/home/andrea/pico/pico-sdk/src/rp2_common/pico_atomic/atomic.c.o
                0x1000343c                __atomic_store_8
 .text.__atomic_exchange_8
                0x1000346c       0x38 CMakeFiles/reaction-tester.dir/home/andrea/pico/pico-sdk/src/rp2_common/pico_atomic/atomic.c.o
                0x1000346c                __atomic_exchange_8
 .text._out_buffer
                0x100034a4        0x8 CMakeFiles/reaction-tester.dir/home/andrea/pico/pico-sdk/src/rp2_common/pico_printf/printf.c.o
 .text._out_null
                0x100034ac        0x4 CMakeFiles/reaction-tester.dir/home/andrea/pico/pico-sdk/src/rp2_common/pico_printf/printf.c.o
 .text._out_rev
                0x100034b0       0xac CMakeFiles/reaction-tester.dir/home/andrea/pico/pico-sdk/src/rp2_common/pico_printf/printf.c.o
 .text._ntoa_format
                0x1000355c      0x250 CMakeFiles/reaction-tester.dir/home/andrea/pico/pico-sdk/src/rp2_common/pico_printf/printf.c.o
 .text._out_char
                0x100037ac       0x10 CMakeFiles/reaction-tester.dir/home/andrea/pico/pico-sdk/src/rp2_common/pico_printf/printf.c.o
 .text._out_fct
                0x100037bc       0x10 CMakeFiles/reaction-tester.dir/home/andrea/pico/pico-sdk/src/rp2_common/pico_printf/printf.c.o
 .text._etoa    0x100037cc      0x464 CMakeFiles/reaction-tester.dir/home/andrea/pico/pico-sdk/src/rp2_common/pico_printf/printf.c.o
 .text._ftoa    0x10003c30      0x3c0 CMakeFiles/reaction-tester.dir/home/andrea/pico/pico-sdk/src/rp2_common/pico_printf/printf.c.o
 .text._vsnprintf
                0x10003ff0      0xbc8 CMakeFiles/reaction-tester.dir/home/andrea/pico/pico-sdk/src/rp2_common/pico_printf/printf.c.o
 .text.__wrap_snprintf
                0x10004bb8       0x28 CMakeFiles/reaction-tester.dir/home/andrea/pico/pico-sdk/src/rp2_common/pico_printf/printf.c.o
                0x10004bb8                __wrap_snprintf
 .text.__wrap_vsnprintf
                0x10004be0       0x1c CMakeFiles/reaction-tester.dir/home/andrea/pico/pico-sdk/src/rp2_common/pico_printf/printf.c.o
                0x10004be0                __wrap_vsnprintf
 .text.vfctprintf
                0x10004bfc       0x20 CMakeFiles/reaction-tester.dir/home/andrea/pico/pico-sdk/src/rp2_common/pico_printf/printf.c.o
                0x10004bfc                vfctprintf
 .text.weak_raw_vprintf
                0x10004c1c       0x30 CMakeFiles/reaction-tester.dir/home/andrea/pico/pico-sdk/src/rp2_common/pico_printf/printf.c.o
                0x10004c1c                weak_raw_vprintf
 .text._exit    0x10004c4c        0x4 CMakeFiles/reaction-tester.dir/home/andrea/pico/pico-sdk/src/rp2_common/pico_clib_interface/newlib_interface.c.o
                0x10004c4c                _exit
 .text._sbrk    0x10004c50       0x34 CMakeFiles/reaction-tester.dir/home/andrea/pico/pico-sdk/src/rp2_common/pico_clib_interface/newlib_interface.c.o
                0x10004c50                _sbrk
 .text.exit     0x10004c84        0x8 CMakeFiles/reaction-tester.dir/home/andrea/pico/pico-sdk/src/rp2_common/pico_clib_interface/newlib_interface.c.o
                0x10004c84                exit
 .text.runtime_init
                0x10004c8c       0x2c CMakeFiles/reaction-tester.dir/home/andrea/pico/pico-sdk/src/rp2_common/pico_clib_interface/newlib_interface.c.o
                0x10004c8c                runtime_init
 .text.stdio_out_chars_no_crlf
                0x10004cb8       0x10 CMakeFiles/reaction-tester.dir/home/andrea/pico/pico-sdk/src/rp2_common/pico_stdio/stdio.c.o
 .text.stdio_buffered_printer
                0x10004cc8       0x60 CMakeFiles/reaction-tester.dir/home/andrea/pico/pico-sdk/src/rp2_common/pico_stdio/stdio.c.o
 .text.stdio_out_chars_crlf
                0x10004d28       0x10 CMakeFiles/reaction-tester.dir/home/andrea/pico/pico-sdk/src/rp2_common/pico_stdio/stdio.c.o
 .text.stdio_put_string
                0x10004d38      0x100 CMakeFiles/reaction-tester.dir/home/andrea/pico/pico-sdk/src/rp2_common/pico_stdio/stdio.c.o
                0x10004d38                stdio_put_string
 .text.stdio_set_driver_enabled
                0x10004e38       0x30 CMakeFiles/reaction-tester.dir/home/andrea/pico/pico-sdk/src/rp2_common/pico_stdio/stdio.c.o
                0x10004e38                stdio_set_driver_enabled
 .text.stdio_init_all
                0x10004e68        0x8 CMakeFiles/reaction-tester.dir/home/andrea/pico/pico-sdk/src/rp2_common/pico_stdio/stdio.c.o
                0x10004e68                stdio_init_all
 .text.stdio_getchar_timeout_us
                0x10004e70       0x98 CMakeFiles/reaction-tester.dir/home/andrea/pico/pico-sdk/src/rp2_common/pico_stdio/stdio.c.o
                0x10004e70                stdio_getchar_timeout_us
 .text.__wrap_putchar
                0x10004f08       0x98 CMakeFiles/reaction-tester.dir/home/andrea/pico/pico-sdk/src/rp2_common/pico_stdio/stdio.c.o
                0x10004f08                stdio_putchar
                0x10004f08                __wrap_putchar
 .text.__wrap_puts
                0x10004fa0       0x3c CMakeFiles/reaction-tester.dir/home/andrea/pico/pico-sdk/src/rp2_common/pico_stdio/stdio.c.o
                0x10004fa0                __wrap_puts
                0x10004fa0                stdio_puts
 .text.__wrap_vprintf
                0x10004fdc       0xd0 CMakeFiles/reaction-tester.dir/home/andrea/pico/pico-sdk/src/rp2_common/pico_stdio/stdio.c.o
                0x10004fdc                __wrap_vprintf
                0x10004fdc                stdio_vprintf
 .text.__wrap_printf
                0x100050ac       0x18 CMakeFiles/reaction-tester.dir/home/andrea/pico/pico-sdk/src/rp2_common/pico_stdio/stdio.c.o
                0x100050ac                stdio_printf
                0x100050ac                __wrap_printf
 .text.resetd_init
                0x100050c4        0x4 CMakeFiles/reaction-tester.dir/home/andrea/pico/pico-sdk/src/rp2_common/pico_stdio_usb/reset_interface.c.o
 .text.resetd_reset
                0x100050c8        0xc CMakeFiles/reaction-tester.dir/home/andrea/pico/pico-sdk/src/rp2_common/pico_stdio_usb/reset_interface.c.o
 .text.resetd_open
                0x100050d4       0x28 CMakeFiles/reaction-tester.dir/home/andrea/pico/pico-sdk/src/rp2_common/pico_stdio_usb/reset_interface.c.o
 .text.resetd_xfer_cb
                0x100050fc        0x4 CMakeFiles/reaction-tester.dir/home/andrea/pico/pico-sdk/src/rp2_common/pico_stdio_usb/reset_interface.c.o
 .text.resetd_control_xfer_cb
                0x10005100       0x5c CMakeFiles/reaction-tester.dir/home/andrea/pico/pico-sdk/src/rp2_common/pico_stdio_usb/reset_interface.c.o
 .text.tud_descriptor_bos_cb
                0x1000515c        0x8 CMakeFiles/reaction-tester.dir/home/andrea/pico/pico-sdk/src/rp2_common/pico_stdio_usb/reset_interface.c.o
                0x1000515c                tud_descriptor_bos_cb
 .text.tud_vendor_control_xfer_cb
                0x10005164       0x34 CMakeFiles/reaction-tester.dir/home/andrea/pico/pico-sdk/src/rp2_common/pico_stdio_usb/reset_interface.c.o
                0x10005164                tud_vendor_control_xfer_cb
 .text.usbd_app_driver_get_cb
                0x10005198        0xc CMakeFiles/reaction-tester.dir/home/andrea/pico/pico-sdk/src/rp2_common/pico_stdio_usb/reset_interface.c.o
                0x10005198                usbd_app_driver_get_cb
 .text.tud_cdc_line_coding_cb
                0x100051a4       0x2c CMakeFiles/reaction-tester.dir/home/andrea/pico/pico-sdk/src/rp2_common/pico_stdio_usb/reset_interface.c.o
                0x100051a4                tud_cdc_line_coding_cb
 .text.stdio_usb_set_chars_available_callback
                0x100051d0       0x14 CMakeFiles/reaction-tester.dir/home/andrea/pico/pico-sdk/src/rp2_common/pico_stdio_usb/stdio_usb.c.o
                0x100051d0                stdio_usb_set_chars_available_callback
 .text.usb_irq  0x100051e4       0x10 CMakeFiles/reaction-tester.dir/home/andrea/pico/pico-sdk/src/rp2_common/pico_stdio_usb/stdio_usb.c.o
 .text.timer_task
                0x100051f4       0x64 CMakeFiles/reaction-tester.dir/home/andrea/pico/pico-sdk/src/rp2_common/pico_stdio_usb/stdio_usb.c.o
 .text.stdio_usb_in_chars
                0x10005258       0x90 CMakeFiles/reaction-tester.dir/home/andrea/pico/pico-sdk/src/rp2_common/pico_stdio_usb/stdio_usb.c.o
                0x10005258                stdio_usb_in_chars
 .text.stdio_usb_out_flush
                0x100052e8       0x50 CMakeFiles/reaction-tester.dir/home/andrea/pico/pico-sdk/src/rp2_common/pico_stdio_usb/stdio_usb.c.o
 .text.stdio_usb_out_chars
                0x10005338      0x104 CMakeFiles/reaction-tester.dir/home/andrea/pico/pico-sdk/src/rp2_common/pico_stdio_usb/stdio_usb.c.o
 .text.low_priority_worker_irq
                0x1000543c       0xcc CMakeFiles/reaction-tester.dir/home/andrea/pico/pico-sdk/src/rp2_common/pico_stdio_usb/stdio_usb.c.o
 .text.stdio_usb_init
                0x10005508       0xec CMakeFiles/reaction-tester.dir/home/andrea/pico/pico-sdk/src/rp2_common/pico_stdio_usb/stdio_usb.c.o
                0x10005508                stdio_usb_init
 .text.tud_descriptor_device_cb
                0x100055f4        0x8 CMakeFiles/reaction-tester.dir/home/andrea/pico/pico-sdk/src/rp2_common/pico_stdio_usb/stdio_usb_descriptors.c.o
                0x100055f4                tud_descriptor_device_cb
 .text.tud_descriptor_configuration_cb
                0x100055fc        0x8 CMakeFiles/reaction-tester.dir/home/andrea/pico/pico-sdk/src/rp2_common/pico_stdio_usb/stdio_usb_descriptors.c.o
                0x100055fc                tud_descriptor_configuration_cb
 .text.tud_descriptor_string_cb
                0x10005604       0x78 CMakeFiles/reaction-tester.dir/home/andrea/pico/pico-sdk/src/rp2_common/pico_stdio_usb/stdio_usb_descriptors.c.o
                0x10005604                tud_descriptor_string_cb
 .text.startup._retrieve_unique_id_on_boot
                0x1000567c       0x10 CMakeFiles/reaction-tester.dir/home/andrea/pico/pico-sdk/src/rp2_common/pico_unique_id/unique_id.c.o
 .text.pico_get_unique_board_id_string
                0x1000568c      0x1a8 CMakeFiles/reaction-tester.dir/home/andrea/pico/pico-sdk/src/rp2_common/pico_unique_id/unique_id.c.o
                0x1000568c                pico_get_unique_board_id_string
 .text.flash_get_unique_id
                0x10005834       0x3c CMakeFiles/reaction-tester.dir/home/andrea/pico/pico-sdk/src/rp2_common/hardware_flash/flash.c.o
                0x10005834                flash_get_unique_id
 .text.dcd_init
                0x10005870       0x90 CMakeFiles/reaction-tester.dir/home/andrea/pico/pico-sdk/lib/tinyusb/src/portable/raspberrypi/rp2040/dcd_rp2040.c.o
                0x10005870                dcd_init
 .text.dcd_int_enable
                0x10005900        0xc CMakeFiles/reaction-tester.dir/home/andrea/pico/pico-sdk/lib/tinyusb/src/portable/raspberrypi/rp2040/dcd_rp2040.c.o
                0x10005900                dcd_int_enable
 .text.dcd_set_address
                0x1000590c       0x14 CMakeFiles/reaction-tester.dir/home/andrea/pico/pico-sdk/lib/tinyusb/src/portable/raspberrypi/rp2040/dcd_rp2040.c.o
                0x1000590c                dcd_set_address
 .text.dcd_sof_enable
                0x10005920       0x1c CMakeFiles/reaction-tester.dir/home/andrea/pico/pico-sdk/lib/tinyusb/src/portable/raspberrypi/rp2040/dcd_rp2040.c.o
                0x10005920                dcd_sof_enable
 .text.dcd_edpt0_status_complete
                0x1000593c       0x1c CMakeFiles/reaction-tester.dir/home/andrea/pico/pico-sdk/lib/tinyusb/src/portable/raspberrypi/rp2040/dcd_rp2040.c.o
                0x1000593c                dcd_edpt0_status_complete
 .text.dcd_edpt_open
                0x10005958      0x114 CMakeFiles/reaction-tester.dir/home/andrea/pico/pico-sdk/lib/tinyusb/src/portable/raspberrypi/rp2040/dcd_rp2040.c.o
                0x10005958                dcd_edpt_open
 .text.dcd_edpt_close_all
                0x10005a6c        0x8 CMakeFiles/reaction-tester.dir/home/andrea/pico/pico-sdk/lib/tinyusb/src/portable/raspberrypi/rp2040/dcd_rp2040.c.o
                0x10005a6c                dcd_edpt_close_all
 .text.dcd_edpt_xfer
                0x10005a74       0x24 CMakeFiles/reaction-tester.dir/home/andrea/pico/pico-sdk/lib/tinyusb/src/portable/raspberrypi/rp2040/dcd_rp2040.c.o
                0x10005a74                dcd_edpt_xfer
 .text.dcd_edpt_stall
                0x10005a98       0x34 CMakeFiles/reaction-tester.dir/home/andrea/pico/pico-sdk/lib/tinyusb/src/portable/raspberrypi/rp2040/dcd_rp2040.c.o
                0x10005a98                dcd_edpt_stall
 .text.dcd_edpt_clear_stall
                0x10005acc       0x30 CMakeFiles/reaction-tester.dir/home/andrea/pico/pico-sdk/lib/tinyusb/src/portable/raspberrypi/rp2040/dcd_rp2040.c.o
                0x10005acc                dcd_edpt_clear_stall
 .text.rp2040_usb_init
                0x10005afc       0x40 CMakeFiles/reaction-tester.dir/home/andrea/pico/pico-sdk/lib/tinyusb/src/portable/raspberrypi/rp2040/rp2040_usb.c.o
                0x10005afc                rp2040_usb_init
 .text.hw_endpoint_xfer_start
                0x10005b3c       0x40 CMakeFiles/reaction-tester.dir/home/andrea/pico/pico-sdk/lib/tinyusb/src/portable/raspberrypi/rp2040/rp2040_usb.c.o
                0x10005b3c                hw_endpoint_xfer_start
 .text.tud_event_hook_cb
                0x10005b7c        0x4 CMakeFiles/reaction-tester.dir/home/andrea/pico/pico-sdk/lib/tinyusb/src/device/usbd.c.o
                0x10005b7c                tud_event_hook_cb
 .text.tud_sof_cb
                0x10005b80        0x4 CMakeFiles/reaction-tester.dir/home/andrea/pico/pico-sdk/lib/tinyusb/src/device/usbd.c.o
                0x10005b80                tud_sof_cb
 .text.tud_descriptor_device_qualifier_cb
                0x10005b84        0x4 CMakeFiles/reaction-tester.dir/home/andrea/pico/pico-sdk/lib/tinyusb/src/device/usbd.c.o
                0x10005b84                tud_descriptor_device_qualifier_cb
 .text.tud_descriptor_other_speed_configuration_cb
                0x10005b88        0x4 CMakeFiles/reaction-tester.dir/home/andrea/pico/pico-sdk/lib/tinyusb/src/device/usbd.c.o
                0x10005b88                tud_descriptor_other_speed_configuration_cb
 .text.tud_mount_cb
                0x10005b8c        0x4 CMakeFiles/reaction-tester.dir/home/andrea/pico/pico-sdk/lib/tinyusb/src/device/usbd.c.o
                0x10005b8c                tud_mount_cb
 .text.tud_umount_cb
                0x10005b90        0x4 CMakeFiles/reaction-tester.dir/home/andrea/pico/pico-sdk/lib/tinyusb/src/device/usbd.c.o
                0x10005b90                tud_umount_cb
 .text.tud_suspend_cb
                0x10005b94        0x4 CMakeFiles/reaction-tester.dir/home/andrea/pico/pico-sdk/lib/tinyusb/src/device/usbd.c.o
                0x10005b94                tud_suspend_cb
 .text.tud_resume_cb
                0x10005b98        0x4 CMakeFiles/reaction-tester.dir/home/andrea/pico/pico-sdk/lib/tinyusb/src/device/usbd.c.o
                0x10005b98                tud_resume_cb
 .text.tud_mounted
                0x10005b9c       0x10 CMakeFiles/reaction-tester.dir/home/andrea/pico/pico-sdk/lib/tinyusb/src/device/usbd.c.o
                0x10005b9c                tud_mounted
 .text.tud_suspended
                0x10005bac       0x10 CMakeFiles/reaction-tester.dir/home/andrea/pico/pico-sdk/lib/tinyusb/src/device/usbd.c.o
                0x10005bac                tud_suspended
 .text.tud_rhport_init
                0x10005bbc       0xfc CMakeFiles/reaction-tester.dir/home/andrea/pico/pico-sdk/lib/tinyusb/src/device/usbd.c.o
                0x10005bbc                tud_rhport_init
 .text.tud_task_ext
                0x10005cb8      0x800 CMakeFiles/reaction-tester.dir/home/andrea/pico/pico-sdk/lib/tinyusb/src/device/usbd.c.o
                0x10005cb8                tud_task_ext
 .text.usbd_open_edpt_pair
                0x100064b8       0x9c CMakeFiles/reaction-tester.dir/home/andrea/pico/pico-sdk/lib/tinyusb/src/device/usbd.c.o
                0x100064b8                usbd_open_edpt_pair
 .text.usbd_edpt_open
                0x10006554       0x34 CMakeFiles/reaction-tester.dir/home/andrea/pico/pico-sdk/lib/tinyusb/src/device/usbd.c.o
                0x10006554                usbd_edpt_open
 .text.usbd_edpt_claim
                0x10006588       0x28 CMakeFiles/reaction-tester.dir/home/andrea/pico/pico-sdk/lib/tinyusb/src/device/usbd.c.o
                0x10006588                usbd_edpt_claim
 .text.usbd_edpt_release
                0x100065b0       0x28 CMakeFiles/reaction-tester.dir/home/andrea/pico/pico-sdk/lib/tinyusb/src/device/usbd.c.o
                0x100065b0                usbd_edpt_release
 .text.usbd_edpt_xfer
                0x100065d8       0x4c CMakeFiles/reaction-tester.dir/home/andrea/pico/pico-sdk/lib/tinyusb/src/device/usbd.c.o
                0x100065d8                usbd_edpt_xfer
 .text.tud_control_status
                0x10006624       0x2c CMakeFiles/reaction-tester.dir/home/andrea/pico/pico-sdk/lib/tinyusb/src/device/usbd_control.c.o
                0x10006624                tud_control_status
 .text.tud_control_xfer
                0x10006650       0xac CMakeFiles/reaction-tester.dir/home/andrea/pico/pico-sdk/lib/tinyusb/src/device/usbd_control.c.o
                0x10006650                tud_control_xfer
 .text.usbd_control_reset
                0x100066fc       0x14 CMakeFiles/reaction-tester.dir/home/andrea/pico/pico-sdk/lib/tinyusb/src/device/usbd_control.c.o
                0x100066fc                usbd_control_reset
 .text.usbd_control_set_complete_callback
                0x10006710        0xc CMakeFiles/reaction-tester.dir/home/andrea/pico/pico-sdk/lib/tinyusb/src/device/usbd_control.c.o
                0x10006710                usbd_control_set_complete_callback
 .text.usbd_control_set_request
                0x1000671c       0x1c CMakeFiles/reaction-tester.dir/home/andrea/pico/pico-sdk/lib/tinyusb/src/device/usbd_control.c.o
                0x1000671c                usbd_control_set_request
 .text.usbd_control_xfer_cb
                0x10006738       0xec CMakeFiles/reaction-tester.dir/home/andrea/pico/pico-sdk/lib/tinyusb/src/device/usbd_control.c.o
                0x10006738                usbd_control_xfer_cb
 .text._prep_out_transaction.isra.0
                0x10006824       0x6c CMakeFiles/reaction-tester.dir/home/andrea/pico/pico-sdk/lib/tinyusb/src/class/cdc/cdc_device.c.o
 .text.tud_cdc_n_connected
                0x10006890       0x2c CMakeFiles/reaction-tester.dir/home/andrea/pico/pico-sdk/lib/tinyusb/src/class/cdc/cdc_device.c.o
                0x10006890                tud_cdc_n_connected
 .text.tud_cdc_n_available
                0x100068bc       0x14 CMakeFiles/reaction-tester.dir/home/andrea/pico/pico-sdk/lib/tinyusb/src/class/cdc/cdc_device.c.o
                0x100068bc                tud_cdc_n_available
 .text.tud_cdc_n_read
                0x100068d0       0x94 CMakeFiles/reaction-tester.dir/home/andrea/pico/pico-sdk/lib/tinyusb/src/class/cdc/cdc_device.c.o
                0x100068d0                tud_cdc_n_read
 .text.tud_cdc_n_write_flush
                0x10006964       0x74 CMakeFiles/reaction-tester.dir/home/andrea/pico/pico-sdk/lib/tinyusb/src/class/cdc/cdc_device.c.o
                0x10006964                tud_cdc_n_write_flush
 .text.tud_cdc_n_write
                0x100069d8       0x40 CMakeFiles/reaction-tester.dir/home/andrea/pico/pico-sdk/lib/tinyusb/src/class/cdc/cdc_device.c.o
                0x100069d8                tud_cdc_n_write
 .text.tud_cdc_n_write_available
                0x10006a18       0x14 CMakeFiles/reaction-tester.dir/home/andrea/pico/pico-sdk/lib/tinyusb/src/class/cdc/cdc_device.c.o
                0x10006a18                tud_cdc_n_write_available
 .text.cdcd_init
                0x10006a2c       0x70 CMakeFiles/reaction-tester.dir/home/andrea/pico/pico-sdk/lib/tinyusb/src/class/cdc/cdc_device.c.o
                0x10006a2c                cdcd_init
 .text.cdcd_deinit
                0x10006a9c       0x34 CMakeFiles/reaction-tester.dir/home/andrea/pico/pico-sdk/lib/tinyusb/src/class/cdc/cdc_device.c.o
                0x10006a9c                cdcd_deinit
 .text.cdcd_reset
                0x10006ad0       0x4c CMakeFiles/reaction-tester.dir/home/andrea/pico/pico-sdk/lib/tinyusb/src/class/cdc/cdc_device.c.o
                0x10006ad0                cdcd_reset
 .text.cdcd_open
                0x10006b1c       0xa8 CMakeFiles/reaction-tester.dir/home/andrea/pico/pico-sdk/lib/tinyusb/src/class/cdc/cdc_device.c.o
                0x10006b1c                cdcd_open
 .text.cdcd_control_xfer_cb
                0x10006bc4       0xe8 CMakeFiles/reaction-tester.dir/home/andrea/pico/pico-sdk/lib/tinyusb/src/class/cdc/cdc_device.c.o
                0x10006bc4                cdcd_control_xfer_cb
 .text.cdcd_xfer_cb
                0x10006cac      0x100 CMakeFiles/reaction-tester.dir/home/andrea/pico/pico-sdk/lib/tinyusb/src/class/cdc/cdc_device.c.o
                0x10006cac                cdcd_xfer_cb
 .text.vendord_init
                0x10006dac       0x5c CMakeFiles/reaction-tester.dir/home/andrea/pico/pico-sdk/lib/tinyusb/src/class/vendor/vendor_device.c.o
                0x10006dac                vendord_init
 .text.vendord_deinit
                0x10006e08       0x1c CMakeFiles/reaction-tester.dir/home/andrea/pico/pico-sdk/lib/tinyusb/src/class/vendor/vendor_device.c.o
                0x10006e08                vendord_deinit
 .text.vendord_reset
                0x10006e24       0x28 CMakeFiles/reaction-tester.dir/home/andrea/pico/pico-sdk/lib/tinyusb/src/class/vendor/vendor_device.c.o
                0x10006e24                vendord_reset
 .text.vendord_open
                0x10006e4c      0x128 CMakeFiles/reaction-tester.dir/home/andrea/pico/pico-sdk/lib/tinyusb/src/class/vendor/vendor_device.c.o
                0x10006e4c                vendord_open
 .text.vendord_xfer_cb
                0x10006f74       0x9c CMakeFiles/reaction-tester.dir/home/andrea/pico/pico-sdk/lib/tinyusb/src/class/vendor/vendor_device.c.o
                0x10006f74                vendord_xfer_cb
 .text.tusb_rhport_init
                0x10007010       0x48 CMakeFiles/reaction-tester.dir/home/andrea/pico/pico-sdk/lib/tinyusb/src/tusb.c.o
                0x10007010                tusb_rhport_init
 .text.tu_edpt_claim
                0x10007058       0x50 CMakeFiles/reaction-tester.dir/home/andrea/pico/pico-sdk/lib/tinyusb/src/tusb.c.o
                0x10007058                tu_edpt_claim
 .text.tu_edpt_release
                0x100070a8       0x38 CMakeFiles/reaction-tester.dir/home/andrea/pico/pico-sdk/lib/tinyusb/src/tusb.c.o
                0x100070a8                tu_edpt_release
 .text.tu_edpt_validate
                0x100070e0       0x7c CMakeFiles/reaction-tester.dir/home/andrea/pico/pico-sdk/lib/tinyusb/src/tusb.c.o
                0x100070e0                tu_edpt_validate
 .text.tu_edpt_bind_driver
                0x1000715c       0x34 CMakeFiles/reaction-tester.dir/home/andrea/pico/pico-sdk/lib/tinyusb/src/tusb.c.o
                0x1000715c                tu_edpt_bind_driver
 .text.tu_edpt_stream_init
                0x10007190       0x6c CMakeFiles/reaction-tester.dir/home/andrea/pico/pico-sdk/lib/tinyusb/src/tusb.c.o
                0x10007190                tu_edpt_stream_init
 .text.tu_edpt_stream_deinit
                0x100071fc        0x4 CMakeFiles/reaction-tester.dir/home/andrea/pico/pico-sdk/lib/tinyusb/src/tusb.c.o
                0x100071fc                tu_edpt_stream_deinit
 .text.tu_edpt_stream_write_zlp_if_needed
                0x10007200       0x68 CMakeFiles/reaction-tester.dir/home/andrea/pico/pico-sdk/lib/tinyusb/src/tusb.c.o
                0x10007200                tu_edpt_stream_write_zlp_if_needed
 .text.tu_edpt_stream_write_xfer
                0x10007268       0x64 CMakeFiles/reaction-tester.dir/home/andrea/pico/pico-sdk/lib/tinyusb/src/tusb.c.o
                0x10007268                tu_edpt_stream_write_xfer
 .text.tu_edpt_stream_read_xfer
                0x100072cc       0xdc CMakeFiles/reaction-tester.dir/home/andrea/pico/pico-sdk/lib/tinyusb/src/tusb.c.o
                0x100072cc                tu_edpt_stream_read_xfer
 .text.tu_fifo_config
                0x100073a8       0x6c CMakeFiles/reaction-tester.dir/home/andrea/pico/pico-sdk/lib/tinyusb/src/common/tusb_fifo.c.o
                0x100073a8                tu_fifo_config
 .text.tu_fifo_count
                0x10007414       0x2c CMakeFiles/reaction-tester.dir/home/andrea/pico/pico-sdk/lib/tinyusb/src/common/tusb_fifo.c.o
                0x10007414                tu_fifo_count
 .text.tu_fifo_empty
                0x10007440       0x10 CMakeFiles/reaction-tester.dir/home/andrea/pico/pico-sdk/lib/tinyusb/src/common/tusb_fifo.c.o
                0x10007440                tu_fifo_empty
 .text.tu_fifo_remaining
                0x10007450       0x2c CMakeFiles/reaction-tester.dir/home/andrea/pico/pico-sdk/lib/tinyusb/src/common/tusb_fifo.c.o
                0x10007450                tu_fifo_remaining
 .text.tu_fifo_read
                0x1000747c       0x9c CMakeFiles/reaction-tester.dir/home/andrea/pico/pico-sdk/lib/tinyusb/src/common/tusb_fifo.c.o
                0x1000747c                tu_fifo_read
 .text.tu_fifo_read_n
                0x10007518       0xe8 CMakeFiles/reaction-tester.dir/home/andrea/pico/pico-sdk/lib/tinyusb/src/common/tusb_fifo.c.o
                0x10007518                tu_fifo_read_n
 .text.tu_fifo_write
                0x10007600       0xa8 CMakeFiles/reaction-tester.dir/home/andrea/pico/pico-sdk/lib/tinyusb/src/common/tusb_fifo.c.o
                0x10007600                tu_fifo_write
 .text.tu_fifo_write_n
                0x100076a8      0x178 CMakeFiles/reaction-tester.dir/home/andrea/pico/pico-sdk/lib/tinyusb/src/common/tusb_fifo.c.o
                0x100076a8                tu_fifo_write_n
 .text.tu_fifo_clear
                0x10007820       0x40 CMakeFiles/reaction-tester.dir/home/andrea/pico/pico-sdk/lib/tinyusb/src/common/tusb_fifo.c.o
                0x10007820                tu_fifo_clear
 .text.tu_fifo_set_overwritable
                0x10007860       0x48 CMakeFiles/reaction-tester.dir/home/andrea/pico/pico-sdk/lib/tinyusb/src/common/tusb_fifo.c.o
                0x10007860                tu_fifo_set_overwritable
 *fill*         0x100078a8        0x8 
 .text.vPortStartFirstTask
                0x100078b0       0x38 CMakeFiles/reaction-tester.dir/__/__/FreeRTOS-Kernel/portable/ThirdParty/GCC/RP2040/port.c.o
 .text.prvFIFOInterruptHandler
                0x100078e8       0x2c CMakeFiles/reaction-tester.dir/__/__/FreeRTOS-Kernel/portable/ThirdParty/GCC/RP2040/port.c.o
 *fill*         0x10007914        0xc 
 .text.xPortPendSVHandler
                0x10007920       0x78 CMakeFiles/reaction-tester.dir/__/__/FreeRTOS-Kernel/portable/ThirdParty/GCC/RP2040/port.c.o
                0x10007920                xPortPendSVHandler
 .text.prvTaskExitError
                0x10007998        0x8 CMakeFiles/reaction-tester.dir/__/__/FreeRTOS-Kernel/portable/ThirdParty/GCC/RP2040/port.c.o
 .text.xPortSysTickHandler
                0x100079a0       0x24 CMakeFiles/reaction-tester.dir/__/__/FreeRTOS-Kernel/portable/ThirdParty/GCC/RP2040/port.c.o
                0x100079a0                xPortSysTickHandler
 .text.vPortSVCHandler
                0x100079c4        0x4 CMakeFiles/reaction-tester.dir/__/__/FreeRTOS-Kernel/portable/ThirdParty/GCC/RP2040/port.c.o
                0x100079c4                vPortSVCHandler
 .text.pxPortInitialiseStack
                0x100079c8       0x20 CMakeFiles/reaction-tester.dir/__/__/FreeRTOS-Kernel/portable/ThirdParty/GCC/RP2040/port.c.o
                0x100079c8                pxPortInitialiseStack
 .text.vPortYield
                0x100079e8       0x18 CMakeFiles/reaction-tester.dir/__/__/FreeRTOS-Kernel/portable/ThirdParty/GCC/RP2040/port.c.o
                0x100079e8                vPortYield
 .text.ulSetInterruptMaskFromISR
                0x10007a00        0x8 CMakeFiles/reaction-tester.dir/__/__/FreeRTOS-Kernel/portable/ThirdParty/GCC/RP2040/port.c.o
                0x10007a00                ulSetInterruptMaskFromISR
 .text.vClearInterruptMaskFromISR
                0x10007a08        0x8 CMakeFiles/reaction-tester.dir/__/__/FreeRTOS-Kernel/portable/ThirdParty/GCC/RP2040/port.c.o
                0x10007a08                vClearInterruptMaskFromISR
 .text.vYieldCore
                0x10007a10        0xc CMakeFiles/reaction-tester.dir/__/__/FreeRTOS-Kernel/portable/ThirdParty/GCC/RP2040/port.c.o
                0x10007a10                vYieldCore
 .text.vPortSetupTimerInterrupt
                0x10007a1c       0x34 CMakeFiles/reaction-tester.dir/__/__/FreeRTOS-Kernel/portable/ThirdParty/GCC/RP2040/port.c.o
                0x10007a1c                vPortSetupTimerInterrupt
 .text.xPortStartSchedulerOnCore.isra.0
                0x10007a50       0xa4 CMakeFiles/reaction-tester.dir/__/__/FreeRTOS-Kernel/portable/ThirdParty/GCC/RP2040/port.c.o
 .text.prvDisableInterruptsAndPortStartSchedulerOnCore
                0x10007af4        0x8 CMakeFiles/reaction-tester.dir/__/__/FreeRTOS-Kernel/portable/ThirdParty/GCC/RP2040/port.c.o
 .text.xPortStartScheduler
                0x10007afc       0x2c CMakeFiles/reaction-tester.dir/__/__/FreeRTOS-Kernel/portable/ThirdParty/GCC/RP2040/port.c.o
                0x10007afc                xPortStartScheduler
 .text.ulPortLockGetCurrentOwnerId
                0x10007b28       0x30 CMakeFiles/reaction-tester.dir/__/__/FreeRTOS-Kernel/portable/ThirdParty/GCC/RP2040/port.c.o
                0x10007b28                ulPortLockGetCurrentOwnerId
 .text.vPortLockInternalSpinUnlockWithWait
                0x10007b58       0x64 CMakeFiles/reaction-tester.dir/__/__/FreeRTOS-Kernel/portable/ThirdParty/GCC/RP2040/port.c.o
                0x10007b58                vPortLockInternalSpinUnlockWithWait
 .text.vPortLockInternalSpinUnlockWithNotify
                0x10007bbc       0x88 CMakeFiles/reaction-tester.dir/__/__/FreeRTOS-Kernel/portable/ThirdParty/GCC/RP2040/port.c.o
                0x10007bbc                vPortLockInternalSpinUnlockWithNotify
 .text.xPortLockInternalSpinUnlockWithBestEffortWaitOrTimeout
                0x10007c44       0xe4 CMakeFiles/reaction-tester.dir/__/__/FreeRTOS-Kernel/portable/ThirdParty/GCC/RP2040/port.c.o
                0x10007c44                xPortLockInternalSpinUnlockWithBestEffortWaitOrTimeout
 .text.startup.prvRuntimeInitializer
                0x10007d28       0x18 CMakeFiles/reaction-tester.dir/__/__/FreeRTOS-Kernel/portable/ThirdParty/GCC/RP2040/port.c.o
 .text.vEventGroupSetBitsCallback
                0x10007d40       0x90 CMakeFiles/reaction-tester.dir/__/__/FreeRTOS-Kernel/event_groups.c.o
                0x10007d40                vEventGroupSetBitsCallback
 .text.xEventGroupCreateStatic
                0x10007dd0       0x20 CMakeFiles/reaction-tester.dir/__/__/FreeRTOS-Kernel/event_groups.c.o
                0x10007dd0                xEventGroupCreateStatic
 .text.xEventGroupWaitBits
                0x10007df0       0xb8 CMakeFiles/reaction-tester.dir/__/__/FreeRTOS-Kernel/event_groups.c.o
                0x10007df0                xEventGroupWaitBits
 .text.xEventGroupSetBits
                0x10007ea8       0x9c CMakeFiles/reaction-tester.dir/__/__/FreeRTOS-Kernel/event_groups.c.o
                0x10007ea8                xEventGroupSetBits
 .text.xEventGroupSetBitsFromISR
                0x10007f44       0x18 CMakeFiles/reaction-tester.dir/__/__/FreeRTOS-Kernel/event_groups.c.o
                0x10007f44                xEventGroupSetBitsFromISR
 .text.vListInitialise
                0x10007f5c       0x18 CMakeFiles/reaction-tester.dir/__/__/FreeRTOS-Kernel/list.c.o
                0x10007f5c                vListInitialise
 .text.vListInitialiseItem
                0x10007f74        0x8 CMakeFiles/reaction-tester.dir/__/__/FreeRTOS-Kernel/list.c.o
                0x10007f74                vListInitialiseItem
 .text.vListInsertEnd
                0x10007f7c       0x18 CMakeFiles/reaction-tester.dir/__/__/FreeRTOS-Kernel/list.c.o
                0x10007f7c                vListInsertEnd
 .text.vListInsert
                0x10007f94       0x30 CMakeFiles/reaction-tester.dir/__/__/FreeRTOS-Kernel/list.c.o
                0x10007f94                vListInsert
 .text.uxListRemove
                0x10007fc4       0x20 CMakeFiles/reaction-tester.dir/__/__/FreeRTOS-Kernel/list.c.o
                0x10007fc4                uxListRemove
 .text.prvUnlockQueue
                0x10007fe4      0x180 CMakeFiles/reaction-tester.dir/__/__/FreeRTOS-Kernel/queue.c.o
 .text.prvNotifyQueueSetContainer
                0x10008164       0x90 CMakeFiles/reaction-tester.dir/__/__/FreeRTOS-Kernel/queue.c.o
 .text.xQueueGenericCreateStatic
                0x100081f4       0xb4 CMakeFiles/reaction-tester.dir/__/__/FreeRTOS-Kernel/queue.c.o
                0x100081f4                xQueueGenericCreateStatic
 .text.xQueueGenericCreate
                0x100082a8       0xa8 CMakeFiles/reaction-tester.dir/__/__/FreeRTOS-Kernel/queue.c.o
                0x100082a8                xQueueGenericCreate
 .text.xQueueGenericSend
                0x10008350      0x1d8 CMakeFiles/reaction-tester.dir/__/__/FreeRTOS-Kernel/queue.c.o
                0x10008350                xQueueGenericSend
 .text.xQueueGenericSendFromISR
                0x10008528      0x134 CMakeFiles/reaction-tester.dir/__/__/FreeRTOS-Kernel/queue.c.o
                0x10008528                xQueueGenericSendFromISR
 .text.xQueueGiveFromISR
                0x1000865c       0x7c CMakeFiles/reaction-tester.dir/__/__/FreeRTOS-Kernel/queue.c.o
                0x1000865c                xQueueGiveFromISR
 .text.xQueueReceive
                0x100086d8      0x11c CMakeFiles/reaction-tester.dir/__/__/FreeRTOS-Kernel/queue.c.o
                0x100086d8                xQueueReceive
 .text.xQueueSemaphoreTake
                0x100087f4      0x14c CMakeFiles/reaction-tester.dir/__/__/FreeRTOS-Kernel/queue.c.o
                0x100087f4                xQueueSemaphoreTake
 .text.vQueueAddToRegistry
                0x10008940      0x118 CMakeFiles/reaction-tester.dir/__/__/FreeRTOS-Kernel/queue.c.o
                0x10008940                vQueueAddToRegistry
 .text.vQueueWaitForMessageRestricted
                0x10008a58       0x48 CMakeFiles/reaction-tester.dir/__/__/FreeRTOS-Kernel/queue.c.o
                0x10008a58                vQueueWaitForMessageRestricted
 .text.prvPassiveIdleTask
                0x10008aa0       0x20 CMakeFiles/reaction-tester.dir/__/__/FreeRTOS-Kernel/tasks.c.o
 .text.prvYieldForTask
                0x10008ac0       0xc0 CMakeFiles/reaction-tester.dir/__/__/FreeRTOS-Kernel/tasks.c.o
 .text.prvAddCurrentTaskToDelayedList
                0x10008b80      0x144 CMakeFiles/reaction-tester.dir/__/__/FreeRTOS-Kernel/tasks.c.o
 .text.prvInitialiseNewTask.constprop.0
                0x10008cc4      0x124 CMakeFiles/reaction-tester.dir/__/__/FreeRTOS-Kernel/tasks.c.o
 .text.prvCheckForRunStateChange
                0x10008de8      0x15c CMakeFiles/reaction-tester.dir/__/__/FreeRTOS-Kernel/tasks.c.o
 .text.xTaskIncrementTick.part.0
                0x10008f44      0x1f0 CMakeFiles/reaction-tester.dir/__/__/FreeRTOS-Kernel/tasks.c.o
 .text.vTaskSuspendAll.part.0
                0x10009134       0xb8 CMakeFiles/reaction-tester.dir/__/__/FreeRTOS-Kernel/tasks.c.o
 .text.vTaskSuspendAll
                0x100091ec       0xc4 CMakeFiles/reaction-tester.dir/__/__/FreeRTOS-Kernel/tasks.c.o
                0x100091ec                vTaskSuspendAll
 .text.xTaskGetTickCount
                0x100092b0        0xc CMakeFiles/reaction-tester.dir/__/__/FreeRTOS-Kernel/tasks.c.o
                0x100092b0                xTaskGetTickCount
 .text.uxTaskGetNumberOfTasks
                0x100092bc        0xc CMakeFiles/reaction-tester.dir/__/__/FreeRTOS-Kernel/tasks.c.o
                0x100092bc                uxTaskGetNumberOfTasks
 .text.xTaskIncrementTick
                0x100092c8       0x24 CMakeFiles/reaction-tester.dir/__/__/FreeRTOS-Kernel/tasks.c.o
                0x100092c8                xTaskIncrementTick
 .text.vTaskSwitchContext
                0x100092ec      0x2fc CMakeFiles/reaction-tester.dir/__/__/FreeRTOS-Kernel/tasks.c.o
                0x100092ec                vTaskSwitchContext
 .text.vTaskPlaceOnEventList
                0x100095e8      0x148 CMakeFiles/reaction-tester.dir/__/__/FreeRTOS-Kernel/tasks.c.o
                0x100095e8                vTaskPlaceOnEventList
 .text.vTaskPlaceOnUnorderedEventList
                0x10009730       0x9c CMakeFiles/reaction-tester.dir/__/__/FreeRTOS-Kernel/tasks.c.o
                0x10009730                vTaskPlaceOnUnorderedEventList
 .text.vTaskPlaceOnEventListRestricted
                0x100097cc       0x8c CMakeFiles/reaction-tester.dir/__/__/FreeRTOS-Kernel/tasks.c.o
                0x100097cc                vTaskPlaceOnEventListRestricted
 .text.xTaskRemoveFromEventList
                0x10009858       0xcc CMakeFiles/reaction-tester.dir/__/__/FreeRTOS-Kernel/tasks.c.o
                0x10009858                xTaskRemoveFromEventList
 .text.vTaskInternalSetTimeOutState
                0x10009924       0x18 CMakeFiles/reaction-tester.dir/__/__/FreeRTOS-Kernel/tasks.c.o
                0x10009924                vTaskInternalSetTimeOutState
 .text.xTaskCheckForTimeOut
                0x1000993c      0x204 CMakeFiles/reaction-tester.dir/__/__/FreeRTOS-Kernel/tasks.c.o
                0x1000993c                xTaskCheckForTimeOut
 .text.vTaskMissedYield
                0x10009b40       0x14 CMakeFiles/reaction-tester.dir/__/__/FreeRTOS-Kernel/tasks.c.o
                0x10009b40                vTaskMissedYield
 .text.xTaskGetCurrentTaskHandle
                0x10009b54       0x1c CMakeFiles/reaction-tester.dir/__/__/FreeRTOS-Kernel/tasks.c.o
                0x10009b54                xTaskGetCurrentTaskHandle
 .text.xTaskGetSchedulerState
                0x10009b70      0x144 CMakeFiles/reaction-tester.dir/__/__/FreeRTOS-Kernel/tasks.c.o
                0x10009b70                xTaskGetSchedulerState
 .text.xTaskPriorityInherit
                0x10009cb4       0xfc CMakeFiles/reaction-tester.dir/__/__/FreeRTOS-Kernel/tasks.c.o
                0x10009cb4                xTaskPriorityInherit
 .text.xTaskPriorityDisinherit
                0x10009db0       0xb8 CMakeFiles/reaction-tester.dir/__/__/FreeRTOS-Kernel/tasks.c.o
                0x10009db0                xTaskPriorityDisinherit
 .text.vTaskPriorityDisinheritAfterTimeout
                0x10009e68       0xcc CMakeFiles/reaction-tester.dir/__/__/FreeRTOS-Kernel/tasks.c.o
                0x10009e68                vTaskPriorityDisinheritAfterTimeout
 .text.vTaskYieldWithinAPI
                0x10009f34       0x34 CMakeFiles/reaction-tester.dir/__/__/FreeRTOS-Kernel/tasks.c.o
                0x10009f34                vTaskYieldWithinAPI
 .text.vTaskEnterCritical
                0x10009f68       0xbc CMakeFiles/reaction-tester.dir/__/__/FreeRTOS-Kernel/tasks.c.o
                0x10009f68                vTaskEnterCritical
 .text.vTaskEnterCriticalFromISR
                0x1000a024       0x70 CMakeFiles/reaction-tester.dir/__/__/FreeRTOS-Kernel/tasks.c.o
                0x1000a024                vTaskEnterCriticalFromISR
 .text.vTaskExitCritical
                0x1000a094       0x88 CMakeFiles/reaction-tester.dir/__/__/FreeRTOS-Kernel/tasks.c.o
                0x1000a094                vTaskExitCritical
 .text.prvAddNewTaskToReadyList
                0x1000a11c       0xec CMakeFiles/reaction-tester.dir/__/__/FreeRTOS-Kernel/tasks.c.o
 .text.xTaskCreateStaticAffinitySet
                0x1000a208      0x15c CMakeFiles/reaction-tester.dir/__/__/FreeRTOS-Kernel/tasks.c.o
                0x1000a208                xTaskCreateStaticAffinitySet
 .text.xTaskCreate
                0x1000a364       0x6c CMakeFiles/reaction-tester.dir/__/__/FreeRTOS-Kernel/tasks.c.o
                0x1000a364                xTaskCreate
 .text.vTaskStartScheduler
                0x1000a3d0      0x144 CMakeFiles/reaction-tester.dir/__/__/FreeRTOS-Kernel/tasks.c.o
                0x1000a3d0                vTaskStartScheduler
 .text.vTaskDelete
                0x1000a514      0x160 CMakeFiles/reaction-tester.dir/__/__/FreeRTOS-Kernel/tasks.c.o
                0x1000a514                vTaskDelete
 .text.xTaskResumeAll.part.0
                0x1000a674      0x1ac CMakeFiles/reaction-tester.dir/__/__/FreeRTOS-Kernel/tasks.c.o
 .text.xTaskResumeAll
                0x1000a820       0x18 CMakeFiles/reaction-tester.dir/__/__/FreeRTOS-Kernel/tasks.c.o
                0x1000a820                xTaskResumeAll
 .text.vTaskDelay
                0x1000a838       0x70 CMakeFiles/reaction-tester.dir/__/__/FreeRTOS-Kernel/tasks.c.o
                0x1000a838                vTaskDelay
 .text.vTaskRemoveFromUnorderedEventList
                0x1000a8a8       0x8c CMakeFiles/reaction-tester.dir/__/__/FreeRTOS-Kernel/tasks.c.o
                0x1000a8a8                vTaskRemoveFromUnorderedEventList
 .text.prvIdleTask
                0x1000a934      0x228 CMakeFiles/reaction-tester.dir/__/__/FreeRTOS-Kernel/tasks.c.o
 .text.vTaskExitCriticalFromISR
                0x1000ab5c       0x58 CMakeFiles/reaction-tester.dir/__/__/FreeRTOS-Kernel/tasks.c.o
                0x1000ab5c                vTaskExitCriticalFromISR
 .text.uxTaskResetEventItemValue
                0x1000abb4       0x48 CMakeFiles/reaction-tester.dir/__/__/FreeRTOS-Kernel/tasks.c.o
                0x1000abb4                uxTaskResetEventItemValue
 .text.pvTaskIncrementMutexHeldCount
                0x1000abfc       0x28 CMakeFiles/reaction-tester.dir/__/__/FreeRTOS-Kernel/tasks.c.o
                0x1000abfc                pvTaskIncrementMutexHeldCount
 .text.vApplicationGetTimerTaskMemory
                0x1000ac24       0x18 CMakeFiles/reaction-tester.dir/__/__/FreeRTOS-Kernel/tasks.c.o
                0x1000ac24                vApplicationGetTimerTaskMemory
 .text.prvTimerTask
                0x1000ac3c      0x3b4 CMakeFiles/reaction-tester.dir/__/__/FreeRTOS-Kernel/timers.c.o
 .text.xTimerCreateTimerTask
                0x1000aff0       0xb4 CMakeFiles/reaction-tester.dir/__/__/FreeRTOS-Kernel/timers.c.o
                0x1000aff0                xTimerCreateTimerTask
 .text.xTimerPendFunctionCallFromISR
                0x1000b0a4       0x28 CMakeFiles/reaction-tester.dir/__/__/FreeRTOS-Kernel/timers.c.o
                0x1000b0a4                xTimerPendFunctionCallFromISR
 .text.exception_set_exclusive_handler
                0x1000b0cc       0x48 CMakeFiles/reaction-tester.dir/home/andrea/pico/pico-sdk/src/rp2_common/hardware_exception/exception.c.o
                0x1000b0cc                exception_set_exclusive_handler
 .text.core1_trampoline
                0x1000b114        0x4 CMakeFiles/reaction-tester.dir/home/andrea/pico/pico-sdk/src/rp2_common/pico_multicore/multicore.c.o
 .text.core1_wrapper
                0x1000b118        0xc CMakeFiles/reaction-tester.dir/home/andrea/pico/pico-sdk/src/rp2_common/pico_multicore/multicore.c.o
                0x1000b118                core1_wrapper
 .text.multicore_reset_core1
                0x1000b124       0x60 CMakeFiles/reaction-tester.dir/home/andrea/pico/pico-sdk/src/rp2_common/pico_multicore/multicore.c.o
                0x1000b124                multicore_reset_core1
 .text.multicore_launch_core1_raw
                0x1000b184       0x84 CMakeFiles/reaction-tester.dir/home/andrea/pico/pico-sdk/src/rp2_common/pico_multicore/multicore.c.o
                0x1000b184                multicore_launch_core1_raw
 .text.multicore_launch_core1
                0x1000b208       0x58 CMakeFiles/reaction-tester.dir/home/andrea/pico/pico-sdk/src/rp2_common/pico_multicore/multicore.c.o
                0x1000b208                multicore_launch_core1
 .text.pvPortMalloc
                0x1000b260      0x124 CMakeFiles/reaction-tester.dir/__/__/FreeRTOS-Kernel/portable/MemMang/heap_4.c.o
                0x1000b260                pvPortMalloc
 .text.vPortFree
                0x1000b384       0x98 CMakeFiles/reaction-tester.dir/__/__/FreeRTOS-Kernel/portable/MemMang/heap_4.c.o
                0x1000b384                vPortFree
 .text.rcl_get_zero_initialized_publisher
                0x1000b41c        0xc /home/andrea/pico/pico-reaction-tester/libmicroros/libmicroros.a(librcl-publisher.c.obj)
                0x1000b41c                rcl_get_zero_initialized_publisher
 .text.rcl_publisher_init
                0x1000b428      0x13c /home/andrea/pico/pico-reaction-tester/libmicroros/libmicroros.a(librcl-publisher.c.obj)
                0x1000b428                rcl_publisher_init
 .text.rcl_publisher_get_default_options
                0x1000b564       0x74 /home/andrea/pico/pico-reaction-tester/libmicroros/libmicroros.a(librcl-publisher.c.obj)
                0x1000b564                rcl_publisher_get_default_options
 .text.rcl_publish
                0x1000b5d8       0x4c /home/andrea/pico/pico-reaction-tester/libmicroros/libmicroros.a(librcl-publisher.c.obj)
                0x1000b5d8                rcl_publish
 .text.rcl_publisher_is_valid
                0x1000b624       0x30 /home/andrea/pico/pico-reaction-tester/libmicroros/libmicroros.a(librcl-publisher.c.obj)
                0x1000b624                rcl_publisher_is_valid
 .text.rcl_publisher_is_valid_except_context
                0x1000b654       0x1c /home/andrea/pico/pico-reaction-tester/libmicroros/libmicroros.a(librcl-publisher.c.obj)
                0x1000b654                rcl_publisher_is_valid_except_context
 .text._rclc_check_for_new_data
                0x1000b670       0x94 /home/andrea/pico/pico-reaction-tester/libmicroros/libmicroros.a(librclc-executor.c.obj)
 .text._rclc_take_new_data
                0x1000b704      0x2dc /home/andrea/pico/pico-reaction-tester/libmicroros/libmicroros.a(librclc-executor.c.obj)
 .text.rclc_executor_trigger_any
                0x1000b9e0       0x6c /home/andrea/pico/pico-reaction-tester/libmicroros/libmicroros.a(librclc-executor.c.obj)
                0x1000b9e0                rclc_executor_trigger_any
 .text._rclc_execute
                0x1000ba4c      0x300 /home/andrea/pico/pico-reaction-tester/libmicroros/libmicroros.a(librclc-executor.c.obj)
 .text.rclc_executor_init
                0x1000bd4c       0xc0 /home/andrea/pico/pico-reaction-tester/libmicroros/libmicroros.a(librclc-executor.c.obj)
                0x1000bd4c                rclc_executor_init
 .text.rclc_executor_add_subscription
                0x1000be0c       0x74 /home/andrea/pico/pico-reaction-tester/libmicroros/libmicroros.a(librclc-executor.c.obj)
                0x1000be0c                rclc_executor_add_subscription
 .text.rclc_executor_prepare
                0x1000be80       0x8c /home/andrea/pico/pico-reaction-tester/libmicroros/libmicroros.a(librclc-executor.c.obj)
                0x1000be80                rclc_executor_prepare
 .text.rclc_executor_spin_some
                0x1000bf0c      0x2d0 /home/andrea/pico/pico-reaction-tester/libmicroros/libmicroros.a(librclc-executor.c.obj)
                0x1000bf0c                rclc_executor_spin_some
 .text.rclc_executor_handle_counters_zero_init
                0x1000c1dc       0x18 /home/andrea/pico/pico-reaction-tester/libmicroros/libmicroros.a(librclc-executor_handle.c.obj)
                0x1000c1dc                rclc_executor_handle_counters_zero_init
 .text.rclc_executor_handle_init
                0x1000c1f4       0x20 /home/andrea/pico/pico-reaction-tester/libmicroros/libmicroros.a(librclc-executor_handle.c.obj)
                0x1000c1f4                rclc_executor_handle_init
 .text.rclc_support_init
                0x1000c214       0x94 /home/andrea/pico/pico-reaction-tester/libmicroros/libmicroros.a(librclc-init.c.obj)
                0x1000c214                rclc_support_init
 .text.rclc_node_init_default
                0x1000c2a8       0x74 /home/andrea/pico/pico-reaction-tester/libmicroros/libmicroros.a(librclc-node.c.obj)
                0x1000c2a8                rclc_node_init_default
 .text.rclc_publisher_init_default
                0x1000c31c       0x68 /home/andrea/pico/pico-reaction-tester/libmicroros/libmicroros.a(librclc-publisher.c.obj)
                0x1000c31c                rclc_publisher_init_default
 .text.rclc_subscription_init_default
                0x1000c384       0x68 /home/andrea/pico/pico-reaction-tester/libmicroros/libmicroros.a(librclc-subscription.c.obj)
                0x1000c384                rclc_subscription_init_default
 .text.__default_zero_allocate
                0x1000c3ec        0x8 /home/andrea/pico/pico-reaction-tester/libmicroros/libmicroros.a(librcutils-allocator.c.obj)
 .text.__default_reallocate
                0x1000c3f4        0x8 /home/andrea/pico/pico-reaction-tester/libmicroros/libmicroros.a(librcutils-allocator.c.obj)
 .text.__default_deallocate
                0x1000c3fc        0x8 /home/andrea/pico/pico-reaction-tester/libmicroros/libmicroros.a(librcutils-allocator.c.obj)
 .text.__default_allocate
                0x1000c404        0x8 /home/andrea/pico/pico-reaction-tester/libmicroros/libmicroros.a(librcutils-allocator.c.obj)
 .text.rcutils_get_zero_initialized_allocator
                0x1000c40c       0x14 /home/andrea/pico/pico-reaction-tester/libmicroros/libmicroros.a(librcutils-allocator.c.obj)
                0x1000c40c                rcutils_get_zero_initialized_allocator
 .text.rcutils_get_default_allocator
                0x1000c420       0x14 /home/andrea/pico/pico-reaction-tester/libmicroros/libmicroros.a(librcutils-allocator.c.obj)
                0x1000c420                rcutils_get_default_allocator
 .text.rcutils_allocator_is_valid
                0x1000c434       0x24 /home/andrea/pico/pico-reaction-tester/libmicroros/libmicroros.a(librcutils-allocator.c.obj)
                0x1000c434                rcutils_allocator_is_valid
 .text.rcutils_get_error_string
                0x1000c458       0x34 /home/andrea/pico/pico-reaction-tester/libmicroros/libmicroros.a(librcutils-error_handling.c.obj)
                0x1000c458                rcutils_get_error_string
 .text.rcutils_reset_error
                0x1000c48c       0x38 /home/andrea/pico/pico-reaction-tester/libmicroros/libmicroros.a(librcutils-error_handling.c.obj)
                0x1000c48c                rcutils_reset_error
 .text.rcutils_system_time_now
                0x1000c4c4       0x58 /home/andrea/pico/pico-reaction-tester/libmicroros/libmicroros.a(librcutils-time_unix.c.obj)
                0x1000c4c4                rcutils_system_time_now
 .text.rcutils_steady_time_now
                0x1000c51c       0x58 /home/andrea/pico/pico-reaction-tester/libmicroros/libmicroros.a(librcutils-time_unix.c.obj)
                0x1000c51c                rcutils_steady_time_now
 .text.rmw_get_default_publisher_options
                0x1000c574        0x8 /home/andrea/pico/pico-reaction-tester/libmicroros/libmicroros.a(librmw-publisher_options.c.obj)
                0x1000c574                rmw_get_default_publisher_options
 .text.rmw_uros_set_custom_transport
                0x1000c57c       0x34 /home/andrea/pico/pico-reaction-tester/libmicroros/libmicroros.a(librmw_microxrcedds-custom_transport.c.obj)
                0x1000c57c                rmw_uros_set_custom_transport
 .text.flush_session
                0x1000c5b0        0xc /home/andrea/pico/pico-reaction-tester/libmicroros/libmicroros.a(librmw_microxrcedds-rmw_publish.c.obj)
                0x1000c5b0                flush_session
 .text.rmw_publish
                0x1000c5bc       0xd0 /home/andrea/pico/pico-reaction-tester/libmicroros/libmicroros.a(librmw_microxrcedds-rmw_publish.c.obj)
                0x1000c5bc                rmw_publish
 .text.rmw_create_publisher
                0x1000c68c      0x204 /home/andrea/pico/pico-reaction-tester/libmicroros/libmicroros.a(librmw_microxrcedds-rmw_publisher.c.obj)
                0x1000c68c                rmw_create_publisher
 .text.rmw_publisher_get_actual_qos
                0x1000c890       0x20 /home/andrea/pico/pico-reaction-tester/libmicroros/libmicroros.a(librmw_microxrcedds-rmw_publisher.c.obj)
                0x1000c890                rmw_publisher_get_actual_qos
 .text.rmw_destroy_publisher
                0x1000c8b0       0xe4 /home/andrea/pico/pico-reaction-tester/libmicroros/libmicroros.a(librmw_microxrcedds-rmw_publisher.c.obj)
                0x1000c8b0                rmw_destroy_publisher
 .text.rmw_uxrce_init_service_memory
                0x1000c994       0x48 /home/andrea/pico/pico-reaction-tester/libmicroros/libmicroros.a(librmw_microxrcedds-types.c.obj)
                0x1000c994                rmw_uxrce_init_service_memory
 .text.rmw_uxrce_init_client_memory
                0x1000c9dc       0x48 /home/andrea/pico/pico-reaction-tester/libmicroros/libmicroros.a(librmw_microxrcedds-types.c.obj)
                0x1000c9dc                rmw_uxrce_init_client_memory
 .text.rmw_uxrce_init_publisher_memory
                0x1000ca24       0x48 /home/andrea/pico/pico-reaction-tester/libmicroros/libmicroros.a(librmw_microxrcedds-types.c.obj)
                0x1000ca24                rmw_uxrce_init_publisher_memory
 .text.rmw_uxrce_init_subscription_memory
                0x1000ca6c       0x48 /home/andrea/pico/pico-reaction-tester/libmicroros/libmicroros.a(librmw_microxrcedds-types.c.obj)
                0x1000ca6c                rmw_uxrce_init_subscription_memory
 .text.rmw_uxrce_init_node_memory
                0x1000cab4       0x48 /home/andrea/pico/pico-reaction-tester/libmicroros/libmicroros.a(librmw_microxrcedds-types.c.obj)
                0x1000cab4                rmw_uxrce_init_node_memory
 .text.rmw_uxrce_init_session_memory
                0x1000cafc       0x50 /home/andrea/pico/pico-reaction-tester/libmicroros/libmicroros.a(librmw_microxrcedds-types.c.obj)
                0x1000cafc                rmw_uxrce_init_session_memory
 .text.rmw_uxrce_init_topic_memory
                0x1000cb4c       0x48 /home/andrea/pico/pico-reaction-tester/libmicroros/libmicroros.a(librmw_microxrcedds-types.c.obj)
                0x1000cb4c                rmw_uxrce_init_topic_memory
 .text.rmw_uxrce_init_static_input_buffer_memory
                0x1000cb94       0x50 /home/andrea/pico/pico-reaction-tester/libmicroros/libmicroros.a(librmw_microxrcedds-types.c.obj)
                0x1000cb94                rmw_uxrce_init_static_input_buffer_memory
 .text.rmw_uxrce_init_init_options_impl_memory
                0x1000cbe4       0x48 /home/andrea/pico/pico-reaction-tester/libmicroros/libmicroros.a(librmw_microxrcedds-types.c.obj)
                0x1000cbe4                rmw_uxrce_init_init_options_impl_memory
 .text.rmw_uxrce_init_wait_set_memory
                0x1000cc2c       0x48 /home/andrea/pico/pico-reaction-tester/libmicroros/libmicroros.a(librmw_microxrcedds-types.c.obj)
                0x1000cc2c                rmw_uxrce_init_wait_set_memory
 .text.rmw_uxrce_init_guard_condition_memory
                0x1000cc74       0x48 /home/andrea/pico/pico-reaction-tester/libmicroros/libmicroros.a(librmw_microxrcedds-types.c.obj)
                0x1000cc74                rmw_uxrce_init_guard_condition_memory
 .text.rmw_uxrce_fini_session_memory
                0x1000ccbc       0x14 /home/andrea/pico/pico-reaction-tester/libmicroros/libmicroros.a(librmw_microxrcedds-types.c.obj)
                0x1000ccbc                rmw_uxrce_fini_session_memory
 .text.rmw_uxrce_fini_node_memory
                0x1000ccd0       0x34 /home/andrea/pico/pico-reaction-tester/libmicroros/libmicroros.a(librmw_microxrcedds-types.c.obj)
                0x1000ccd0                rmw_uxrce_fini_node_memory
 .text.rmw_uxrce_fini_publisher_memory
                0x1000cd04       0x34 /home/andrea/pico/pico-reaction-tester/libmicroros/libmicroros.a(librmw_microxrcedds-types.c.obj)
                0x1000cd04                rmw_uxrce_fini_publisher_memory
 .text.rmw_uxrce_fini_subscription_memory
                0x1000cd38       0x34 /home/andrea/pico/pico-reaction-tester/libmicroros/libmicroros.a(librmw_microxrcedds-types.c.obj)
                0x1000cd38                rmw_uxrce_fini_subscription_memory
 .text.rmw_uxrce_fini_service_memory
                0x1000cd6c       0x34 /home/andrea/pico/pico-reaction-tester/libmicroros/libmicroros.a(librmw_microxrcedds-types.c.obj)
                0x1000cd6c                rmw_uxrce_fini_service_memory
 .text.rmw_uxrce_fini_client_memory
                0x1000cda0       0x34 /home/andrea/pico/pico-reaction-tester/libmicroros/libmicroros.a(librmw_microxrcedds-types.c.obj)
                0x1000cda0                rmw_uxrce_fini_client_memory
 .text.rmw_uxrce_fini_topic_memory
                0x1000cdd4       0x18 /home/andrea/pico/pico-reaction-tester/libmicroros/libmicroros.a(librmw_microxrcedds-types.c.obj)
                0x1000cdd4                rmw_uxrce_fini_topic_memory
 .text.rmw_uxrce_get_static_input_buffer_for_entity
                0x1000cdec       0xb4 /home/andrea/pico/pico-reaction-tester/libmicroros/libmicroros.a(librmw_microxrcedds-types.c.obj)
                0x1000cdec                rmw_uxrce_get_static_input_buffer_for_entity
 .text.rmw_uxrce_find_static_input_buffer_by_owner
                0x1000cea0       0x5c /home/andrea/pico/pico-reaction-tester/libmicroros/libmicroros.a(librmw_microxrcedds-types.c.obj)
                0x1000cea0                rmw_uxrce_find_static_input_buffer_by_owner
 .text.rmw_uxrce_clean_expired_static_input_buffer
                0x1000cefc      0x108 /home/andrea/pico/pico-reaction-tester/libmicroros/libmicroros.a(librmw_microxrcedds-types.c.obj)
                0x1000cefc                rmw_uxrce_clean_expired_static_input_buffer
 .text.run_xrce_session
                0x1000d004       0x44 /home/andrea/pico/pico-reaction-tester/libmicroros/libmicroros.a(librmw_microxrcedds-utils.c.obj)
                0x1000d004                run_xrce_session
 .text.convert_qos_profile
                0x1000d048       0x28 /home/andrea/pico/pico-reaction-tester/libmicroros/libmicroros.a(librmw_microxrcedds-utils.c.obj)
                0x1000d048                convert_qos_profile
 .text.generate_type_name
                0x1000d070       0x68 /home/andrea/pico/pico-reaction-tester/libmicroros/libmicroros.a(librmw_microxrcedds-utils.c.obj)
                0x1000d070                generate_type_name
 .text.generate_topic_name
                0x1000d0d8       0x38 /home/andrea/pico/pico-reaction-tester/libmicroros/libmicroros.a(librmw_microxrcedds-utils.c.obj)
                0x1000d0d8                generate_topic_name
 .text.is_uxrce_rmw_identifier_valid
                0x1000d110       0x20 /home/andrea/pico/pico-reaction-tester/libmicroros/libmicroros.a(librmw_microxrcedds-utils.c.obj)
                0x1000d110                is_uxrce_rmw_identifier_valid
 .text.get_message_typesupport_handle
                0x1000d130        0x8 /home/andrea/pico/pico-reaction-tester/libmicroros/libmicroros.a(librosidl_runtime_c-message_type_support.c.obj)
                0x1000d130                get_message_typesupport_handle
 .text.get_message_typesupport_handle_function
                0x1000d138       0x18 /home/andrea/pico/pico-reaction-tester/libmicroros/libmicroros.a(librosidl_runtime_c-message_type_support.c.obj)
                0x1000d138                get_message_typesupport_handle_function
 .text.rosidl_typesupport_c__get_message_type_support_handle__std_msgs__msg__Int32
                0x1000d150       0x1c /home/andrea/pico/pico-reaction-tester/libmicroros/libmicroros.a(libstd_msgs__rosidl_typesupport_c-int32__type_support.cpp.obj)
                0x1000d150                rosidl_typesupport_c__get_message_type_support_handle__std_msgs__msg__Int32
 .text.startup._GLOBAL__sub_I_rosidl_typesupport_c__get_message_type_support_handle__std_msgs__msg__Int32
                0x1000d16c       0x14 /home/andrea/pico/pico-reaction-tester/libmicroros/libmicroros.a(libstd_msgs__rosidl_typesupport_c-int32__type_support.cpp.obj)
 .text.std_msgs__msg__Int32__rosidl_typesupport_introspection_c__Int32_init_function
                0x1000d180        0x8 /home/andrea/pico/pico-reaction-tester/libmicroros/libmicroros.a(libstd_msgs__rosidl_typesupport_introspection_c-int32__type_support.c.obj)